******************************************************************************
                  TI ARM Linker Unix v20.2.7                   
******************************************************************************
>> Linked Sun Feb 25 21:51:28 2024

OUTPUT FILE NAME:   <lab4.out>
ENTRY POINT SYMBOL: "_c_int00_noargs"  address: 2000ca21


MEMORY CONFIGURATION

         name            origin    length      used     unused   attr    fill
----------------------  --------  ---------  --------  --------  ----  --------
  SRAM_CODE             20004000   00013000  000095f6  00009a0a  RW X
  SRAM_DATA             20017000   00019000  000092ba  0000fd46  RW X


SEGMENT ALLOCATION MAP

run origin  load origin   length   init length attrs members
----------  ----------- ---------- ----------- ----- -------
20004000    20004000    000095f8   000095f8    r-x
  20004000    20004000    00000400   00000400    r-- .intvecs
  20004400    20004400    00008b8a   00008b8a    r-x .text
  2000cf8c    2000cf8c    00000614   00000614    r-- .const
  2000d5a0    2000d5a0    00000058   00000058    r-- .cinit
20017000    20017000    000082bc   00000000    rw-
  20017000    20017000    00008000   00000000    rw- .sysmem
  2001f000    2001f000    0000021a   00000000    rw- .bss
  2001f21c    2001f21c    000000a0   00000000    rw- .data
2002f000    2002f000    00001000   00000000    rw-
  2002f000    2002f000    00001000   00000000    rw- .stack


SECTION ALLOCATION MAP

 output                                  attributes/
section   page    origin      length       input sections
--------  ----  ----------  ----------   ----------------
.intvecs   0    20004000    00000400     
                  20004000    00000400     startup_ccs.obj (.intvecs)

.init_array 
*          0    20004000    00000000     UNINITIALIZED

.text      0    20004400    00008b8a     
                  20004400    00001320     main.obj (.text)
                  20005720    00000a4e     rtsv7M4_T_le_eabi.lib : _printfi.c.obj (.text:__TI_printfi)
                  2000616e    00000002     driverlib.a : interrupt.obj (.text:IntDefaultHandler)
                  20006170    00000590     simplelink.a : driver.obj (.text:_SlDrvMsgRead)
                  20006700    00000398     gpio_if.obj (.text)
                  20006a98    00000280     simplelink.a : wlan.obj (.text:sl_WlanConnect)
                  20006d18    0000027c     uart_if.obj (.text)
                  20006f94    00000268     rtsv7M4_T_le_eabi.lib : _printfi.c.obj (.text:_pconv_a)
                  200071fc    00000248     simplelink.a : driver.obj (.text:_SlDrvRxHdrRead)
                  20007444    000001e4                  : driver.obj (.text:_SlDrvDataReadOp)
                  20007628    000001d0                  : driver.obj (.text:_SlDrvReleasePoolObj)
                  200077f8    000001cc     rtsv7M4_T_le_eabi.lib : _printfi.c.obj (.text:_pconv_g)
                  200079c4    000001b6                           : fd_add_t2.asm.obj (.text)
                  20007b7a    00000002                           : _lock.c.obj (.text:_nop)
                  20007b7c    000001b4     simplelink.a : driver.obj (.text:_SlDrvDriverCBInit)
                  20007d30    0000019c                  : driver.obj (.text:_SlDrvMsgWrite)
                  20007ecc    00000190                  : driver.obj (.text:_SlDrvWaitForPoolObj)
                  2000805c    0000018c                  : socket.obj (.text:sl_Connect)
                  200081e8    00000178     driverlib.a : prcm.obj (.text:PRCMCC3200MCUInit)
                  20008360    00000170     simplelink.a : driver.obj (.text:_SlFindAndSetActiveObj)
                  200084d0    00000150                  : driver.obj (.text:_SlDrvDataWriteOp)
                  20008620    00000148                  : cc_pal.obj (.text:spi_Open)
                  20008768    00000144                  : driver.obj (.text:_SlDrvMsgReadCmdCtx)
                  200088ac    00000144                  : netapp.obj (.text:sl_NetAppDnsGetHostByName)
                  200089f0    0000013c     rtsv7M4_T_le_eabi.lib : _printfi.c.obj (.text:_pconv_e)
                  20008b2c    00000136                           : fd_div_t2.asm.obj (.text)
                  20008c62    00000002                           : div0.asm.obj (.text)
                  20008c64    00000134     simplelink.a : socket.obj (.text:sl_Send)
                  20008d98    00000130                  : driver.obj (.text:_SlDrvDriverCBDeinit)
                  20008ec8    00000120     rtsv7M4_T_le_eabi.lib : _printfi.c.obj (.text:fcvt)
                  20008fe8    00000104     simplelink.a : netapp.obj (.text:_SlDrvNetAppEventHandler)
                  200090ec    00000100     rtsv7M4_T_le_eabi.lib : memory.c.obj (.text:aligned_alloc)
                  200091ec    000000fc                           : fd_mul_t2.asm.obj (.text)
                  200092e8    000000f0     simplelink.a : device.obj (.text:sl_Start)
                  200093d8    000000f0                  : device.obj (.text:sl_Stop)
                  200094c8    000000f0                  : cc_pal.obj (.text:spi_Read)
                  200095b8    000000f0     driverlib.a : udma.obj (.text:uDMAChannelTransferSet)
                  200096a8    000000e8     simplelink.a : driver.obj (.text:_SlAsyncEventGenericHandler)
                  20009790    000000e8                  : driver.obj (.text:_SlDrvMsgReadSpawnCtx)
                  20009878    000000e4     rtsv7M4_T_le_eabi.lib : memory.c.obj (.text:free)
                  2000995c    000000e4                           : memory.c.obj (.text:realloc)
                  20009a40    000000e4     simplelink.a : netapp.obj (.text:sl_NetAppMDNSRegisterUnregisterService)
                  20009b24    000000dc                  : driver.obj (.text:_SlDrvClassifyRxMsg)
                  20009c00    000000d0     rtsv7M4_T_le_eabi.lib : s_scalbn.c.obj (.text:scalbn)
                  20009cd0    000000cc     simplelink.a : netapp.obj (.text:_sl_HandleAsync_DnsGetHostByService)
                  20009d9c    000000cc                  : device.obj (.text:sl_DevGet)
                  20009e68    000000c4                  : driver.obj (.text:_SlRemoveFromList)
                  20009f2c    000000c0                  : driver.obj (.text:_SlDrvCmdOp)
                  20009fec    000000b1     rtsv7M4_T_le_eabi.lib : _printfi.c.obj (.text:_ltostr)
                  2000a09d    00000003     --HOLE-- [fill = 0]
                  2000a0a0    000000b0     simplelink.a : nonos.obj (.text:_SlNonOsSemGet)
                  2000a150    000000a8     driverlib.a : interrupt.obj (.text:IntDisable)
                  2000a1f8    000000a8                 : interrupt.obj (.text:IntEnable)
                  2000a2a0    000000a4     simplelink.a : driver.obj (.text:_SlDriverHandleError)
                  2000a344    000000a0     driverlib.a : spi.obj (.text:SPIConfigSetExpClk)
                  2000a3e4    000000a0     simplelink.a : socket.obj (.text:sl_Recv)
                  2000a484    0000009c     rtsv7M4_T_le_eabi.lib : memcpy_t2.asm.obj (.text)
                  2000a520    0000009a     simplelink.a : device.obj (.text:_SlDrvDeviceEventHandler)
                  2000a5ba    00000002     --HOLE-- [fill = 0]
                  2000a5bc    00000098                  : device.obj (.text:sl_DevSet)
                  2000a654    00000098                  : netcfg.obj (.text:sl_NetCfgSet)
                  2000a6ec    00000098                  : socket.obj (.text:sl_SetSockOpt)
                  2000a784    00000098                  : wlan.obj (.text:sl_WlanSet)
                  2000a81c    00000098                  : cc_pal.obj (.text:spi_Write)
                  2000a8b4    00000096     rtsv7M4_T_le_eabi.lib : ull_div_t2.asm.obj (.text)
                  2000a94a    00000002     --HOLE-- [fill = 0]
                  2000a94c    00000094     driverlib.a : prcm.obj (.text:PRCMPeripheralClockGet)
                  2000a9e0    00000090     simplelink.a : netapp.obj (.text:_sl_HandleAsync_DnsGetHostByName)
                  2000aa70    00000090                  : netapp.obj (.text:_sl_HandleAsync_PingResponse)
                  2000ab00    00000090                  : wlan.obj (.text:sl_WlanPolicySet)
                  2000ab90    0000008c                  : cc_pal.obj (.text:SetupDMAReceive)
                  2000ac1c    0000008c                  : cc_pal.obj (.text:SetupDMASend)
                  2000aca8    0000008c                  : driver.obj (.text:_SlDrvIsTimeoutExpired)
                  2000ad34    0000008c                  : device.obj (.text:_sl_HandleAsync_InitComplete)
                  2000adc0    0000008c                  : socket.obj (.text:sl_Socket)
                  2000ae4c    00000088     driverlib.a : pin.obj (.text:PinConfigSet)
                  2000aed4    00000086     rtsv7M4_T_le_eabi.lib : fd_cmp_t2.asm.obj (.text:__aeabi_cdcmple)
                  2000af5a    00000086                           : fd_cmp_t2.asm.obj (.text:__aeabi_cdrcmple)
                  2000afe0    00000084     simplelink.a : cc_pal.obj (.text:NwpPowerOnPreamble)
                  2000b064    00000084                  : wlan.obj (.text:sl_WlanRxFilterSet)
                  2000b0e8    00000082     driverlib.a : gpio.obj (.text:GPIOIntTypeSet)
                  2000b16a    00000002     --HOLE-- [fill = 0]
                  2000b16c    00000080     simplelink.a : socket.obj (.text:_sl_HandleAsync_Connect)
                  2000b1ec    00000080                  : cc_pal.obj (.text:spi_Read_CPU)
                  2000b26c    00000080                  : cc_pal.obj (.text:spi_Write_CPU)
                  2000b2ec    0000007a     rtsv7M4_T_le_eabi.lib : memset_t2.asm.obj (.text)
                  2000b366    00000002     --HOLE-- [fill = 0]
                  2000b368    00000078     simplelink.a : cc_pal.obj (.text:spi_Close)
                  2000b3e0    00000076     driverlib.a : uart.obj (.text:UARTConfigSetExpClk)
                  2000b456    00000002     --HOLE-- [fill = 0]
                  2000b458    00000074     simplelink.a : nonos.obj (.text:_SlNonOsMainLoopTask)
                  2000b4cc    00000070     rtsv7M4_T_le_eabi.lib : memory.c.obj (.text:split)
                  2000b53c    0000006e                           : _printfi.c.obj (.text:_mcpy)
                  2000b5aa    00000002     --HOLE-- [fill = 0]
                  2000b5ac    0000006c     simplelink.a : driver.obj (.text:_SlDrvCmdSend)
                  2000b618    0000006c                  : netapp.obj (.text:_sl_NetAppSendTokenValue)
                  2000b684    00000068     rtsv7M4_T_le_eabi.lib : copy_decompress_lzss.c.obj (.text:decompress:lzss:__TI_decompress_lzss)
                  2000b6ec    00000064     simplelink.a : nonos.obj (.text:_SlNonOsSpawn)
                  2000b750    00000064                  : socket.obj (.text:_sl_HandleAsync_Accept)
                  2000b7b4    00000064                  : netapp.obj (.text:sl_NetAppMDNSUnRegisterService)
                  2000b818    00000064     driverlib.a : udma.obj (.text:uDMAChannelAttributeDisable)
                  2000b87c    00000064                 : udma.obj (.text:uDMAChannelAttributeEnable)
                  2000b8e0    00000060     simplelink.a : socket.obj (.text:sl_Close)
                  2000b940    00000060                  : wlan.obj (.text:sl_WlanProfileDel)
                  2000b9a0    00000060                  : wlan.obj (.text:sl_WlanSetMode)
                  2000ba00    0000005c     rtsv7M4_T_le_eabi.lib : s_frexp.c.obj (.text:frexp)
                  2000ba5c    00000058     driverlib.a : interrupt.obj (.text:IntPendClear)
                  2000bab4    00000058                 : prcm.obj (.text:PRCMPeripheralReset)
                  2000bb0c    00000058     pinmux.obj (.text)
                  2000bb64    00000056     rtsv7M4_T_le_eabi.lib : _printfi.c.obj (.text:_pconv_f)
                  2000bbba    00000002     --HOLE-- [fill = 0]
                  2000bbbc    00000054     driverlib.a : interrupt.obj (.text:IntPrioritySet)
                  2000bc10    00000054     simplelink.a : driver.obj (.text:_SlDrvRxIrqHandler)
                  2000bc64    00000054     rtsv7M4_T_le_eabi.lib : _ltoa.c.obj (.text:__TI_ltoa)
                  2000bcb8    00000054     simplelink.a : socket.obj (.text:_sl_HandleAsync_Select)
                  2000bd0c    00000052     rtsv7M4_T_le_eabi.lib : _printfi.c.obj (.text:_ecpy)
                  2000bd5e    00000002     --HOLE-- [fill = 0]
                  2000bd60    00000050     simplelink.a : device.obj (.text:_sl_HandleAsync_Stop)
                  2000bdb0    0000004c     driverlib.a : spi.obj (.text:SPIIntEnable)
                  2000bdfc    0000004c                 : spi.obj (.text:SPIIntNumberGet)
                  2000be48    0000004c     simplelink.a : driver.obj (.text:_SlDrvProtectAsyncRespSetting)
                  2000be94    0000004c                  : socket.obj (.text:_sl_BuildAddress)
                  2000bee0    0000004c     rtsv7M4_T_le_eabi.lib : atoi.c.obj (.text:atoi)
                  2000bf2c    0000004c     driverlib.a : udma.obj (.text:uDMAChannelAssign)
                  2000bf78    00000048                 : gpio.obj (.text:GPIOGetIntNumber)
                  2000bfc0    00000048                 : spi.obj (.text:SPIIntClear)
                  2000c008    00000048     simplelink.a : driver.obj (.text:_SlDrvBasicCmd)
                  2000c050    00000048     rtsv7M4_T_le_eabi.lib : fd_toi_t2.asm.obj (.text)
                  2000c098    00000044     driverlib.a : spi.obj (.text:SPIDmaMaskGet)
                  2000c0dc    00000044                 : timer.obj (.text:TimerConfigure)
                  2000c120    00000044     simplelink.a : driver.obj (.text:_SlDrvHandleHttpServerEvents)
                  2000c164    00000044                  : driver.obj (.text:_SlDrvSyncObjWaitTimeout)
                  2000c1a8    00000044     rtsv7M4_T_le_eabi.lib : autoinit.c.obj (.text:__TI_auto_init_nobinit_nopinit:__TI_auto_init_nobinit_nopinit)
                  2000c1ec    00000044     simplelink.a : cc_pal.obj (.text:cc_SetupTransfer)
                  2000c230    00000042                  : socket.obj (.text:sl_Htonl)
                  2000c272    00000002     --HOLE-- [fill = 0]
                  2000c274    00000040     driverlib.a : pin.obj (.text:PinModeSet)
                  2000c2b4    00000040     simplelink.a : driver.obj (.text:_SlDrvHandleNetAppEvents)
                  2000c2f4    00000040                  : driver.obj (.text:_SlDrvHandleWlanEvents)
                  2000c334    00000040                  : socket.obj (.text:_sl_TruncatePayloadByProtocol)
                  2000c374    00000040     rtsv7M4_T_le_eabi.lib : sprintf.c.obj (.text:sprintf)
                  2000c3b4    00000040                           : vsnprintf.c.obj (.text:vsnprintf)
                  2000c3f4    0000003e     simplelink.a : cc_pal.obj (.text:NwpRegisterInterruptHandler)
                  2000c432    0000003e     rtsv7M4_T_le_eabi.lib : _printfi.c.obj (.text:_fcpy)
                  2000c470    0000003c     simplelink.a : netapp.obj (.text:CopyPingResultsToReport)
                  2000c4ac    0000003c     driverlib.a : prcm.obj (.text:PRCMPeripheralClkEnable)
                  2000c4e8    0000003c     simplelink.a : cc_pal.obj (.text:simplelink_timerA2_start)
                  2000c524    0000003c                  : socket.obj (.text:sl_Htons)
                  2000c560    0000003c     driverlib.a : udma.obj (.text:uDMAChannelControlSet)
                  2000c59c    00000038     simplelink.a : cc_pal.obj (.text:NwpPowerOff)
                  2000c5d4    00000038                  : wlan.obj (.text:sl_WlanDisconnect)
                  2000c60c    00000036     driverlib.a : gpio.obj (.text:GPIODirModeSet)
                  2000c642    00000002     --HOLE-- [fill = 0]
                  2000c644    00000034     simplelink.a : cc_pal.obj (.text:NwpPowerOn)
                  2000c678    00000034     driverlib.a : prcm.obj (.text:PRCMPeripheralStatusGet)
                  2000c6ac    00000034                 : spi.obj (.text:SPIFIFOLevelSet)
                  2000c6e0    00000030                 : pin.obj (.text:PinTypeGPIO)
                  2000c710    00000030                 : uart.obj (.text:UARTDisable)
                  2000c740    00000030     rtsv7M4_T_le_eabi.lib : vsnprintf.c.obj (.text:_outs)
                  2000c770    0000002e                           : i_tofd_t2.asm.obj (.text)
                  2000c79e    00000002     --HOLE-- [fill = 0]
                  2000c7a0    0000002c     driverlib.a : prcm.obj (.text:PRCMSysResetCauseGet)
                  2000c7cc    0000002c     simplelink.a : driver.obj (.text:_SlDrvObjGlobalLockWaitForever)
                  2000c7f8    0000002c                  : driver.obj (.text:_SlDrvProtectionObjLockWaitForever)
                  2000c824    0000002a     driverlib.a : timer.obj (.text:TimerLoadSet)
                  2000c84e    0000002a                 : timer.obj (.text:TimerPrescaleSet)
                  2000c878    00000028                 : prcm.obj (.text:PRCMPeripheralClkDisable)
                  2000c8a0    00000028     simplelink.a : driver.obj (.text:_SlDrvGlobalObjUnLock)
                  2000c8c8    00000028                  : driver.obj (.text:_SlDrvProtectionObjUnLock)
                  2000c8f0    00000028                  : driver.obj (.text:_SlDrvSyncObjWaitForever)
                  2000c918    00000028     rtsv7M4_T_le_eabi.lib : memory.c.obj (.text:free_list_insert)
                  2000c940    00000028                           : memmov.c.obj (.text:memmove)
                  2000c968    00000026     simplelink.a : driver.obj (.text:_SlDrvObjLockWaitForever)
                  2000c98e    00000026     network_common.obj (.text)
                  2000c9b4    00000024     simplelink.a : cc_pal.obj (.text:DmaSpiSwIntHandler)
                  2000c9d8    00000024     driverlib.a : interrupt.obj (.text:IntUnregister)
                  2000c9fc    00000024                 : uart.obj (.text:UARTEnable)
                  2000ca20    00000024     rtsv7M4_T_le_eabi.lib : boot_cortex_m.c.obj (.text:_c_int00_noargs:_c_int00_noargs)
                  2000ca44    00000022     driverlib.a : spi.obj (.text:SPIReset)
                  2000ca66    00000022                 : spi.obj (.text:SPIWordCountSet)
                  2000ca88    00000020                 : gpio.obj (.text:GPIOPinWrite)
                  2000caa8    00000020                 : interrupt.obj (.text:IntRegister)
                  2000cac8    00000020     simplelink.a : cc_pal.obj (.text:NwpPrePowerOffTimout0)
                  2000cae8    00000020                  : cc_pal.obj (.text:TimerGetCurrentTimestamp)
                  2000cb08    00000020                  : driver.obj (.text:_SlDrvObjUnLock)
                  2000cb28    00000020                  : driver.obj (.text:_SlDrvSyncObjSignal)
                  2000cb48    0000001e     driverlib.a : gpio.obj (.text:GPIOIntRegister)
                  2000cb66    0000001e                 : timer.obj (.text:TimerEnable)
                  2000cb84    0000001e                 : uart.obj (.text:UARTCharPut)
                  2000cba2    0000001e     simplelink.a : cc_pal.obj (.text:cc_UDMAChannelSelect)
                  2000cbc0    0000001c     driverlib.a : timer.obj (.text:TimerValueGet)
                  2000cbdc    0000001c                 : uart.obj (.text:UARTCharGetNonBlocking)
                  2000cbf8    0000001c     simplelink.a : driver.obj (.text:_SlDrvStartMeasureTimeout)
                  2000cc14    0000001c     rtsv7M4_T_le_eabi.lib : copy_zero_init.c.obj (.text:decompress:ZI:__TI_zero_init_nomemset:__TI_zero_init_nomemset)
                  2000cc30    0000001c                           : memory.c.obj (.text:free_list_remove)
                  2000cc4c    0000001c                           : memccpy.c.obj (.text:memccpy)
                  2000cc68    0000001c     driverlib.a : udma.obj (.text:uDMAChannelEnable)
                  2000cc84    0000001a                 : gpio.obj (.text:GPIOIntEnable)
                  2000cc9e    0000001a                 : pin.obj (.text:PinTypeUART)
                  2000ccb8    0000001a                 : spi.obj (.text:SPIDmaDisable)
                  2000ccd2    0000001a                 : spi.obj (.text:SPIDmaEnable)
                  2000ccec    0000001a                 : spi.obj (.text:SPIFIFODisable)
                  2000cd06    0000001a                 : spi.obj (.text:SPIFIFOEnable)
                  2000cd20    0000001a                 : spi.obj (.text:SPIIntUnregister)
                  2000cd3a    00000018                 : gpio.obj (.text:GPIOPinRead)
                  2000cd52    00000018                 : spi.obj (.text:SPICSDisable)
                  2000cd6a    00000018                 : spi.obj (.text:SPICSEnable)
                  2000cd82    00000018                 : spi.obj (.text:SPIDisable)
                  2000cd9a    00000018                 : spi.obj (.text:SPIEnable)
                  2000cdb2    00000018                 : uart.obj (.text:UARTCharsAvail)
                  2000cdca    00000018     simplelink.a : nonos.obj (.text:_SlNonOsSemSet)
                  2000cde2    00000018     rtsv7M4_T_le_eabi.lib : vsnprintf.c.obj (.text:_outc)
                  2000cdfa    00000018                           : sprintf.c.obj (.text:_outs)
                  2000ce12    00000002     --HOLE-- [fill = 0]
                  2000ce14    00000018     simplelink.a : device.obj (.text:_sl_GetStartResponseConvert)
                  2000ce2c    00000016     driverlib.a : prcm.obj (.text:PRCMHIBRegRead)
                  2000ce42    00000016                 : prcm.obj (.text:PRCMHIBRegWrite)
                  2000ce58    00000016     simplelink.a : driver.obj (.text:_SlDrvMemZero)
                  2000ce6e    00000016     rtsv7M4_T_le_eabi.lib : strchr.c.obj (.text:strchr)
                  2000ce84    00000014     driverlib.a : cpu.obj (.text:CPUcpsie)
                  2000ce98    00000014                 : gpio.obj (.text:GPIOIntClear)
                  2000ceac    00000014                 : interrupt.obj (.text:IntVTableBaseSet)
                  2000cec0    00000014     rtsv7M4_T_le_eabi.lib : strcpy.c.obj (.text:strcpy)
                  2000ced4    00000014                           : strlen.c.obj (.text:strlen)
                  2000cee8    00000012                           : wcslen.c.obj (.text:wcslen)
                  2000cefa    00000010     simplelink.a : driver.obj (.text:_SlDrvDispatchHttpServerEvents)
                  2000cf0a    0000000e                  : driver.obj (.text:_SlDrvResetCmdExt)
                  2000cf18    0000000e     rtsv7M4_T_le_eabi.lib : copy_decompress_none.c.obj (.text:decompress:none:__TI_decompress_none)
                  2000cf26    0000000e     startup_ccs.obj (.text)
                  2000cf34    0000000c     simplelink.a : cc_pal.obj (.text:NwpMaskInterrupt)
                  2000cf40    0000000c                  : cc_pal.obj (.text:NwpUnMaskInterrupt)
                  2000cf4c    0000000c     rtsv7M4_T_le_eabi.lib : s_copysign.c.obj (.text:copysign)
                  2000cf58    0000000a     driverlib.a : interrupt.obj (.text:IntMasterEnable)
                  2000cf62    0000000a     rtsv7M4_T_le_eabi.lib : sprintf.c.obj (.text:_outc)
                  2000cf6c    00000008                           : errno.c.obj (.text:__aeabi_errno_addr)
                  2000cf74    00000008                           : memory.c.obj (.text:malloc)
                  2000cf7c    00000006     driverlib.a : utils.obj (.text:UtilsDelay)
                  2000cf82    00000004     rtsv7M4_T_le_eabi.lib : pre_init.c.obj (.text:_system_pre_init)
                  2000cf86    00000004                           : exit.c.obj (.text:abort:abort)

.const     0    2000cf8c    00000614     
                  2000cf8c    00000101     rtsv7M4_T_le_eabi.lib : ctype.c.obj (.const:.string:_ctypes_)
                  2000d08d    00000003     --HOLE-- [fill = 0]
                  2000d090    00000100     driverlib.a : pin.obj (.const:g_ulPinToPadMap)
                  2000d190    000000d4                 : interrupt.obj (.const:g_pulRegs)
                  2000d264    000000a8                 : prcm.obj (.const:PRCM_PeriphRegsList)
                  2000d30c    0000003c     simplelink.a : driver.obj (.const:OpcodeTranslateTable)
                  2000d348    00000038                  : driver.obj (.const:_SlActionLookupTable)
                  2000d380    0000002e     main.obj (.const:.string)
                  2000d3ae    00000002     --HOLE-- [fill = 0]
                  2000d3b0    0000002c     main.obj (.const:$P$T1$2)
                  2000d3dc    00000024     driverlib.a : spi.obj (.const:g_ppulSPIIntMap)
                  2000d400    00000022     main.obj (.const:.string:$P$T0$1)
                  2000d422    00000002     --HOLE-- [fill = 0]
                  2000d424    00000020     simplelink.a : driver.obj (.const:RxMsgClassLUT)
                  2000d444    00000018     driverlib.a : interrupt.obj (.const:g_pulDisRegs)
                  2000d45c    00000018                 : interrupt.obj (.const:g_pulEnRegs)
                  2000d474    00000018                 : interrupt.obj (.const:g_pulUnpendRegs)
                  2000d48c    00000018                 : spi.obj (.const:g_ulSPIDmaMaskMap)
                  2000d4a4    00000015     main.obj (.const:.string:$P$T6$7)
                  2000d4b9    00000003     --HOLE-- [fill = 0]
                  2000d4bc    00000014     simplelink.a : driver.obj (.const:$P$T0$1)
                  2000d4d0    00000014                  : nonos.obj (.const:$P$T0$1)
                  2000d4e4    00000014     main.obj (.const:$P$T2$3)
                  2000d4f8    00000010     simplelink.a : socket.obj (.const:.string:_SlPayloadByProtocolLUT)
                  2000d508    0000000c     main.obj (.const:$P$T4$5)
                  2000d514    0000000c     main.obj (.const:.string:$P$T3$4)
                  2000d520    00000009     main.obj (.const:.string:$P$T5$6)
                  2000d529    00000008     simplelink.a : device.obj (.const:StartResponseLUT)
                  2000d531    00000003     --HOLE-- [fill = 0]
                  2000d534    00000008                  : driver.obj (.const:g_H2NCnysPattern)
                  2000d53c    00000008                  : driver.obj (.const:g_H2NSyncPattern)
                  2000d544    00000005     main.obj (.const:.string:$P$T7$8)
                  2000d549    00000001     --HOLE-- [fill = 0]
                  2000d54a    00000004     simplelink.a : wlan.obj (.const:$P$T0$1)
                  2000d54e    00000004                  : socket.obj (.const:$P$T2$3)
                  2000d552    00000004                  : device.obj (.const:_SlDeviceGetCmdCtrl)
                  2000d556    00000004                  : device.obj (.const:_SlDeviceSetCmdCtrl)
                  2000d55a    00000004                  : netapp.obj (.const:_SlGetHostByNameCtrl)
                  2000d55e    00000004                  : netapp.obj (.const:_SlNetAppSendTokenValueCmdCtrl)
                  2000d562    00000004                  : netcfg.obj (.const:_SlNetCfgSetCmdCtrl)
                  2000d566    00000004                  : wlan.obj (.const:_SlPolicySetCmdCtrl)
                  2000d56a    00000004                  : wlan.obj (.const:_SlProfileDelCmdCtrl)
                  2000d56e    00000004                  : socket.obj (.const:_SlRecvCmdCtrl)
                  2000d572    00000004                  : netapp.obj (.const:_SlRegisterServiceCtrl)
                  2000d576    00000004                  : wlan.obj (.const:_SlRxFilterSetCmdCtrl)
                  2000d57a    00000004                  : socket.obj (.const:_SlSendCmdCtrl)
                  2000d57e    00000004                  : socket.obj (.const:_SlSetSockOptCmdCtrl)
                  2000d582    00000004                  : socket.obj (.const:_SlSockCloseCmdCtrl)
                  2000d586    00000004                  : socket.obj (.const:_SlSockSocketCmdCtrl)
                  2000d58a    00000004                  : device.obj (.const:_SlStopCmdCtrl)
                  2000d58e    00000004                  : wlan.obj (.const:_SlWlanCfgSetCmdCtrl)
                  2000d592    00000004                  : wlan.obj (.const:_SlWlanSetModeCmdCtrl)
                  2000d596    00000002     --HOLE-- [fill = 0]
                  2000d598    00000004                  : driver.obj (.const:httpServer_callbacks)
                  2000d59c    00000004                  : driver.obj (.const:netApp_callbacks)

.cinit     0    2000d5a0    00000058     
                  2000d5a0    00000033     (.cinit..data.load) [load image, compression = lzss]
                  2000d5d3    00000001     --HOLE-- [fill = 0]
                  2000d5d4    0000000c     (__TI_handler_table)
                  2000d5e0    00000008     (.cinit..bss.load) [load image, compression = zero_init]
                  2000d5e8    00000010     (__TI_cinit_table)

.sysmem    0    20017000    00008000     UNINITIALIZED
                  20017000    00000010     rtsv7M4_T_le_eabi.lib : memory.c.obj (.sysmem)
                  20017010    00007ff0     --HOLE--

.bss       0    2001f000    0000021a     UNINITIALIZED
                  2001f000    00000168     simplelink.a : driver.obj (.bss:g_StatMem)
                  2001f168    00000050     (.common:g_ucDinDout)
                  2001f1b8    0000002c     (.common:g_time)
                  2001f1e4    00000024     (.common:g_ucConnectionSSID)
                  2001f208    00000008     (.common:g_ucConnectionBSSID)
                  2001f210    00000004     uart_if.obj (.bss)
                  2001f214    00000001     (.common:RxIrqCnt)
                  2001f215    00000001     (.common:g_bDeviceRestartIsRequired)
                  2001f216    00000001     (.common:g_cDummy)
                  2001f217    00000001     (.common:g_ucLED1Pin)
                  2001f218    00000001     (.common:g_ucLED2Pin)
                  2001f219    00000001     (.common:g_ucLED3Pin)

.data      0    2001f21c    000000a0     UNINITIALIZED
                  2001f21c    0000003c     simplelink.a : nonos.obj (.data:g__SlNonOsCB)
                  2001f258    00000014     gpio_if.obj (.data:ulReg)
                  2001f26c    00000010     main.obj (.data)
                  2001f27c    0000000d     simplelink.a : driver.obj (.data)
                  2001f289    00000003     --HOLE--
                  2001f28c    0000000c     gpio_if.obj (.data)
                  2001f298    00000009     simplelink.a : cc_pal.obj (.data)
                  2001f2a1    00000003     --HOLE--
                  2001f2a4    00000008     rtsv7M4_T_le_eabi.lib : _lock.c.obj (.data:$O1$$)
                  2001f2ac    00000008                           : memory.c.obj (.data:$O1$$)
                  2001f2b4    00000004                           : errno.c.obj (.data)
                  2001f2b8    00000004     simplelink.a : driver.obj (.data:wlan_callbacks)

.stack     0    2002f000    00001000     UNINITIALIZED
                  2002f000    00000004     rtsv7M4_T_le_eabi.lib : boot_cortex_m.c.obj (.stack)
                  2002f004    00000ffc     --HOLE--

__llvm_prf_cnts 
*          0    20017000    00000000     UNINITIALIZED

MODULE SUMMARY

       Module                       code    ro data   rw data
       ------                       ----    -------   -------
    ./
       main.obj                     4896    203       104    
       startup_ccs.obj              14      1024      0      
       gpio_if.obj                  920     0         35     
       uart_if.obj                  636     0         4      
       pinmux.obj                   88      0         0      
       network_common.obj           38      0         0      
    +--+----------------------------+-------+---------+---------+
       Total:                       6592    1227      143    
                                                             
    /Applications/TI/ccs/tools/compiler/ti-cgt-arm_20.2.7.LTS/lib/rtsv7M4_T_le_eabi.lib
       _printfi.c.obj               4835    0         0      
       memory.c.obj                 900     0         8      
       fd_add_t2.asm.obj            438     0         0      
       fd_div_t2.asm.obj            310     0         0      
       fd_cmp_t2.asm.obj            268     0         0      
       ctype.c.obj                  0       257       0      
       fd_mul_t2.asm.obj            252     0         0      
       s_scalbn.c.obj               208     0         0      
       memcpy_t2.asm.obj            156     0         0      
       ull_div_t2.asm.obj           150     0         0      
       vsnprintf.c.obj              136     0         0      
       memset_t2.asm.obj            122     0         0      
       copy_decompress_lzss.c.obj   104     0         0      
       sprintf.c.obj                98      0         0      
       s_frexp.c.obj                92      0         0      
       _ltoa.c.obj                  84      0         0      
       atoi.c.obj                   76      0         0      
       fd_toi_t2.asm.obj            72      0         0      
       autoinit.c.obj               68      0         0      
       i_tofd_t2.asm.obj            46      0         0      
       memmov.c.obj                 40      0         0      
       boot_cortex_m.c.obj          36      0         0      
       copy_zero_init.c.obj         28      0         0      
       memccpy.c.obj                28      0         0      
       strchr.c.obj                 22      0         0      
       strcpy.c.obj                 20      0         0      
       strlen.c.obj                 20      0         0      
       wcslen.c.obj                 18      0         0      
       copy_decompress_none.c.obj   14      0         0      
       errno.c.obj                  8       0         4      
       s_copysign.c.obj             12      0         0      
       _lock.c.obj                  2       0         8      
       exit.c.obj                   4       0         0      
       pre_init.c.obj               4       0         0      
       div0.asm.obj                 2       0         0      
    +--+----------------------------+-------+---------+---------+
       Total:                       8673    257       20     
                                                             
    /Applications/TI/lib/cc3200sdk_1.5.0/cc3200-sdk/driverlib/ccs/Release/driverlib.a
       prcm.obj                     852     168       0      
       interrupt.obj                608     284       0      
       spi.obj                      798     60        0      
       udma.obj                     604     0         0      
       pin.obj                      274     256       0      
       gpio.obj                     388     0         0      
       uart.obj                     284     0         0      
       timer.obj                    210     0         0      
       cpu.obj                      20      0         0      
       utils.obj                    6       0         0      
    +--+----------------------------+-------+---------+---------+
       Total:                       4044    768       0      
                                                             
    /Applications/TI/lib/cc3200sdk_1.5.0/cc3200-sdk/simplelink/ccs/NON_OS_debug/simplelink.a
       driver.obj                   7906    192       379    
       cc_pal.obj                   1960    0         90     
       socket.obj                   1830    40        0      
       netapp.obj                   1572    12        0      
       wlan.obj                     1316    24        0      
       device.obj                   1234    20        0      
       nonos.obj                    416     20        60     
       netcfg.obj                   152     4         0      
    +--+----------------------------+-------+---------+---------+
       Total:                       16386   312       529    
                                                             
       Heap:                        0       0         32768  
       Stack:                       0       0         4096   
       Linker Generated:            0       87        0      
    +--+----------------------------+-------+---------+---------+
       Grand Total:                 35695   2651      37556  


LINKER GENERATED COPY TABLES

__TI_cinit_table @ 2000d5e8 records: 2, size/record: 8, table size: 16
	.data: load addr=2000d5a0, load size=00000033 bytes, run addr=2001f21c, run size=000000a0 bytes, compression=lzss
	.bss: load addr=2000d5e0, load size=00000008 bytes, run addr=2001f000, run size=0000021a bytes, compression=zero_init


LINKER GENERATED HANDLER TABLE

__TI_handler_table @ 2000d5d4 records: 3, size/record: 4, table size: 12
	index: 0, handler: __TI_decompress_lzss
	index: 1, handler: __TI_decompress_none
	index: 2, handler: __TI_zero_init


GLOBAL SYMBOLS: SORTED ALPHABETICALLY BY Name 

address   name                                  
-------   ----                                  
2000cf87  C$$EXIT                               
2000ce85  CPUcpsie                              
20006d59  ClearTerm                             
2000c9b5  DmaSpiSwIntHandler                    
20006d63  Error                                 
2000c60d  GPIODirModeSet                        
2000ce99  GPIOIntClear                          
2000cc85  GPIOIntEnable                         
2000cb49  GPIOIntRegister                       
2000b0e9  GPIOIntTypeSet                        
2000cd3b  GPIOPinRead                           
2000ca89  GPIOPinWrite                          
200069c1  GPIO_IF_ConfigureNIntEnable           
20006a4d  GPIO_IF_Get                           
2000697b  GPIO_IF_GetPortNPin                   
2000673d  GPIO_IF_LedConfigure                  
2000682f  GPIO_IF_LedOff                        
2000677b  GPIO_IF_LedOn                         
200068e3  GPIO_IF_LedStatus                     
2000694d  GPIO_IF_LedToggle                     
20006a09  GPIO_IF_Set                           
20006d9b  GetCmd                                
20006d19  InitTerm                              
2000a151  IntDisable                            
2000a1f9  IntEnable                             
2000cf59  IntMasterEnable                       
2000ba5d  IntPendClear                          
2000bbbd  IntPrioritySet                        
2000caa9  IntRegister                           
2000c9d9  IntUnregister                         
2000cead  IntVTableBaseSet                      
20006d37  Message                               
2000cf35  NwpMaskInterrupt                      
2000c59d  NwpPowerOff                           
2000c645  NwpPowerOn                            
2000afe1  NwpPowerOnPreamble                    
2000cac9  NwpPrePowerOffTimout0                 
2000c3f5  NwpRegisterInterruptHandler           
2000cf41  NwpUnMaskInterrupt                    
2000d30c  OpcodeTranslateTable                  
200081e9  PRCMCC3200MCUInit                     
2000ce2d  PRCMHIBRegRead                        
2000ce43  PRCMHIBRegWrite                       
2000c879  PRCMPeripheralClkDisable              
2000c4ad  PRCMPeripheralClkEnable               
2000a94d  PRCMPeripheralClockGet                
2000bab5  PRCMPeripheralReset                   
2000c679  PRCMPeripheralStatusGet               
2000c7a1  PRCMSysResetCauseGet                  
2000ae4d  PinConfigSet                          
2000c275  PinModeSet                            
2000bb0d  PinMuxConfig                          
2000c6e1  PinTypeGPIO                           
2000cc9f  PinTypeUART                           
20006ed9  Report                                
2000cf27  ResetISR                              
2001f214  RxIrqCnt                              
2000cd53  SPICSDisable                          
2000cd6b  SPICSEnable                           
2000a345  SPIConfigSetExpClk                    
2000cd83  SPIDisable                            
2000ccb9  SPIDmaDisable                         
2000ccd3  SPIDmaEnable                          
2000cd9b  SPIEnable                             
2000cced  SPIFIFODisable                        
2000cd07  SPIFIFOEnable                         
2000c6ad  SPIFIFOLevelSet                       
2000bfc1  SPIIntClear                           
2000bdb1  SPIIntEnable                          
2000cd21  SPIIntUnregister                      
2000ca45  SPIReset                              
2000ca67  SPIWordCountSet                       
200045d5  SimpleLinkGeneralEventHandler         
200045b1  SimpleLinkHttpServerCallback          
2000450f  SimpleLinkNetAppEventHandler          
200045f5  SimpleLinkSockEventHandler            
20004401  SimpleLinkWlanEventHandler            
2000c0dd  TimerConfigure                        
2000cb67  TimerEnable                           
2000cae9  TimerGetCurrentTimestamp              
2000c825  TimerLoadSet                          
2000c84f  TimerPrescaleSet                      
2000cbc1  TimerValueGet                         
20006e41  TrimSpace                             
2000cbdd  UARTCharGetNonBlocking                
2000cb85  UARTCharPut                           
2000cdb3  UARTCharsAvail                        
2000b3e1  UARTConfigSetExpClk                   
2000c711  UARTDisable                           
2000c9fd  UARTEnable                            
2000cf7d  UtilsDelay                            
2000d348  _SlActionLookupTable                  
2000a2a1  _SlDriverHandleError                  
2000c009  _SlDrvBasicCmd                        
20009f2d  _SlDrvCmdOp                           
2000b5ad  _SlDrvCmdSend                         
20007445  _SlDrvDataReadOp                      
200084d1  _SlDrvDataWriteOp                     
2000a521  _SlDrvDeviceEventHandler              
2000cefb  _SlDrvDispatchHttpServerEvents        
20008d99  _SlDrvDriverCBDeinit                  
20007b7d  _SlDrvDriverCBInit                    
2000c8a1  _SlDrvGlobalObjUnLock                 
2000c121  _SlDrvHandleHttpServerEvents          
2000c2b5  _SlDrvHandleNetAppEvents              
2000c2f5  _SlDrvHandleWlanEvents                
2000aca9  _SlDrvIsTimeoutExpired                
2000ce59  _SlDrvMemZero                         
20009791  _SlDrvMsgReadSpawnCtx                 
20008fe9  _SlDrvNetAppEventHandler              
2000c969  _SlDrvObjLockWaitForever              
2000cb09  _SlDrvObjUnLock                       
2000be49  _SlDrvProtectAsyncRespSetting         
2000c7f9  _SlDrvProtectionObjLockWaitForever    
2000c8c9  _SlDrvProtectionObjUnLock             
20007629  _SlDrvReleasePoolObj                  
2000cf0b  _SlDrvResetCmdExt                     
2000bc11  _SlDrvRxIrqHandler                    
2000cbf9  _SlDrvStartMeasureTimeout             
2000cb29  _SlDrvSyncObjSignal                   
2000c8f1  _SlDrvSyncObjWaitForever              
2000c165  _SlDrvSyncObjWaitTimeout              
20007ecd  _SlDrvWaitForPoolObj                  
2000d55e  _SlNetAppSendTokenValueCmdCtrl        
2000b459  _SlNonOsMainLoopTask                  
2000a0a1  _SlNonOsSemGet                        
2000cdcb  _SlNonOsSemSet                        
2000b6ed  _SlNonOsSpawn                         
20030000  __STACK_END                           
00001000  __STACK_SIZE                          
00008000  __SYSMEM_SIZE                         
2000d5e8  __TI_CINIT_Base                       
2000d5f8  __TI_CINIT_Limit                      
2000d5d4  __TI_Handler_Table_Base               
2000d5e0  __TI_Handler_Table_Limit              
2000c1a9  __TI_auto_init_nobinit_nopinit        
2000b685  __TI_decompress_lzss                  
2000cf19  __TI_decompress_none                  
2000bc65  __TI_ltoa                             
ffffffff  __TI_pprof_out_hndl                   
20005721  __TI_printfi                          
ffffffff  __TI_prof_data_size                   
ffffffff  __TI_prof_data_start                  
2000d5a0  __TI_static_base__                    
2000cc15  __TI_zero_init_nomemset               
2000aed5  __aeabi_cdcmpeq                       
2000aed5  __aeabi_cdcmple                       
2000af5b  __aeabi_cdrcmple                      
2000c051  __aeabi_d2iz                          
200079cf  __aeabi_dadd                          
20008b2d  __aeabi_ddiv                          
200091ed  __aeabi_dmul                          
200079c5  __aeabi_dsub                          
2000cf6d  __aeabi_errno_addr                    
2000c771  __aeabi_i2d                           
20008c63  __aeabi_idiv0                         
20008c63  __aeabi_ldiv0                         
2000b2ed  __aeabi_memclr                        
2000b2ed  __aeabi_memclr4                       
2000b2ed  __aeabi_memclr8                       
2000a485  __aeabi_memcpy                        
2000a485  __aeabi_memcpy4                       
2000a485  __aeabi_memcpy8                       
2000b2ef  __aeabi_memset                        
2000b2ef  __aeabi_memset4                       
2000b2ef  __aeabi_memset8                       
2000a8b5  __aeabi_uldivmod                      
ffffffff  __binit__                             
ffffffff  __c_args__                            
UNDEFED   __mpu_init                            
2002f000  __stack                               
20017000  __start___llvm_prf_cnts               
20017000  __stop___llvm_prf_cnts                
2000ca21  _c_int00_noargs                       
2000cf8c  _ctypes_                              
2001f2a4  _lock                                 
20007b7b  _nop                                  
2000b751  _sl_HandleAsync_Accept                
2000b16d  _sl_HandleAsync_Connect               
2000a9e1  _sl_HandleAsync_DnsGetHostByName      
20009cd1  _sl_HandleAsync_DnsGetHostByService   
2000ad35  _sl_HandleAsync_InitComplete          
2000aa71  _sl_HandleAsync_PingResponse          
2000bcb9  _sl_HandleAsync_Select                
2000bd61  _sl_HandleAsync_Stop                  
2000b619  _sl_NetAppSendTokenValue              
20017000  _sys_memory                           
UNDEFED   _system_post_cinit                    
2000cf83  _system_pre_init                      
2001f2a8  _unlock                               
2000cf87  abort                                 
200090ed  aligned_alloc                         
2000bee1  atoi                                  
ffffffff  binit                                 
2000cf4d  copysign                              
2000cf4d  copysignl                             
2001f2b4  errno                                 
20009879  free                                  
2000ba01  frexp                                 
2000ba01  frexpl                                
2001f278  g_Host                                
2001f27c  g_SlDeviceStatus                      
2001f298  g_SpiFd                               
2001f21c  g__SlNonOsCB                          
2001f215  g_bDeviceRestartIsRequired            
2001f216  g_cDummy                              
2001f280  g_pCB                                 
2001f29c  g_pHostIntHdl                         
20004000  g_pfnVectors                          
2001f1b8  g_time                                
2001f208  g_ucConnectionBSSID                   
2001f1e4  g_ucConnectionSSID                    
2001f2a0  g_ucDMAEnabled                        
2001f168  g_ucDinDout                           
2001f217  g_ucLED1Pin                           
2001f218  g_ucLED2Pin                           
2001f219  g_ucLED3Pin                           
2001f28c  g_uiLED1Port                          
2001f290  g_uiLED2Port                          
2001f294  g_uiLED3Port                          
2001f274  g_ulGatewayIP                         
2001f270  g_ulPingPacketsRecv                   
2001f26c  g_ulStatus                            
20009c01  ldexp                                 
20009c01  ldexpl                                
200050ed  main                                  
2000cf75  malloc                                
200090ed  memalign                              
2000cc4d  memccpy                               
2000a485  memcpy                                
2000c941  memmove                               
2000b2f5  memset                                
2001f284  pPingCallBackFunc                     
20004d49  printErrConvenience                   
2000995d  realloc                               
20009c01  scalbn                                
20009c01  scalbnl                               
2000c4e9  simplelink_timerA2_start              
2000b8e1  sl_Close                              
2000805d  sl_Connect                            
20009d9d  sl_DevGet                             
2000a5bd  sl_DevSet                             
2000c231  sl_Htonl                              
2000c525  sl_Htons                              
200088ad  sl_NetAppDnsGetHostByName             
20009a41  sl_NetAppMDNSRegisterUnregisterService
2000b7b5  sl_NetAppMDNSUnRegisterService        
2000a655  sl_NetCfgSet                          
2000c98f  sl_Provisioning_HttpServerEventHdl    
2000c99d  sl_Provisioning_NetAppEventHdl        
2000c9a9  sl_Provisioning_WlanEventHdl          
2000a3e5  sl_Recv                               
20008c65  sl_Send                               
2000a6ed  sl_SetSockOpt                         
2000adc1  sl_Socket                             
200092e9  sl_Start                              
200093d9  sl_Stop                               
20006a99  sl_WlanConnect                        
2000c5d5  sl_WlanDisconnect                     
2000ab01  sl_WlanPolicySet                      
2000b941  sl_WlanProfileDel                     
2000b065  sl_WlanRxFilterSet                    
2000a785  sl_WlanSet                            
2000b9a1  sl_WlanSetMode                        
2000b369  spi_Close                             
20008621  spi_Open                              
200094c9  spi_Read                              
2000a81d  spi_Write                             
2000c375  sprintf                               
2000ce6f  strchr                                
2000cec1  strcpy                                
2000ced5  strlen                                
2000bf2d  uDMAChannelAssign                     
2000b819  uDMAChannelAttributeDisable           
2000b87d  uDMAChannelAttributeEnable            
2000c561  uDMAChannelControlSet                 
2000cc69  uDMAChannelEnable                     
200095b9  uDMAChannelTransferSet                
2000c3b5  vsnprintf                             
2000cee9  wcslen                                


GLOBAL SYMBOLS: SORTED BY Symbol Address 

address   name                                  
-------   ----                                  
00001000  __STACK_SIZE                          
00008000  __SYSMEM_SIZE                         
20004000  g_pfnVectors                          
20004401  SimpleLinkWlanEventHandler            
2000450f  SimpleLinkNetAppEventHandler          
200045b1  SimpleLinkHttpServerCallback          
200045d5  SimpleLinkGeneralEventHandler         
200045f5  SimpleLinkSockEventHandler            
20004d49  printErrConvenience                   
200050ed  main                                  
20005721  __TI_printfi                          
2000673d  GPIO_IF_LedConfigure                  
2000677b  GPIO_IF_LedOn                         
2000682f  GPIO_IF_LedOff                        
200068e3  GPIO_IF_LedStatus                     
2000694d  GPIO_IF_LedToggle                     
2000697b  GPIO_IF_GetPortNPin                   
200069c1  GPIO_IF_ConfigureNIntEnable           
20006a09  GPIO_IF_Set                           
20006a4d  GPIO_IF_Get                           
20006a99  sl_WlanConnect                        
20006d19  InitTerm                              
20006d37  Message                               
20006d59  ClearTerm                             
20006d63  Error                                 
20006d9b  GetCmd                                
20006e41  TrimSpace                             
20006ed9  Report                                
20007445  _SlDrvDataReadOp                      
20007629  _SlDrvReleasePoolObj                  
200079c5  __aeabi_dsub                          
200079cf  __aeabi_dadd                          
20007b7b  _nop                                  
20007b7d  _SlDrvDriverCBInit                    
20007ecd  _SlDrvWaitForPoolObj                  
2000805d  sl_Connect                            
200081e9  PRCMCC3200MCUInit                     
200084d1  _SlDrvDataWriteOp                     
20008621  spi_Open                              
200088ad  sl_NetAppDnsGetHostByName             
20008b2d  __aeabi_ddiv                          
20008c63  __aeabi_idiv0                         
20008c63  __aeabi_ldiv0                         
20008c65  sl_Send                               
20008d99  _SlDrvDriverCBDeinit                  
20008fe9  _SlDrvNetAppEventHandler              
200090ed  aligned_alloc                         
200090ed  memalign                              
200091ed  __aeabi_dmul                          
200092e9  sl_Start                              
200093d9  sl_Stop                               
200094c9  spi_Read                              
200095b9  uDMAChannelTransferSet                
20009791  _SlDrvMsgReadSpawnCtx                 
20009879  free                                  
2000995d  realloc                               
20009a41  sl_NetAppMDNSRegisterUnregisterService
20009c01  ldexp                                 
20009c01  ldexpl                                
20009c01  scalbn                                
20009c01  scalbnl                               
20009cd1  _sl_HandleAsync_DnsGetHostByService   
20009d9d  sl_DevGet                             
20009f2d  _SlDrvCmdOp                           
2000a0a1  _SlNonOsSemGet                        
2000a151  IntDisable                            
2000a1f9  IntEnable                             
2000a2a1  _SlDriverHandleError                  
2000a345  SPIConfigSetExpClk                    
2000a3e5  sl_Recv                               
2000a485  __aeabi_memcpy                        
2000a485  __aeabi_memcpy4                       
2000a485  __aeabi_memcpy8                       
2000a485  memcpy                                
2000a521  _SlDrvDeviceEventHandler              
2000a5bd  sl_DevSet                             
2000a655  sl_NetCfgSet                          
2000a6ed  sl_SetSockOpt                         
2000a785  sl_WlanSet                            
2000a81d  spi_Write                             
2000a8b5  __aeabi_uldivmod                      
2000a94d  PRCMPeripheralClockGet                
2000a9e1  _sl_HandleAsync_DnsGetHostByName      
2000aa71  _sl_HandleAsync_PingResponse          
2000ab01  sl_WlanPolicySet                      
2000aca9  _SlDrvIsTimeoutExpired                
2000ad35  _sl_HandleAsync_InitComplete          
2000adc1  sl_Socket                             
2000ae4d  PinConfigSet                          
2000aed5  __aeabi_cdcmpeq                       
2000aed5  __aeabi_cdcmple                       
2000af5b  __aeabi_cdrcmple                      
2000afe1  NwpPowerOnPreamble                    
2000b065  sl_WlanRxFilterSet                    
2000b0e9  GPIOIntTypeSet                        
2000b16d  _sl_HandleAsync_Connect               
2000b2ed  __aeabi_memclr                        
2000b2ed  __aeabi_memclr4                       
2000b2ed  __aeabi_memclr8                       
2000b2ef  __aeabi_memset                        
2000b2ef  __aeabi_memset4                       
2000b2ef  __aeabi_memset8                       
2000b2f5  memset                                
2000b369  spi_Close                             
2000b3e1  UARTConfigSetExpClk                   
2000b459  _SlNonOsMainLoopTask                  
2000b5ad  _SlDrvCmdSend                         
2000b619  _sl_NetAppSendTokenValue              
2000b685  __TI_decompress_lzss                  
2000b6ed  _SlNonOsSpawn                         
2000b751  _sl_HandleAsync_Accept                
2000b7b5  sl_NetAppMDNSUnRegisterService        
2000b819  uDMAChannelAttributeDisable           
2000b87d  uDMAChannelAttributeEnable            
2000b8e1  sl_Close                              
2000b941  sl_WlanProfileDel                     
2000b9a1  sl_WlanSetMode                        
2000ba01  frexp                                 
2000ba01  frexpl                                
2000ba5d  IntPendClear                          
2000bab5  PRCMPeripheralReset                   
2000bb0d  PinMuxConfig                          
2000bbbd  IntPrioritySet                        
2000bc11  _SlDrvRxIrqHandler                    
2000bc65  __TI_ltoa                             
2000bcb9  _sl_HandleAsync_Select                
2000bd61  _sl_HandleAsync_Stop                  
2000bdb1  SPIIntEnable                          
2000be49  _SlDrvProtectAsyncRespSetting         
2000bee1  atoi                                  
2000bf2d  uDMAChannelAssign                     
2000bfc1  SPIIntClear                           
2000c009  _SlDrvBasicCmd                        
2000c051  __aeabi_d2iz                          
2000c0dd  TimerConfigure                        
2000c121  _SlDrvHandleHttpServerEvents          
2000c165  _SlDrvSyncObjWaitTimeout              
2000c1a9  __TI_auto_init_nobinit_nopinit        
2000c231  sl_Htonl                              
2000c275  PinModeSet                            
2000c2b5  _SlDrvHandleNetAppEvents              
2000c2f5  _SlDrvHandleWlanEvents                
2000c375  sprintf                               
2000c3b5  vsnprintf                             
2000c3f5  NwpRegisterInterruptHandler           
2000c4ad  PRCMPeripheralClkEnable               
2000c4e9  simplelink_timerA2_start              
2000c525  sl_Htons                              
2000c561  uDMAChannelControlSet                 
2000c59d  NwpPowerOff                           
2000c5d5  sl_WlanDisconnect                     
2000c60d  GPIODirModeSet                        
2000c645  NwpPowerOn                            
2000c679  PRCMPeripheralStatusGet               
2000c6ad  SPIFIFOLevelSet                       
2000c6e1  PinTypeGPIO                           
2000c711  UARTDisable                           
2000c771  __aeabi_i2d                           
2000c7a1  PRCMSysResetCauseGet                  
2000c7f9  _SlDrvProtectionObjLockWaitForever    
2000c825  TimerLoadSet                          
2000c84f  TimerPrescaleSet                      
2000c879  PRCMPeripheralClkDisable              
2000c8a1  _SlDrvGlobalObjUnLock                 
2000c8c9  _SlDrvProtectionObjUnLock             
2000c8f1  _SlDrvSyncObjWaitForever              
2000c941  memmove                               
2000c969  _SlDrvObjLockWaitForever              
2000c98f  sl_Provisioning_HttpServerEventHdl    
2000c99d  sl_Provisioning_NetAppEventHdl        
2000c9a9  sl_Provisioning_WlanEventHdl          
2000c9b5  DmaSpiSwIntHandler                    
2000c9d9  IntUnregister                         
2000c9fd  UARTEnable                            
2000ca21  _c_int00_noargs                       
2000ca45  SPIReset                              
2000ca67  SPIWordCountSet                       
2000ca89  GPIOPinWrite                          
2000caa9  IntRegister                           
2000cac9  NwpPrePowerOffTimout0                 
2000cae9  TimerGetCurrentTimestamp              
2000cb09  _SlDrvObjUnLock                       
2000cb29  _SlDrvSyncObjSignal                   
2000cb49  GPIOIntRegister                       
2000cb67  TimerEnable                           
2000cb85  UARTCharPut                           
2000cbc1  TimerValueGet                         
2000cbdd  UARTCharGetNonBlocking                
2000cbf9  _SlDrvStartMeasureTimeout             
2000cc15  __TI_zero_init_nomemset               
2000cc4d  memccpy                               
2000cc69  uDMAChannelEnable                     
2000cc85  GPIOIntEnable                         
2000cc9f  PinTypeUART                           
2000ccb9  SPIDmaDisable                         
2000ccd3  SPIDmaEnable                          
2000cced  SPIFIFODisable                        
2000cd07  SPIFIFOEnable                         
2000cd21  SPIIntUnregister                      
2000cd3b  GPIOPinRead                           
2000cd53  SPICSDisable                          
2000cd6b  SPICSEnable                           
2000cd83  SPIDisable                            
2000cd9b  SPIEnable                             
2000cdb3  UARTCharsAvail                        
2000cdcb  _SlNonOsSemSet                        
2000ce2d  PRCMHIBRegRead                        
2000ce43  PRCMHIBRegWrite                       
2000ce59  _SlDrvMemZero                         
2000ce6f  strchr                                
2000ce85  CPUcpsie                              
2000ce99  GPIOIntClear                          
2000cead  IntVTableBaseSet                      
2000cec1  strcpy                                
2000ced5  strlen                                
2000cee9  wcslen                                
2000cefb  _SlDrvDispatchHttpServerEvents        
2000cf0b  _SlDrvResetCmdExt                     
2000cf19  __TI_decompress_none                  
2000cf27  ResetISR                              
2000cf35  NwpMaskInterrupt                      
2000cf41  NwpUnMaskInterrupt                    
2000cf4d  copysign                              
2000cf4d  copysignl                             
2000cf59  IntMasterEnable                       
2000cf6d  __aeabi_errno_addr                    
2000cf75  malloc                                
2000cf7d  UtilsDelay                            
2000cf83  _system_pre_init                      
2000cf87  C$$EXIT                               
2000cf87  abort                                 
2000cf8c  _ctypes_                              
2000d30c  OpcodeTranslateTable                  
2000d348  _SlActionLookupTable                  
2000d55e  _SlNetAppSendTokenValueCmdCtrl        
2000d5a0  __TI_static_base__                    
2000d5d4  __TI_Handler_Table_Base               
2000d5e0  __TI_Handler_Table_Limit              
2000d5e8  __TI_CINIT_Base                       
2000d5f8  __TI_CINIT_Limit                      
20017000  __start___llvm_prf_cnts               
20017000  __stop___llvm_prf_cnts                
20017000  _sys_memory                           
2001f168  g_ucDinDout                           
2001f1b8  g_time                                
2001f1e4  g_ucConnectionSSID                    
2001f208  g_ucConnectionBSSID                   
2001f214  RxIrqCnt                              
2001f215  g_bDeviceRestartIsRequired            
2001f216  g_cDummy                              
2001f217  g_ucLED1Pin                           
2001f218  g_ucLED2Pin                           
2001f219  g_ucLED3Pin                           
2001f21c  g__SlNonOsCB                          
2001f26c  g_ulStatus                            
2001f270  g_ulPingPacketsRecv                   
2001f274  g_ulGatewayIP                         
2001f278  g_Host                                
2001f27c  g_SlDeviceStatus                      
2001f280  g_pCB                                 
2001f284  pPingCallBackFunc                     
2001f28c  g_uiLED1Port                          
2001f290  g_uiLED2Port                          
2001f294  g_uiLED3Port                          
2001f298  g_SpiFd                               
2001f29c  g_pHostIntHdl                         
2001f2a0  g_ucDMAEnabled                        
2001f2a4  _lock                                 
2001f2a8  _unlock                               
2001f2b4  errno                                 
2002f000  __stack                               
20030000  __STACK_END                           
ffffffff  __TI_pprof_out_hndl                   
ffffffff  __TI_prof_data_size                   
ffffffff  __TI_prof_data_start                  
ffffffff  __binit__                             
ffffffff  __c_args__                            
ffffffff  binit                                 
UNDEFED   __mpu_init                            
UNDEFED   _system_post_cinit                    

[280 symbols]
