******************************************************************************
                  TI ARM Linker Unix v20.2.7                   
******************************************************************************
>> Linked Thu Feb 22 10:46:35 2024

OUTPUT FILE NAME:   <lab4.out>
ENTRY POINT SYMBOL: "_c_int00_noargs"  address: 2000ca1d


MEMORY CONFIGURATION

         name            origin    length      used     unused   attr    fill
----------------------  --------  ---------  --------  --------  ----  --------
  SRAM_CODE             20004000   00013000  0000960e  000099f2  RW X
  SRAM_DATA             20017000   00019000  000092ba  0000fd46  RW X


SEGMENT ALLOCATION MAP

run origin  load origin   length   init length attrs members
----------  ----------- ---------- ----------- ----- -------
20004000    20004000    00009610   00009610    r-x
  20004000    20004000    00000400   00000400    r-- .intvecs
  20004400    20004400    00008b86   00008b86    r-x .text
  2000cf88    2000cf88    00000630   00000630    r-- .const
  2000d5b8    2000d5b8    00000058   00000058    r-- .cinit
20017000    20017000    000082bc   00000000    rw-
  20017000    20017000    00008000   00000000    rw- .sysmem
  2001f000    2001f000    0000021a   00000000    rw- .bss
  2001f21c    2001f21c    000000a0   00000000    rw- .data
2002f000    2002f000    00001000   00000000    rw-
  2002f000    2002f000    00001000   00000000    rw- .stack


SECTION ALLOCATION MAP

 output                                  attributes/
section   page    origin      length       input sections
--------  ----  ----------  ----------   ----------------
.intvecs   0    20004000    00000400     
                  20004000    00000400     startup_ccs.obj (.intvecs)

.init_array 
*          0    20004000    00000000     UNINITIALIZED

.text      0    20004400    00008b86     
                  20004400    0000131c     main.obj (.text)
                  2000571c    00000a4e     rtsv7M4_T_le_eabi.lib : _printfi.c.obj (.text:__TI_printfi)
                  2000616a    00000002     driverlib.a : interrupt.obj (.text:IntDefaultHandler)
                  2000616c    00000590     simplelink.a : driver.obj (.text:_SlDrvMsgRead)
                  200066fc    00000398     gpio_if.obj (.text)
                  20006a94    00000280     simplelink.a : wlan.obj (.text:sl_WlanConnect)
                  20006d14    0000027c     uart_if.obj (.text)
                  20006f90    00000268     rtsv7M4_T_le_eabi.lib : _printfi.c.obj (.text:_pconv_a)
                  200071f8    00000248     simplelink.a : driver.obj (.text:_SlDrvRxHdrRead)
                  20007440    000001e4                  : driver.obj (.text:_SlDrvDataReadOp)
                  20007624    000001d0                  : driver.obj (.text:_SlDrvReleasePoolObj)
                  200077f4    000001cc     rtsv7M4_T_le_eabi.lib : _printfi.c.obj (.text:_pconv_g)
                  200079c0    000001b6                           : fd_add_t2.asm.obj (.text)
                  20007b76    00000002                           : _lock.c.obj (.text:_nop)
                  20007b78    000001b4     simplelink.a : driver.obj (.text:_SlDrvDriverCBInit)
                  20007d2c    0000019c                  : driver.obj (.text:_SlDrvMsgWrite)
                  20007ec8    00000190                  : driver.obj (.text:_SlDrvWaitForPoolObj)
                  20008058    0000018c                  : socket.obj (.text:sl_Connect)
                  200081e4    00000178     driverlib.a : prcm.obj (.text:PRCMCC3200MCUInit)
                  2000835c    00000170     simplelink.a : driver.obj (.text:_SlFindAndSetActiveObj)
                  200084cc    00000150                  : driver.obj (.text:_SlDrvDataWriteOp)
                  2000861c    00000148                  : cc_pal.obj (.text:spi_Open)
                  20008764    00000144                  : driver.obj (.text:_SlDrvMsgReadCmdCtx)
                  200088a8    00000144                  : netapp.obj (.text:sl_NetAppDnsGetHostByName)
                  200089ec    0000013c     rtsv7M4_T_le_eabi.lib : _printfi.c.obj (.text:_pconv_e)
                  20008b28    00000136                           : fd_div_t2.asm.obj (.text)
                  20008c5e    00000002                           : div0.asm.obj (.text)
                  20008c60    00000134     simplelink.a : socket.obj (.text:sl_Send)
                  20008d94    00000130                  : driver.obj (.text:_SlDrvDriverCBDeinit)
                  20008ec4    00000120     rtsv7M4_T_le_eabi.lib : _printfi.c.obj (.text:fcvt)
                  20008fe4    00000104     simplelink.a : netapp.obj (.text:_SlDrvNetAppEventHandler)
                  200090e8    00000100     rtsv7M4_T_le_eabi.lib : memory.c.obj (.text:aligned_alloc)
                  200091e8    000000fc                           : fd_mul_t2.asm.obj (.text)
                  200092e4    000000f0     simplelink.a : device.obj (.text:sl_Start)
                  200093d4    000000f0                  : device.obj (.text:sl_Stop)
                  200094c4    000000f0                  : cc_pal.obj (.text:spi_Read)
                  200095b4    000000f0     driverlib.a : udma.obj (.text:uDMAChannelTransferSet)
                  200096a4    000000e8     simplelink.a : driver.obj (.text:_SlAsyncEventGenericHandler)
                  2000978c    000000e8                  : driver.obj (.text:_SlDrvMsgReadSpawnCtx)
                  20009874    000000e4     rtsv7M4_T_le_eabi.lib : memory.c.obj (.text:free)
                  20009958    000000e4                           : memory.c.obj (.text:realloc)
                  20009a3c    000000e4     simplelink.a : netapp.obj (.text:sl_NetAppMDNSRegisterUnregisterService)
                  20009b20    000000dc                  : driver.obj (.text:_SlDrvClassifyRxMsg)
                  20009bfc    000000d0     rtsv7M4_T_le_eabi.lib : s_scalbn.c.obj (.text:scalbn)
                  20009ccc    000000cc     simplelink.a : netapp.obj (.text:_sl_HandleAsync_DnsGetHostByService)
                  20009d98    000000cc                  : device.obj (.text:sl_DevGet)
                  20009e64    000000c4                  : driver.obj (.text:_SlRemoveFromList)
                  20009f28    000000c0                  : driver.obj (.text:_SlDrvCmdOp)
                  20009fe8    000000b1     rtsv7M4_T_le_eabi.lib : _printfi.c.obj (.text:_ltostr)
                  2000a099    00000003     --HOLE-- [fill = 0]
                  2000a09c    000000b0     simplelink.a : nonos.obj (.text:_SlNonOsSemGet)
                  2000a14c    000000a8     driverlib.a : interrupt.obj (.text:IntDisable)
                  2000a1f4    000000a8                 : interrupt.obj (.text:IntEnable)
                  2000a29c    000000a4     simplelink.a : driver.obj (.text:_SlDriverHandleError)
                  2000a340    000000a0     driverlib.a : spi.obj (.text:SPIConfigSetExpClk)
                  2000a3e0    000000a0     simplelink.a : socket.obj (.text:sl_Recv)
                  2000a480    0000009c     rtsv7M4_T_le_eabi.lib : memcpy_t2.asm.obj (.text)
                  2000a51c    0000009a     simplelink.a : device.obj (.text:_SlDrvDeviceEventHandler)
                  2000a5b6    00000002     --HOLE-- [fill = 0]
                  2000a5b8    00000098                  : device.obj (.text:sl_DevSet)
                  2000a650    00000098                  : netcfg.obj (.text:sl_NetCfgSet)
                  2000a6e8    00000098                  : socket.obj (.text:sl_SetSockOpt)
                  2000a780    00000098                  : wlan.obj (.text:sl_WlanSet)
                  2000a818    00000098                  : cc_pal.obj (.text:spi_Write)
                  2000a8b0    00000096     rtsv7M4_T_le_eabi.lib : ull_div_t2.asm.obj (.text)
                  2000a946    00000002     --HOLE-- [fill = 0]
                  2000a948    00000094     driverlib.a : prcm.obj (.text:PRCMPeripheralClockGet)
                  2000a9dc    00000090     simplelink.a : netapp.obj (.text:_sl_HandleAsync_DnsGetHostByName)
                  2000aa6c    00000090                  : netapp.obj (.text:_sl_HandleAsync_PingResponse)
                  2000aafc    00000090                  : wlan.obj (.text:sl_WlanPolicySet)
                  2000ab8c    0000008c                  : cc_pal.obj (.text:SetupDMAReceive)
                  2000ac18    0000008c                  : cc_pal.obj (.text:SetupDMASend)
                  2000aca4    0000008c                  : driver.obj (.text:_SlDrvIsTimeoutExpired)
                  2000ad30    0000008c                  : device.obj (.text:_sl_HandleAsync_InitComplete)
                  2000adbc    0000008c                  : socket.obj (.text:sl_Socket)
                  2000ae48    00000088     driverlib.a : pin.obj (.text:PinConfigSet)
                  2000aed0    00000086     rtsv7M4_T_le_eabi.lib : fd_cmp_t2.asm.obj (.text:__aeabi_cdcmple)
                  2000af56    00000086                           : fd_cmp_t2.asm.obj (.text:__aeabi_cdrcmple)
                  2000afdc    00000084     simplelink.a : cc_pal.obj (.text:NwpPowerOnPreamble)
                  2000b060    00000084                  : wlan.obj (.text:sl_WlanRxFilterSet)
                  2000b0e4    00000082     driverlib.a : gpio.obj (.text:GPIOIntTypeSet)
                  2000b166    00000002     --HOLE-- [fill = 0]
                  2000b168    00000080     simplelink.a : socket.obj (.text:_sl_HandleAsync_Connect)
                  2000b1e8    00000080                  : cc_pal.obj (.text:spi_Read_CPU)
                  2000b268    00000080                  : cc_pal.obj (.text:spi_Write_CPU)
                  2000b2e8    0000007a     rtsv7M4_T_le_eabi.lib : memset_t2.asm.obj (.text)
                  2000b362    00000002     --HOLE-- [fill = 0]
                  2000b364    00000078     simplelink.a : cc_pal.obj (.text:spi_Close)
                  2000b3dc    00000076     driverlib.a : uart.obj (.text:UARTConfigSetExpClk)
                  2000b452    00000002     --HOLE-- [fill = 0]
                  2000b454    00000074     simplelink.a : nonos.obj (.text:_SlNonOsMainLoopTask)
                  2000b4c8    00000070     rtsv7M4_T_le_eabi.lib : memory.c.obj (.text:split)
                  2000b538    0000006e                           : _printfi.c.obj (.text:_mcpy)
                  2000b5a6    00000002     --HOLE-- [fill = 0]
                  2000b5a8    0000006c     simplelink.a : driver.obj (.text:_SlDrvCmdSend)
                  2000b614    0000006c                  : netapp.obj (.text:_sl_NetAppSendTokenValue)
                  2000b680    00000068     rtsv7M4_T_le_eabi.lib : copy_decompress_lzss.c.obj (.text:decompress:lzss:__TI_decompress_lzss)
                  2000b6e8    00000064     simplelink.a : nonos.obj (.text:_SlNonOsSpawn)
                  2000b74c    00000064                  : socket.obj (.text:_sl_HandleAsync_Accept)
                  2000b7b0    00000064                  : netapp.obj (.text:sl_NetAppMDNSUnRegisterService)
                  2000b814    00000064     driverlib.a : udma.obj (.text:uDMAChannelAttributeDisable)
                  2000b878    00000064                 : udma.obj (.text:uDMAChannelAttributeEnable)
                  2000b8dc    00000060     simplelink.a : socket.obj (.text:sl_Close)
                  2000b93c    00000060                  : wlan.obj (.text:sl_WlanProfileDel)
                  2000b99c    00000060                  : wlan.obj (.text:sl_WlanSetMode)
                  2000b9fc    0000005c     rtsv7M4_T_le_eabi.lib : s_frexp.c.obj (.text:frexp)
                  2000ba58    00000058     driverlib.a : interrupt.obj (.text:IntPendClear)
                  2000bab0    00000058                 : prcm.obj (.text:PRCMPeripheralReset)
                  2000bb08    00000058     pinmux.obj (.text)
                  2000bb60    00000056     rtsv7M4_T_le_eabi.lib : _printfi.c.obj (.text:_pconv_f)
                  2000bbb6    00000002     --HOLE-- [fill = 0]
                  2000bbb8    00000054     driverlib.a : interrupt.obj (.text:IntPrioritySet)
                  2000bc0c    00000054     simplelink.a : driver.obj (.text:_SlDrvRxIrqHandler)
                  2000bc60    00000054     rtsv7M4_T_le_eabi.lib : _ltoa.c.obj (.text:__TI_ltoa)
                  2000bcb4    00000054     simplelink.a : socket.obj (.text:_sl_HandleAsync_Select)
                  2000bd08    00000052     rtsv7M4_T_le_eabi.lib : _printfi.c.obj (.text:_ecpy)
                  2000bd5a    00000002     --HOLE-- [fill = 0]
                  2000bd5c    00000050     simplelink.a : device.obj (.text:_sl_HandleAsync_Stop)
                  2000bdac    0000004c     driverlib.a : spi.obj (.text:SPIIntEnable)
                  2000bdf8    0000004c                 : spi.obj (.text:SPIIntNumberGet)
                  2000be44    0000004c     simplelink.a : driver.obj (.text:_SlDrvProtectAsyncRespSetting)
                  2000be90    0000004c                  : socket.obj (.text:_sl_BuildAddress)
                  2000bedc    0000004c     rtsv7M4_T_le_eabi.lib : atoi.c.obj (.text:atoi)
                  2000bf28    0000004c     driverlib.a : udma.obj (.text:uDMAChannelAssign)
                  2000bf74    00000048                 : gpio.obj (.text:GPIOGetIntNumber)
                  2000bfbc    00000048                 : spi.obj (.text:SPIIntClear)
                  2000c004    00000048     simplelink.a : driver.obj (.text:_SlDrvBasicCmd)
                  2000c04c    00000048     rtsv7M4_T_le_eabi.lib : fd_toi_t2.asm.obj (.text)
                  2000c094    00000044     driverlib.a : spi.obj (.text:SPIDmaMaskGet)
                  2000c0d8    00000044                 : timer.obj (.text:TimerConfigure)
                  2000c11c    00000044     simplelink.a : driver.obj (.text:_SlDrvHandleHttpServerEvents)
                  2000c160    00000044                  : driver.obj (.text:_SlDrvSyncObjWaitTimeout)
                  2000c1a4    00000044     rtsv7M4_T_le_eabi.lib : autoinit.c.obj (.text:__TI_auto_init_nobinit_nopinit:__TI_auto_init_nobinit_nopinit)
                  2000c1e8    00000044     simplelink.a : cc_pal.obj (.text:cc_SetupTransfer)
                  2000c22c    00000042                  : socket.obj (.text:sl_Htonl)
                  2000c26e    00000002     --HOLE-- [fill = 0]
                  2000c270    00000040     driverlib.a : pin.obj (.text:PinModeSet)
                  2000c2b0    00000040     simplelink.a : driver.obj (.text:_SlDrvHandleNetAppEvents)
                  2000c2f0    00000040                  : driver.obj (.text:_SlDrvHandleWlanEvents)
                  2000c330    00000040                  : socket.obj (.text:_sl_TruncatePayloadByProtocol)
                  2000c370    00000040     rtsv7M4_T_le_eabi.lib : sprintf.c.obj (.text:sprintf)
                  2000c3b0    00000040                           : vsnprintf.c.obj (.text:vsnprintf)
                  2000c3f0    0000003e     simplelink.a : cc_pal.obj (.text:NwpRegisterInterruptHandler)
                  2000c42e    0000003e     rtsv7M4_T_le_eabi.lib : _printfi.c.obj (.text:_fcpy)
                  2000c46c    0000003c     simplelink.a : netapp.obj (.text:CopyPingResultsToReport)
                  2000c4a8    0000003c     driverlib.a : prcm.obj (.text:PRCMPeripheralClkEnable)
                  2000c4e4    0000003c     simplelink.a : cc_pal.obj (.text:simplelink_timerA2_start)
                  2000c520    0000003c                  : socket.obj (.text:sl_Htons)
                  2000c55c    0000003c     driverlib.a : udma.obj (.text:uDMAChannelControlSet)
                  2000c598    00000038     simplelink.a : cc_pal.obj (.text:NwpPowerOff)
                  2000c5d0    00000038                  : wlan.obj (.text:sl_WlanDisconnect)
                  2000c608    00000036     driverlib.a : gpio.obj (.text:GPIODirModeSet)
                  2000c63e    00000002     --HOLE-- [fill = 0]
                  2000c640    00000034     simplelink.a : cc_pal.obj (.text:NwpPowerOn)
                  2000c674    00000034     driverlib.a : prcm.obj (.text:PRCMPeripheralStatusGet)
                  2000c6a8    00000034                 : spi.obj (.text:SPIFIFOLevelSet)
                  2000c6dc    00000030                 : pin.obj (.text:PinTypeGPIO)
                  2000c70c    00000030                 : uart.obj (.text:UARTDisable)
                  2000c73c    00000030     rtsv7M4_T_le_eabi.lib : vsnprintf.c.obj (.text:_outs)
                  2000c76c    0000002e                           : i_tofd_t2.asm.obj (.text)
                  2000c79a    00000002     --HOLE-- [fill = 0]
                  2000c79c    0000002c     driverlib.a : prcm.obj (.text:PRCMSysResetCauseGet)
                  2000c7c8    0000002c     simplelink.a : driver.obj (.text:_SlDrvObjGlobalLockWaitForever)
                  2000c7f4    0000002c                  : driver.obj (.text:_SlDrvProtectionObjLockWaitForever)
                  2000c820    0000002a     driverlib.a : timer.obj (.text:TimerLoadSet)
                  2000c84a    0000002a                 : timer.obj (.text:TimerPrescaleSet)
                  2000c874    00000028                 : prcm.obj (.text:PRCMPeripheralClkDisable)
                  2000c89c    00000028     simplelink.a : driver.obj (.text:_SlDrvGlobalObjUnLock)
                  2000c8c4    00000028                  : driver.obj (.text:_SlDrvProtectionObjUnLock)
                  2000c8ec    00000028                  : driver.obj (.text:_SlDrvSyncObjWaitForever)
                  2000c914    00000028     rtsv7M4_T_le_eabi.lib : memory.c.obj (.text:free_list_insert)
                  2000c93c    00000028                           : memmov.c.obj (.text:memmove)
                  2000c964    00000026     simplelink.a : driver.obj (.text:_SlDrvObjLockWaitForever)
                  2000c98a    00000026     network_common.obj (.text)
                  2000c9b0    00000024     simplelink.a : cc_pal.obj (.text:DmaSpiSwIntHandler)
                  2000c9d4    00000024     driverlib.a : interrupt.obj (.text:IntUnregister)
                  2000c9f8    00000024                 : uart.obj (.text:UARTEnable)
                  2000ca1c    00000024     rtsv7M4_T_le_eabi.lib : boot_cortex_m.c.obj (.text:_c_int00_noargs:_c_int00_noargs)
                  2000ca40    00000022     driverlib.a : spi.obj (.text:SPIReset)
                  2000ca62    00000022                 : spi.obj (.text:SPIWordCountSet)
                  2000ca84    00000020                 : gpio.obj (.text:GPIOPinWrite)
                  2000caa4    00000020                 : interrupt.obj (.text:IntRegister)
                  2000cac4    00000020     simplelink.a : cc_pal.obj (.text:NwpPrePowerOffTimout0)
                  2000cae4    00000020                  : cc_pal.obj (.text:TimerGetCurrentTimestamp)
                  2000cb04    00000020                  : driver.obj (.text:_SlDrvObjUnLock)
                  2000cb24    00000020                  : driver.obj (.text:_SlDrvSyncObjSignal)
                  2000cb44    0000001e     driverlib.a : gpio.obj (.text:GPIOIntRegister)
                  2000cb62    0000001e                 : timer.obj (.text:TimerEnable)
                  2000cb80    0000001e                 : uart.obj (.text:UARTCharPut)
                  2000cb9e    0000001e     simplelink.a : cc_pal.obj (.text:cc_UDMAChannelSelect)
                  2000cbbc    0000001c     driverlib.a : timer.obj (.text:TimerValueGet)
                  2000cbd8    0000001c                 : uart.obj (.text:UARTCharGetNonBlocking)
                  2000cbf4    0000001c     simplelink.a : driver.obj (.text:_SlDrvStartMeasureTimeout)
                  2000cc10    0000001c     rtsv7M4_T_le_eabi.lib : copy_zero_init.c.obj (.text:decompress:ZI:__TI_zero_init_nomemset:__TI_zero_init_nomemset)
                  2000cc2c    0000001c                           : memory.c.obj (.text:free_list_remove)
                  2000cc48    0000001c                           : memccpy.c.obj (.text:memccpy)
                  2000cc64    0000001c     driverlib.a : udma.obj (.text:uDMAChannelEnable)
                  2000cc80    0000001a                 : gpio.obj (.text:GPIOIntEnable)
                  2000cc9a    0000001a                 : pin.obj (.text:PinTypeUART)
                  2000ccb4    0000001a                 : spi.obj (.text:SPIDmaDisable)
                  2000ccce    0000001a                 : spi.obj (.text:SPIDmaEnable)
                  2000cce8    0000001a                 : spi.obj (.text:SPIFIFODisable)
                  2000cd02    0000001a                 : spi.obj (.text:SPIFIFOEnable)
                  2000cd1c    0000001a                 : spi.obj (.text:SPIIntUnregister)
                  2000cd36    00000018                 : gpio.obj (.text:GPIOPinRead)
                  2000cd4e    00000018                 : spi.obj (.text:SPICSDisable)
                  2000cd66    00000018                 : spi.obj (.text:SPICSEnable)
                  2000cd7e    00000018                 : spi.obj (.text:SPIDisable)
                  2000cd96    00000018                 : spi.obj (.text:SPIEnable)
                  2000cdae    00000018                 : uart.obj (.text:UARTCharsAvail)
                  2000cdc6    00000018     simplelink.a : nonos.obj (.text:_SlNonOsSemSet)
                  2000cdde    00000018     rtsv7M4_T_le_eabi.lib : vsnprintf.c.obj (.text:_outc)
                  2000cdf6    00000018                           : sprintf.c.obj (.text:_outs)
                  2000ce0e    00000002     --HOLE-- [fill = 0]
                  2000ce10    00000018     simplelink.a : device.obj (.text:_sl_GetStartResponseConvert)
                  2000ce28    00000016     driverlib.a : prcm.obj (.text:PRCMHIBRegRead)
                  2000ce3e    00000016                 : prcm.obj (.text:PRCMHIBRegWrite)
                  2000ce54    00000016     simplelink.a : driver.obj (.text:_SlDrvMemZero)
                  2000ce6a    00000016     rtsv7M4_T_le_eabi.lib : strchr.c.obj (.text:strchr)
                  2000ce80    00000014     driverlib.a : cpu.obj (.text:CPUcpsie)
                  2000ce94    00000014                 : gpio.obj (.text:GPIOIntClear)
                  2000cea8    00000014                 : interrupt.obj (.text:IntVTableBaseSet)
                  2000cebc    00000014     rtsv7M4_T_le_eabi.lib : strcpy.c.obj (.text:strcpy)
                  2000ced0    00000014                           : strlen.c.obj (.text:strlen)
                  2000cee4    00000012                           : wcslen.c.obj (.text:wcslen)
                  2000cef6    00000010     simplelink.a : driver.obj (.text:_SlDrvDispatchHttpServerEvents)
                  2000cf06    0000000e                  : driver.obj (.text:_SlDrvResetCmdExt)
                  2000cf14    0000000e     rtsv7M4_T_le_eabi.lib : copy_decompress_none.c.obj (.text:decompress:none:__TI_decompress_none)
                  2000cf22    0000000e     startup_ccs.obj (.text)
                  2000cf30    0000000c     simplelink.a : cc_pal.obj (.text:NwpMaskInterrupt)
                  2000cf3c    0000000c                  : cc_pal.obj (.text:NwpUnMaskInterrupt)
                  2000cf48    0000000c     rtsv7M4_T_le_eabi.lib : s_copysign.c.obj (.text:copysign)
                  2000cf54    0000000a     driverlib.a : interrupt.obj (.text:IntMasterEnable)
                  2000cf5e    0000000a     rtsv7M4_T_le_eabi.lib : sprintf.c.obj (.text:_outc)
                  2000cf68    00000008                           : errno.c.obj (.text:__aeabi_errno_addr)
                  2000cf70    00000008                           : memory.c.obj (.text:malloc)
                  2000cf78    00000006     driverlib.a : utils.obj (.text:UtilsDelay)
                  2000cf7e    00000004     rtsv7M4_T_le_eabi.lib : pre_init.c.obj (.text:_system_pre_init)
                  2000cf82    00000004                           : exit.c.obj (.text:abort:abort)

.const     0    2000cf88    00000630     
                  2000cf88    00000101     rtsv7M4_T_le_eabi.lib : ctype.c.obj (.const:.string:_ctypes_)
                  2000d089    00000003     --HOLE-- [fill = 0]
                  2000d08c    00000100     driverlib.a : pin.obj (.const:g_ulPinToPadMap)
                  2000d18c    000000d4                 : interrupt.obj (.const:g_pulRegs)
                  2000d260    000000a8                 : prcm.obj (.const:PRCM_PeriphRegsList)
                  2000d308    0000004a     main.obj (.const:.string)
                  2000d352    0000003c     simplelink.a : driver.obj (.const:OpcodeTranslateTable)
                  2000d38e    00000002     --HOLE-- [fill = 0]
                  2000d390    00000038                  : driver.obj (.const:_SlActionLookupTable)
                  2000d3c8    0000002c     main.obj (.const:$P$T1$2)
                  2000d3f4    00000024     driverlib.a : spi.obj (.const:g_ppulSPIIntMap)
                  2000d418    00000022     main.obj (.const:.string:$P$T0$1)
                  2000d43a    00000002     --HOLE-- [fill = 0]
                  2000d43c    00000020     simplelink.a : driver.obj (.const:RxMsgClassLUT)
                  2000d45c    00000018     driverlib.a : interrupt.obj (.const:g_pulDisRegs)
                  2000d474    00000018                 : interrupt.obj (.const:g_pulEnRegs)
                  2000d48c    00000018                 : interrupt.obj (.const:g_pulUnpendRegs)
                  2000d4a4    00000018                 : spi.obj (.const:g_ulSPIDmaMaskMap)
                  2000d4bc    00000015     main.obj (.const:.string:$P$T6$7)
                  2000d4d1    00000003     --HOLE-- [fill = 0]
                  2000d4d4    00000014     simplelink.a : driver.obj (.const:$P$T0$1)
                  2000d4e8    00000014                  : nonos.obj (.const:$P$T0$1)
                  2000d4fc    00000014     main.obj (.const:$P$T2$3)
                  2000d510    00000010     simplelink.a : socket.obj (.const:.string:_SlPayloadByProtocolLUT)
                  2000d520    0000000c     main.obj (.const:$P$T4$5)
                  2000d52c    0000000c     main.obj (.const:.string:$P$T3$4)
                  2000d538    00000009     main.obj (.const:.string:$P$T5$6)
                  2000d541    00000008     simplelink.a : device.obj (.const:StartResponseLUT)
                  2000d549    00000003     --HOLE-- [fill = 0]
                  2000d54c    00000008                  : driver.obj (.const:g_H2NCnysPattern)
                  2000d554    00000008                  : driver.obj (.const:g_H2NSyncPattern)
                  2000d55c    00000005     main.obj (.const:.string:$P$T7$8)
                  2000d561    00000001     --HOLE-- [fill = 0]
                  2000d562    00000004     simplelink.a : wlan.obj (.const:$P$T0$1)
                  2000d566    00000004                  : socket.obj (.const:$P$T2$3)
                  2000d56a    00000004                  : device.obj (.const:_SlDeviceGetCmdCtrl)
                  2000d56e    00000004                  : device.obj (.const:_SlDeviceSetCmdCtrl)
                  2000d572    00000004                  : netapp.obj (.const:_SlGetHostByNameCtrl)
                  2000d576    00000004                  : netapp.obj (.const:_SlNetAppSendTokenValueCmdCtrl)
                  2000d57a    00000004                  : netcfg.obj (.const:_SlNetCfgSetCmdCtrl)
                  2000d57e    00000004                  : wlan.obj (.const:_SlPolicySetCmdCtrl)
                  2000d582    00000004                  : wlan.obj (.const:_SlProfileDelCmdCtrl)
                  2000d586    00000004                  : socket.obj (.const:_SlRecvCmdCtrl)
                  2000d58a    00000004                  : netapp.obj (.const:_SlRegisterServiceCtrl)
                  2000d58e    00000004                  : wlan.obj (.const:_SlRxFilterSetCmdCtrl)
                  2000d592    00000004                  : socket.obj (.const:_SlSendCmdCtrl)
                  2000d596    00000004                  : socket.obj (.const:_SlSetSockOptCmdCtrl)
                  2000d59a    00000004                  : socket.obj (.const:_SlSockCloseCmdCtrl)
                  2000d59e    00000004                  : socket.obj (.const:_SlSockSocketCmdCtrl)
                  2000d5a2    00000004                  : device.obj (.const:_SlStopCmdCtrl)
                  2000d5a6    00000004                  : wlan.obj (.const:_SlWlanCfgSetCmdCtrl)
                  2000d5aa    00000004                  : wlan.obj (.const:_SlWlanSetModeCmdCtrl)
                  2000d5ae    00000002     --HOLE-- [fill = 0]
                  2000d5b0    00000004                  : driver.obj (.const:httpServer_callbacks)
                  2000d5b4    00000004                  : driver.obj (.const:netApp_callbacks)

.cinit     0    2000d5b8    00000058     
                  2000d5b8    00000033     (.cinit..data.load) [load image, compression = lzss]
                  2000d5eb    00000001     --HOLE-- [fill = 0]
                  2000d5ec    0000000c     (__TI_handler_table)
                  2000d5f8    00000008     (.cinit..bss.load) [load image, compression = zero_init]
                  2000d600    00000010     (__TI_cinit_table)

.sysmem    0    20017000    00008000     UNINITIALIZED
                  20017000    00000010     rtsv7M4_T_le_eabi.lib : memory.c.obj (.sysmem)
                  20017010    00007ff0     --HOLE--

.bss       0    2001f000    0000021a     UNINITIALIZED
                  2001f000    00000168     simplelink.a : driver.obj (.bss:g_StatMem)
                  2001f168    00000050     (.common:g_ucDinDout)
                  2001f1b8    0000002c     (.common:g_time)
                  2001f1e4    00000024     (.common:g_ucConnectionSSID)
                  2001f208    00000008     (.common:g_ucConnectionBSSID)
                  2001f210    00000004     uart_if.obj (.bss)
                  2001f214    00000001     (.common:RxIrqCnt)
                  2001f215    00000001     (.common:g_bDeviceRestartIsRequired)
                  2001f216    00000001     (.common:g_cDummy)
                  2001f217    00000001     (.common:g_ucLED1Pin)
                  2001f218    00000001     (.common:g_ucLED2Pin)
                  2001f219    00000001     (.common:g_ucLED3Pin)

.data      0    2001f21c    000000a0     UNINITIALIZED
                  2001f21c    0000003c     simplelink.a : nonos.obj (.data:g__SlNonOsCB)
                  2001f258    00000014     gpio_if.obj (.data:ulReg)
                  2001f26c    00000010     main.obj (.data)
                  2001f27c    0000000d     simplelink.a : driver.obj (.data)
                  2001f289    00000003     --HOLE--
                  2001f28c    0000000c     gpio_if.obj (.data)
                  2001f298    00000009     simplelink.a : cc_pal.obj (.data)
                  2001f2a1    00000003     --HOLE--
                  2001f2a4    00000008     rtsv7M4_T_le_eabi.lib : _lock.c.obj (.data:$O1$$)
                  2001f2ac    00000008                           : memory.c.obj (.data:$O1$$)
                  2001f2b4    00000004                           : errno.c.obj (.data)
                  2001f2b8    00000004     simplelink.a : driver.obj (.data:wlan_callbacks)

.stack     0    2002f000    00001000     UNINITIALIZED
                  2002f000    00000004     rtsv7M4_T_le_eabi.lib : boot_cortex_m.c.obj (.stack)
                  2002f004    00000ffc     --HOLE--

__llvm_prf_cnts 
*          0    20017000    00000000     UNINITIALIZED

MODULE SUMMARY

       Module                       code    ro data   rw data
       ------                       ----    -------   -------
    ./
       main.obj                     4892    231       104    
       startup_ccs.obj              14      1024      0      
       gpio_if.obj                  920     0         35     
       uart_if.obj                  636     0         4      
       pinmux.obj                   88      0         0      
       network_common.obj           38      0         0      
    +--+----------------------------+-------+---------+---------+
       Total:                       6588    1255      143    
                                                             
    /Applications/TI/ccs/tools/compiler/ti-cgt-arm_20.2.7.LTS/lib/rtsv7M4_T_le_eabi.lib
       _printfi.c.obj               4835    0         0      
       memory.c.obj                 900     0         8      
       fd_add_t2.asm.obj            438     0         0      
       fd_div_t2.asm.obj            310     0         0      
       fd_cmp_t2.asm.obj            268     0         0      
       ctype.c.obj                  0       257       0      
       fd_mul_t2.asm.obj            252     0         0      
       s_scalbn.c.obj               208     0         0      
       memcpy_t2.asm.obj            156     0         0      
       ull_div_t2.asm.obj           150     0         0      
       vsnprintf.c.obj              136     0         0      
       memset_t2.asm.obj            122     0         0      
       copy_decompress_lzss.c.obj   104     0         0      
       sprintf.c.obj                98      0         0      
       s_frexp.c.obj                92      0         0      
       _ltoa.c.obj                  84      0         0      
       atoi.c.obj                   76      0         0      
       fd_toi_t2.asm.obj            72      0         0      
       autoinit.c.obj               68      0         0      
       i_tofd_t2.asm.obj            46      0         0      
       memmov.c.obj                 40      0         0      
       boot_cortex_m.c.obj          36      0         0      
       copy_zero_init.c.obj         28      0         0      
       memccpy.c.obj                28      0         0      
       strchr.c.obj                 22      0         0      
       strcpy.c.obj                 20      0         0      
       strlen.c.obj                 20      0         0      
       wcslen.c.obj                 18      0         0      
       copy_decompress_none.c.obj   14      0         0      
       errno.c.obj                  8       0         4      
       s_copysign.c.obj             12      0         0      
       _lock.c.obj                  2       0         8      
       exit.c.obj                   4       0         0      
       pre_init.c.obj               4       0         0      
       div0.asm.obj                 2       0         0      
    +--+----------------------------+-------+---------+---------+
       Total:                       8673    257       20     
                                                             
    /Applications/TI/lib/cc3200sdk_1.5.0/cc3200-sdk/driverlib/ccs/Release/driverlib.a
       prcm.obj                     852     168       0      
       interrupt.obj                608     284       0      
       spi.obj                      798     60        0      
       udma.obj                     604     0         0      
       pin.obj                      274     256       0      
       gpio.obj                     388     0         0      
       uart.obj                     284     0         0      
       timer.obj                    210     0         0      
       cpu.obj                      20      0         0      
       utils.obj                    6       0         0      
    +--+----------------------------+-------+---------+---------+
       Total:                       4044    768       0      
                                                             
    /Applications/TI/lib/cc3200sdk_1.5.0/cc3200-sdk/simplelink/ccs/NON_OS_debug/simplelink.a
       driver.obj                   7906    192       379    
       cc_pal.obj                   1960    0         90     
       socket.obj                   1830    40        0      
       netapp.obj                   1572    12        0      
       wlan.obj                     1316    24        0      
       device.obj                   1234    20        0      
       nonos.obj                    416     20        60     
       netcfg.obj                   152     4         0      
    +--+----------------------------+-------+---------+---------+
       Total:                       16386   312       529    
                                                             
       Heap:                        0       0         32768  
       Stack:                       0       0         4096   
       Linker Generated:            0       87        0      
    +--+----------------------------+-------+---------+---------+
       Grand Total:                 35691   2679      37556  


LINKER GENERATED COPY TABLES

__TI_cinit_table @ 2000d600 records: 2, size/record: 8, table size: 16
	.data: load addr=2000d5b8, load size=00000033 bytes, run addr=2001f21c, run size=000000a0 bytes, compression=lzss
	.bss: load addr=2000d5f8, load size=00000008 bytes, run addr=2001f000, run size=0000021a bytes, compression=zero_init


LINKER GENERATED HANDLER TABLE

__TI_handler_table @ 2000d5ec records: 3, size/record: 4, table size: 12
	index: 0, handler: __TI_decompress_lzss
	index: 1, handler: __TI_decompress_none
	index: 2, handler: __TI_zero_init


GLOBAL SYMBOLS: SORTED ALPHABETICALLY BY Name 

address   name                                  
-------   ----                                  
2000cf83  C$$EXIT                               
2000ce81  CPUcpsie                              
20006d55  ClearTerm                             
2000c9b1  DmaSpiSwIntHandler                    
20006d5f  Error                                 
2000c609  GPIODirModeSet                        
2000ce95  GPIOIntClear                          
2000cc81  GPIOIntEnable                         
2000cb45  GPIOIntRegister                       
2000b0e5  GPIOIntTypeSet                        
2000cd37  GPIOPinRead                           
2000ca85  GPIOPinWrite                          
200069bd  GPIO_IF_ConfigureNIntEnable           
20006a49  GPIO_IF_Get                           
20006977  GPIO_IF_GetPortNPin                   
20006739  GPIO_IF_LedConfigure                  
2000682b  GPIO_IF_LedOff                        
20006777  GPIO_IF_LedOn                         
200068df  GPIO_IF_LedStatus                     
20006949  GPIO_IF_LedToggle                     
20006a05  GPIO_IF_Set                           
20006d97  GetCmd                                
20006d15  InitTerm                              
2000a14d  IntDisable                            
2000a1f5  IntEnable                             
2000cf55  IntMasterEnable                       
2000ba59  IntPendClear                          
2000bbb9  IntPrioritySet                        
2000caa5  IntRegister                           
2000c9d5  IntUnregister                         
2000cea9  IntVTableBaseSet                      
20006d33  Message                               
2000cf31  NwpMaskInterrupt                      
2000c599  NwpPowerOff                           
2000c641  NwpPowerOn                            
2000afdd  NwpPowerOnPreamble                    
2000cac5  NwpPrePowerOffTimout0                 
2000c3f1  NwpRegisterInterruptHandler           
2000cf3d  NwpUnMaskInterrupt                    
2000d352  OpcodeTranslateTable                  
200081e5  PRCMCC3200MCUInit                     
2000ce29  PRCMHIBRegRead                        
2000ce3f  PRCMHIBRegWrite                       
2000c875  PRCMPeripheralClkDisable              
2000c4a9  PRCMPeripheralClkEnable               
2000a949  PRCMPeripheralClockGet                
2000bab1  PRCMPeripheralReset                   
2000c675  PRCMPeripheralStatusGet               
2000c79d  PRCMSysResetCauseGet                  
2000ae49  PinConfigSet                          
2000c271  PinModeSet                            
2000bb09  PinMuxConfig                          
2000c6dd  PinTypeGPIO                           
2000cc9b  PinTypeUART                           
20006ed5  Report                                
2000cf23  ResetISR                              
2001f214  RxIrqCnt                              
2000cd4f  SPICSDisable                          
2000cd67  SPICSEnable                           
2000a341  SPIConfigSetExpClk                    
2000cd7f  SPIDisable                            
2000ccb5  SPIDmaDisable                         
2000cccf  SPIDmaEnable                          
2000cd97  SPIEnable                             
2000cce9  SPIFIFODisable                        
2000cd03  SPIFIFOEnable                         
2000c6a9  SPIFIFOLevelSet                       
2000bfbd  SPIIntClear                           
2000bdad  SPIIntEnable                          
2000cd1d  SPIIntUnregister                      
2000ca41  SPIReset                              
2000ca63  SPIWordCountSet                       
200045d5  SimpleLinkGeneralEventHandler         
200045b1  SimpleLinkHttpServerCallback          
2000450f  SimpleLinkNetAppEventHandler          
200045f5  SimpleLinkSockEventHandler            
20004401  SimpleLinkWlanEventHandler            
2000c0d9  TimerConfigure                        
2000cb63  TimerEnable                           
2000cae5  TimerGetCurrentTimestamp              
2000c821  TimerLoadSet                          
2000c84b  TimerPrescaleSet                      
2000cbbd  TimerValueGet                         
20006e3d  TrimSpace                             
2000cbd9  UARTCharGetNonBlocking                
2000cb81  UARTCharPut                           
2000cdaf  UARTCharsAvail                        
2000b3dd  UARTConfigSetExpClk                   
2000c70d  UARTDisable                           
2000c9f9  UARTEnable                            
2000cf79  UtilsDelay                            
2000d390  _SlActionLookupTable                  
2000a29d  _SlDriverHandleError                  
2000c005  _SlDrvBasicCmd                        
20009f29  _SlDrvCmdOp                           
2000b5a9  _SlDrvCmdSend                         
20007441  _SlDrvDataReadOp                      
200084cd  _SlDrvDataWriteOp                     
2000a51d  _SlDrvDeviceEventHandler              
2000cef7  _SlDrvDispatchHttpServerEvents        
20008d95  _SlDrvDriverCBDeinit                  
20007b79  _SlDrvDriverCBInit                    
2000c89d  _SlDrvGlobalObjUnLock                 
2000c11d  _SlDrvHandleHttpServerEvents          
2000c2b1  _SlDrvHandleNetAppEvents              
2000c2f1  _SlDrvHandleWlanEvents                
2000aca5  _SlDrvIsTimeoutExpired                
2000ce55  _SlDrvMemZero                         
2000978d  _SlDrvMsgReadSpawnCtx                 
20008fe5  _SlDrvNetAppEventHandler              
2000c965  _SlDrvObjLockWaitForever              
2000cb05  _SlDrvObjUnLock                       
2000be45  _SlDrvProtectAsyncRespSetting         
2000c7f5  _SlDrvProtectionObjLockWaitForever    
2000c8c5  _SlDrvProtectionObjUnLock             
20007625  _SlDrvReleasePoolObj                  
2000cf07  _SlDrvResetCmdExt                     
2000bc0d  _SlDrvRxIrqHandler                    
2000cbf5  _SlDrvStartMeasureTimeout             
2000cb25  _SlDrvSyncObjSignal                   
2000c8ed  _SlDrvSyncObjWaitForever              
2000c161  _SlDrvSyncObjWaitTimeout              
20007ec9  _SlDrvWaitForPoolObj                  
2000d576  _SlNetAppSendTokenValueCmdCtrl        
2000b455  _SlNonOsMainLoopTask                  
2000a09d  _SlNonOsSemGet                        
2000cdc7  _SlNonOsSemSet                        
2000b6e9  _SlNonOsSpawn                         
20030000  __STACK_END                           
00001000  __STACK_SIZE                          
00008000  __SYSMEM_SIZE                         
2000d600  __TI_CINIT_Base                       
2000d610  __TI_CINIT_Limit                      
2000d5ec  __TI_Handler_Table_Base               
2000d5f8  __TI_Handler_Table_Limit              
2000c1a5  __TI_auto_init_nobinit_nopinit        
2000b681  __TI_decompress_lzss                  
2000cf15  __TI_decompress_none                  
2000bc61  __TI_ltoa                             
ffffffff  __TI_pprof_out_hndl                   
2000571d  __TI_printfi                          
ffffffff  __TI_prof_data_size                   
ffffffff  __TI_prof_data_start                  
2000d5b8  __TI_static_base__                    
2000cc11  __TI_zero_init_nomemset               
2000aed1  __aeabi_cdcmpeq                       
2000aed1  __aeabi_cdcmple                       
2000af57  __aeabi_cdrcmple                      
2000c04d  __aeabi_d2iz                          
200079cb  __aeabi_dadd                          
20008b29  __aeabi_ddiv                          
200091e9  __aeabi_dmul                          
200079c1  __aeabi_dsub                          
2000cf69  __aeabi_errno_addr                    
2000c76d  __aeabi_i2d                           
20008c5f  __aeabi_idiv0                         
20008c5f  __aeabi_ldiv0                         
2000b2e9  __aeabi_memclr                        
2000b2e9  __aeabi_memclr4                       
2000b2e9  __aeabi_memclr8                       
2000a481  __aeabi_memcpy                        
2000a481  __aeabi_memcpy4                       
2000a481  __aeabi_memcpy8                       
2000b2eb  __aeabi_memset                        
2000b2eb  __aeabi_memset4                       
2000b2eb  __aeabi_memset8                       
2000a8b1  __aeabi_uldivmod                      
ffffffff  __binit__                             
ffffffff  __c_args__                            
UNDEFED   __mpu_init                            
2002f000  __stack                               
20017000  __start___llvm_prf_cnts               
20017000  __stop___llvm_prf_cnts                
2000ca1d  _c_int00_noargs                       
2000cf88  _ctypes_                              
2001f2a4  _lock                                 
20007b77  _nop                                  
2000b74d  _sl_HandleAsync_Accept                
2000b169  _sl_HandleAsync_Connect               
2000a9dd  _sl_HandleAsync_DnsGetHostByName      
20009ccd  _sl_HandleAsync_DnsGetHostByService   
2000ad31  _sl_HandleAsync_InitComplete          
2000aa6d  _sl_HandleAsync_PingResponse          
2000bcb5  _sl_HandleAsync_Select                
2000bd5d  _sl_HandleAsync_Stop                  
2000b615  _sl_NetAppSendTokenValue              
20017000  _sys_memory                           
UNDEFED   _system_post_cinit                    
2000cf7f  _system_pre_init                      
2001f2a8  _unlock                               
2000cf83  abort                                 
200090e9  aligned_alloc                         
2000bedd  atoi                                  
ffffffff  binit                                 
2000cf49  copysign                              
2000cf49  copysignl                             
2001f2b4  errno                                 
20009875  free                                  
2000b9fd  frexp                                 
2000b9fd  frexpl                                
2001f278  g_Host                                
2001f27c  g_SlDeviceStatus                      
2001f298  g_SpiFd                               
2001f21c  g__SlNonOsCB                          
2001f215  g_bDeviceRestartIsRequired            
2001f216  g_cDummy                              
2001f280  g_pCB                                 
2001f29c  g_pHostIntHdl                         
20004000  g_pfnVectors                          
2001f1b8  g_time                                
2001f208  g_ucConnectionBSSID                   
2001f1e4  g_ucConnectionSSID                    
2001f2a0  g_ucDMAEnabled                        
2001f168  g_ucDinDout                           
2001f217  g_ucLED1Pin                           
2001f218  g_ucLED2Pin                           
2001f219  g_ucLED3Pin                           
2001f28c  g_uiLED1Port                          
2001f290  g_uiLED2Port                          
2001f294  g_uiLED3Port                          
2001f274  g_ulGatewayIP                         
2001f270  g_ulPingPacketsRecv                   
2001f26c  g_ulStatus                            
20009bfd  ldexp                                 
20009bfd  ldexpl                                
20005109  main                                  
2000cf71  malloc                                
200090e9  memalign                              
2000cc49  memccpy                               
2000a481  memcpy                                
2000c93d  memmove                               
2000b2f1  memset                                
2001f284  pPingCallBackFunc                     
20004d65  printErrConvenience                   
20009959  realloc                               
20009bfd  scalbn                                
20009bfd  scalbnl                               
2000c4e5  simplelink_timerA2_start              
2000b8dd  sl_Close                              
20008059  sl_Connect                            
20009d99  sl_DevGet                             
2000a5b9  sl_DevSet                             
2000c22d  sl_Htonl                              
2000c521  sl_Htons                              
200088a9  sl_NetAppDnsGetHostByName             
20009a3d  sl_NetAppMDNSRegisterUnregisterService
2000b7b1  sl_NetAppMDNSUnRegisterService        
2000a651  sl_NetCfgSet                          
2000c98b  sl_Provisioning_HttpServerEventHdl    
2000c999  sl_Provisioning_NetAppEventHdl        
2000c9a5  sl_Provisioning_WlanEventHdl          
2000a3e1  sl_Recv                               
20008c61  sl_Send                               
2000a6e9  sl_SetSockOpt                         
2000adbd  sl_Socket                             
200092e5  sl_Start                              
200093d5  sl_Stop                               
20006a95  sl_WlanConnect                        
2000c5d1  sl_WlanDisconnect                     
2000aafd  sl_WlanPolicySet                      
2000b93d  sl_WlanProfileDel                     
2000b061  sl_WlanRxFilterSet                    
2000a781  sl_WlanSet                            
2000b99d  sl_WlanSetMode                        
2000b365  spi_Close                             
2000861d  spi_Open                              
200094c5  spi_Read                              
2000a819  spi_Write                             
2000c371  sprintf                               
2000ce6b  strchr                                
2000cebd  strcpy                                
2000ced1  strlen                                
2000bf29  uDMAChannelAssign                     
2000b815  uDMAChannelAttributeDisable           
2000b879  uDMAChannelAttributeEnable            
2000c55d  uDMAChannelControlSet                 
2000cc65  uDMAChannelEnable                     
200095b5  uDMAChannelTransferSet                
2000c3b1  vsnprintf                             
2000cee5  wcslen                                


GLOBAL SYMBOLS: SORTED BY Symbol Address 

address   name                                  
-------   ----                                  
00001000  __STACK_SIZE                          
00008000  __SYSMEM_SIZE                         
20004000  g_pfnVectors                          
20004401  SimpleLinkWlanEventHandler            
2000450f  SimpleLinkNetAppEventHandler          
200045b1  SimpleLinkHttpServerCallback          
200045d5  SimpleLinkGeneralEventHandler         
200045f5  SimpleLinkSockEventHandler            
20004d65  printErrConvenience                   
20005109  main                                  
2000571d  __TI_printfi                          
20006739  GPIO_IF_LedConfigure                  
20006777  GPIO_IF_LedOn                         
2000682b  GPIO_IF_LedOff                        
200068df  GPIO_IF_LedStatus                     
20006949  GPIO_IF_LedToggle                     
20006977  GPIO_IF_GetPortNPin                   
200069bd  GPIO_IF_ConfigureNIntEnable           
20006a05  GPIO_IF_Set                           
20006a49  GPIO_IF_Get                           
20006a95  sl_WlanConnect                        
20006d15  InitTerm                              
20006d33  Message                               
20006d55  ClearTerm                             
20006d5f  Error                                 
20006d97  GetCmd                                
20006e3d  TrimSpace                             
20006ed5  Report                                
20007441  _SlDrvDataReadOp                      
20007625  _SlDrvReleasePoolObj                  
200079c1  __aeabi_dsub                          
200079cb  __aeabi_dadd                          
20007b77  _nop                                  
20007b79  _SlDrvDriverCBInit                    
20007ec9  _SlDrvWaitForPoolObj                  
20008059  sl_Connect                            
200081e5  PRCMCC3200MCUInit                     
200084cd  _SlDrvDataWriteOp                     
2000861d  spi_Open                              
200088a9  sl_NetAppDnsGetHostByName             
20008b29  __aeabi_ddiv                          
20008c5f  __aeabi_idiv0                         
20008c5f  __aeabi_ldiv0                         
20008c61  sl_Send                               
20008d95  _SlDrvDriverCBDeinit                  
20008fe5  _SlDrvNetAppEventHandler              
200090e9  aligned_alloc                         
200090e9  memalign                              
200091e9  __aeabi_dmul                          
200092e5  sl_Start                              
200093d5  sl_Stop                               
200094c5  spi_Read                              
200095b5  uDMAChannelTransferSet                
2000978d  _SlDrvMsgReadSpawnCtx                 
20009875  free                                  
20009959  realloc                               
20009a3d  sl_NetAppMDNSRegisterUnregisterService
20009bfd  ldexp                                 
20009bfd  ldexpl                                
20009bfd  scalbn                                
20009bfd  scalbnl                               
20009ccd  _sl_HandleAsync_DnsGetHostByService   
20009d99  sl_DevGet                             
20009f29  _SlDrvCmdOp                           
2000a09d  _SlNonOsSemGet                        
2000a14d  IntDisable                            
2000a1f5  IntEnable                             
2000a29d  _SlDriverHandleError                  
2000a341  SPIConfigSetExpClk                    
2000a3e1  sl_Recv                               
2000a481  __aeabi_memcpy                        
2000a481  __aeabi_memcpy4                       
2000a481  __aeabi_memcpy8                       
2000a481  memcpy                                
2000a51d  _SlDrvDeviceEventHandler              
2000a5b9  sl_DevSet                             
2000a651  sl_NetCfgSet                          
2000a6e9  sl_SetSockOpt                         
2000a781  sl_WlanSet                            
2000a819  spi_Write                             
2000a8b1  __aeabi_uldivmod                      
2000a949  PRCMPeripheralClockGet                
2000a9dd  _sl_HandleAsync_DnsGetHostByName      
2000aa6d  _sl_HandleAsync_PingResponse          
2000aafd  sl_WlanPolicySet                      
2000aca5  _SlDrvIsTimeoutExpired                
2000ad31  _sl_HandleAsync_InitComplete          
2000adbd  sl_Socket                             
2000ae49  PinConfigSet                          
2000aed1  __aeabi_cdcmpeq                       
2000aed1  __aeabi_cdcmple                       
2000af57  __aeabi_cdrcmple                      
2000afdd  NwpPowerOnPreamble                    
2000b061  sl_WlanRxFilterSet                    
2000b0e5  GPIOIntTypeSet                        
2000b169  _sl_HandleAsync_Connect               
2000b2e9  __aeabi_memclr                        
2000b2e9  __aeabi_memclr4                       
2000b2e9  __aeabi_memclr8                       
2000b2eb  __aeabi_memset                        
2000b2eb  __aeabi_memset4                       
2000b2eb  __aeabi_memset8                       
2000b2f1  memset                                
2000b365  spi_Close                             
2000b3dd  UARTConfigSetExpClk                   
2000b455  _SlNonOsMainLoopTask                  
2000b5a9  _SlDrvCmdSend                         
2000b615  _sl_NetAppSendTokenValue              
2000b681  __TI_decompress_lzss                  
2000b6e9  _SlNonOsSpawn                         
2000b74d  _sl_HandleAsync_Accept                
2000b7b1  sl_NetAppMDNSUnRegisterService        
2000b815  uDMAChannelAttributeDisable           
2000b879  uDMAChannelAttributeEnable            
2000b8dd  sl_Close                              
2000b93d  sl_WlanProfileDel                     
2000b99d  sl_WlanSetMode                        
2000b9fd  frexp                                 
2000b9fd  frexpl                                
2000ba59  IntPendClear                          
2000bab1  PRCMPeripheralReset                   
2000bb09  PinMuxConfig                          
2000bbb9  IntPrioritySet                        
2000bc0d  _SlDrvRxIrqHandler                    
2000bc61  __TI_ltoa                             
2000bcb5  _sl_HandleAsync_Select                
2000bd5d  _sl_HandleAsync_Stop                  
2000bdad  SPIIntEnable                          
2000be45  _SlDrvProtectAsyncRespSetting         
2000bedd  atoi                                  
2000bf29  uDMAChannelAssign                     
2000bfbd  SPIIntClear                           
2000c005  _SlDrvBasicCmd                        
2000c04d  __aeabi_d2iz                          
2000c0d9  TimerConfigure                        
2000c11d  _SlDrvHandleHttpServerEvents          
2000c161  _SlDrvSyncObjWaitTimeout              
2000c1a5  __TI_auto_init_nobinit_nopinit        
2000c22d  sl_Htonl                              
2000c271  PinModeSet                            
2000c2b1  _SlDrvHandleNetAppEvents              
2000c2f1  _SlDrvHandleWlanEvents                
2000c371  sprintf                               
2000c3b1  vsnprintf                             
2000c3f1  NwpRegisterInterruptHandler           
2000c4a9  PRCMPeripheralClkEnable               
2000c4e5  simplelink_timerA2_start              
2000c521  sl_Htons                              
2000c55d  uDMAChannelControlSet                 
2000c599  NwpPowerOff                           
2000c5d1  sl_WlanDisconnect                     
2000c609  GPIODirModeSet                        
2000c641  NwpPowerOn                            
2000c675  PRCMPeripheralStatusGet               
2000c6a9  SPIFIFOLevelSet                       
2000c6dd  PinTypeGPIO                           
2000c70d  UARTDisable                           
2000c76d  __aeabi_i2d                           
2000c79d  PRCMSysResetCauseGet                  
2000c7f5  _SlDrvProtectionObjLockWaitForever    
2000c821  TimerLoadSet                          
2000c84b  TimerPrescaleSet                      
2000c875  PRCMPeripheralClkDisable              
2000c89d  _SlDrvGlobalObjUnLock                 
2000c8c5  _SlDrvProtectionObjUnLock             
2000c8ed  _SlDrvSyncObjWaitForever              
2000c93d  memmove                               
2000c965  _SlDrvObjLockWaitForever              
2000c98b  sl_Provisioning_HttpServerEventHdl    
2000c999  sl_Provisioning_NetAppEventHdl        
2000c9a5  sl_Provisioning_WlanEventHdl          
2000c9b1  DmaSpiSwIntHandler                    
2000c9d5  IntUnregister                         
2000c9f9  UARTEnable                            
2000ca1d  _c_int00_noargs                       
2000ca41  SPIReset                              
2000ca63  SPIWordCountSet                       
2000ca85  GPIOPinWrite                          
2000caa5  IntRegister                           
2000cac5  NwpPrePowerOffTimout0                 
2000cae5  TimerGetCurrentTimestamp              
2000cb05  _SlDrvObjUnLock                       
2000cb25  _SlDrvSyncObjSignal                   
2000cb45  GPIOIntRegister                       
2000cb63  TimerEnable                           
2000cb81  UARTCharPut                           
2000cbbd  TimerValueGet                         
2000cbd9  UARTCharGetNonBlocking                
2000cbf5  _SlDrvStartMeasureTimeout             
2000cc11  __TI_zero_init_nomemset               
2000cc49  memccpy                               
2000cc65  uDMAChannelEnable                     
2000cc81  GPIOIntEnable                         
2000cc9b  PinTypeUART                           
2000ccb5  SPIDmaDisable                         
2000cccf  SPIDmaEnable                          
2000cce9  SPIFIFODisable                        
2000cd03  SPIFIFOEnable                         
2000cd1d  SPIIntUnregister                      
2000cd37  GPIOPinRead                           
2000cd4f  SPICSDisable                          
2000cd67  SPICSEnable                           
2000cd7f  SPIDisable                            
2000cd97  SPIEnable                             
2000cdaf  UARTCharsAvail                        
2000cdc7  _SlNonOsSemSet                        
2000ce29  PRCMHIBRegRead                        
2000ce3f  PRCMHIBRegWrite                       
2000ce55  _SlDrvMemZero                         
2000ce6b  strchr                                
2000ce81  CPUcpsie                              
2000ce95  GPIOIntClear                          
2000cea9  IntVTableBaseSet                      
2000cebd  strcpy                                
2000ced1  strlen                                
2000cee5  wcslen                                
2000cef7  _SlDrvDispatchHttpServerEvents        
2000cf07  _SlDrvResetCmdExt                     
2000cf15  __TI_decompress_none                  
2000cf23  ResetISR                              
2000cf31  NwpMaskInterrupt                      
2000cf3d  NwpUnMaskInterrupt                    
2000cf49  copysign                              
2000cf49  copysignl                             
2000cf55  IntMasterEnable                       
2000cf69  __aeabi_errno_addr                    
2000cf71  malloc                                
2000cf79  UtilsDelay                            
2000cf7f  _system_pre_init                      
2000cf83  C$$EXIT                               
2000cf83  abort                                 
2000cf88  _ctypes_                              
2000d352  OpcodeTranslateTable                  
2000d390  _SlActionLookupTable                  
2000d576  _SlNetAppSendTokenValueCmdCtrl        
2000d5b8  __TI_static_base__                    
2000d5ec  __TI_Handler_Table_Base               
2000d5f8  __TI_Handler_Table_Limit              
2000d600  __TI_CINIT_Base                       
2000d610  __TI_CINIT_Limit                      
20017000  __start___llvm_prf_cnts               
20017000  __stop___llvm_prf_cnts                
20017000  _sys_memory                           
2001f168  g_ucDinDout                           
2001f1b8  g_time                                
2001f1e4  g_ucConnectionSSID                    
2001f208  g_ucConnectionBSSID                   
2001f214  RxIrqCnt                              
2001f215  g_bDeviceRestartIsRequired            
2001f216  g_cDummy                              
2001f217  g_ucLED1Pin                           
2001f218  g_ucLED2Pin                           
2001f219  g_ucLED3Pin                           
2001f21c  g__SlNonOsCB                          
2001f26c  g_ulStatus                            
2001f270  g_ulPingPacketsRecv                   
2001f274  g_ulGatewayIP                         
2001f278  g_Host                                
2001f27c  g_SlDeviceStatus                      
2001f280  g_pCB                                 
2001f284  pPingCallBackFunc                     
2001f28c  g_uiLED1Port                          
2001f290  g_uiLED2Port                          
2001f294  g_uiLED3Port                          
2001f298  g_SpiFd                               
2001f29c  g_pHostIntHdl                         
2001f2a0  g_ucDMAEnabled                        
2001f2a4  _lock                                 
2001f2a8  _unlock                               
2001f2b4  errno                                 
2002f000  __stack                               
20030000  __STACK_END                           
ffffffff  __TI_pprof_out_hndl                   
ffffffff  __TI_prof_data_size                   
ffffffff  __TI_prof_data_start                  
ffffffff  __binit__                             
ffffffff  __c_args__                            
ffffffff  binit                                 
UNDEFED   __mpu_init                            
UNDEFED   _system_post_cinit                    

[280 symbols]
