******************************************************************************
                  TI ARM Linker Unix v20.2.7                   
******************************************************************************
>> Linked Tue Feb 27 10:42:26 2024

OUTPUT FILE NAME:   <lab4.out>
ENTRY POINT SYMBOL: "_c_int00_noargs"  address: 2000ca11


MEMORY CONFIGURATION

         name            origin    length      used     unused   attr    fill
----------------------  --------  ---------  --------  --------  ----  --------
  SRAM_CODE             20004000   00013000  000095e6  00009a1a  RW X
  SRAM_DATA             20017000   00019000  000092ba  0000fd46  RW X


SEGMENT ALLOCATION MAP

run origin  load origin   length   init length attrs members
----------  ----------- ---------- ----------- ----- -------
20004000    20004000    000095e8   000095e8    r-x
  20004000    20004000    00000400   00000400    r-- .intvecs
  20004400    20004400    00008b7a   00008b7a    r-x .text
  2000cf7c    2000cf7c    00000614   00000614    r-- .const
  2000d590    2000d590    00000058   00000058    r-- .cinit
20017000    20017000    000082bc   00000000    rw-
  20017000    20017000    00008000   00000000    rw- .sysmem
  2001f000    2001f000    0000021a   00000000    rw- .bss
  2001f21c    2001f21c    000000a0   00000000    rw- .data
2002f000    2002f000    00001000   00000000    rw-
  2002f000    2002f000    00001000   00000000    rw- .stack


SECTION ALLOCATION MAP

 output                                  attributes/
section   page    origin      length       input sections
--------  ----  ----------  ----------   ----------------
.intvecs   0    20004000    00000400     
                  20004000    00000400     startup_ccs.obj (.intvecs)

.init_array 
*          0    20004000    00000000     UNINITIALIZED

.text      0    20004400    00008b7a     
                  20004400    00001310     main.obj (.text)
                  20005710    00000a4e     rtsv7M4_T_le_eabi.lib : _printfi.c.obj (.text:__TI_printfi)
                  2000615e    00000002     driverlib.a : interrupt.obj (.text:IntDefaultHandler)
                  20006160    00000590     simplelink.a : driver.obj (.text:_SlDrvMsgRead)
                  200066f0    00000398     gpio_if.obj (.text)
                  20006a88    00000280     simplelink.a : wlan.obj (.text:sl_WlanConnect)
                  20006d08    0000027c     uart_if.obj (.text)
                  20006f84    00000268     rtsv7M4_T_le_eabi.lib : _printfi.c.obj (.text:_pconv_a)
                  200071ec    00000248     simplelink.a : driver.obj (.text:_SlDrvRxHdrRead)
                  20007434    000001e4                  : driver.obj (.text:_SlDrvDataReadOp)
                  20007618    000001d0                  : driver.obj (.text:_SlDrvReleasePoolObj)
                  200077e8    000001cc     rtsv7M4_T_le_eabi.lib : _printfi.c.obj (.text:_pconv_g)
                  200079b4    000001b6                           : fd_add_t2.asm.obj (.text)
                  20007b6a    00000002                           : _lock.c.obj (.text:_nop)
                  20007b6c    000001b4     simplelink.a : driver.obj (.text:_SlDrvDriverCBInit)
                  20007d20    0000019c                  : driver.obj (.text:_SlDrvMsgWrite)
                  20007ebc    00000190                  : driver.obj (.text:_SlDrvWaitForPoolObj)
                  2000804c    0000018c                  : socket.obj (.text:sl_Connect)
                  200081d8    00000178     driverlib.a : prcm.obj (.text:PRCMCC3200MCUInit)
                  20008350    00000170     simplelink.a : driver.obj (.text:_SlFindAndSetActiveObj)
                  200084c0    00000150                  : driver.obj (.text:_SlDrvDataWriteOp)
                  20008610    00000148                  : cc_pal.obj (.text:spi_Open)
                  20008758    00000144                  : driver.obj (.text:_SlDrvMsgReadCmdCtx)
                  2000889c    00000144                  : netapp.obj (.text:sl_NetAppDnsGetHostByName)
                  200089e0    0000013c     rtsv7M4_T_le_eabi.lib : _printfi.c.obj (.text:_pconv_e)
                  20008b1c    00000136                           : fd_div_t2.asm.obj (.text)
                  20008c52    00000002                           : div0.asm.obj (.text)
                  20008c54    00000134     simplelink.a : socket.obj (.text:sl_Send)
                  20008d88    00000130                  : driver.obj (.text:_SlDrvDriverCBDeinit)
                  20008eb8    00000120     rtsv7M4_T_le_eabi.lib : _printfi.c.obj (.text:fcvt)
                  20008fd8    00000104     simplelink.a : netapp.obj (.text:_SlDrvNetAppEventHandler)
                  200090dc    00000100     rtsv7M4_T_le_eabi.lib : memory.c.obj (.text:aligned_alloc)
                  200091dc    000000fc                           : fd_mul_t2.asm.obj (.text)
                  200092d8    000000f0     simplelink.a : device.obj (.text:sl_Start)
                  200093c8    000000f0                  : device.obj (.text:sl_Stop)
                  200094b8    000000f0                  : cc_pal.obj (.text:spi_Read)
                  200095a8    000000f0     driverlib.a : udma.obj (.text:uDMAChannelTransferSet)
                  20009698    000000e8     simplelink.a : driver.obj (.text:_SlAsyncEventGenericHandler)
                  20009780    000000e8                  : driver.obj (.text:_SlDrvMsgReadSpawnCtx)
                  20009868    000000e4     rtsv7M4_T_le_eabi.lib : memory.c.obj (.text:free)
                  2000994c    000000e4                           : memory.c.obj (.text:realloc)
                  20009a30    000000e4     simplelink.a : netapp.obj (.text:sl_NetAppMDNSRegisterUnregisterService)
                  20009b14    000000dc                  : driver.obj (.text:_SlDrvClassifyRxMsg)
                  20009bf0    000000d0     rtsv7M4_T_le_eabi.lib : s_scalbn.c.obj (.text:scalbn)
                  20009cc0    000000cc     simplelink.a : netapp.obj (.text:_sl_HandleAsync_DnsGetHostByService)
                  20009d8c    000000cc                  : device.obj (.text:sl_DevGet)
                  20009e58    000000c4                  : driver.obj (.text:_SlRemoveFromList)
                  20009f1c    000000c0                  : driver.obj (.text:_SlDrvCmdOp)
                  20009fdc    000000b1     rtsv7M4_T_le_eabi.lib : _printfi.c.obj (.text:_ltostr)
                  2000a08d    00000003     --HOLE-- [fill = 0]
                  2000a090    000000b0     simplelink.a : nonos.obj (.text:_SlNonOsSemGet)
                  2000a140    000000a8     driverlib.a : interrupt.obj (.text:IntDisable)
                  2000a1e8    000000a8                 : interrupt.obj (.text:IntEnable)
                  2000a290    000000a4     simplelink.a : driver.obj (.text:_SlDriverHandleError)
                  2000a334    000000a0     driverlib.a : spi.obj (.text:SPIConfigSetExpClk)
                  2000a3d4    000000a0     simplelink.a : socket.obj (.text:sl_Recv)
                  2000a474    0000009c     rtsv7M4_T_le_eabi.lib : memcpy_t2.asm.obj (.text)
                  2000a510    0000009a     simplelink.a : device.obj (.text:_SlDrvDeviceEventHandler)
                  2000a5aa    00000002     --HOLE-- [fill = 0]
                  2000a5ac    00000098                  : device.obj (.text:sl_DevSet)
                  2000a644    00000098                  : netcfg.obj (.text:sl_NetCfgSet)
                  2000a6dc    00000098                  : socket.obj (.text:sl_SetSockOpt)
                  2000a774    00000098                  : wlan.obj (.text:sl_WlanSet)
                  2000a80c    00000098                  : cc_pal.obj (.text:spi_Write)
                  2000a8a4    00000096     rtsv7M4_T_le_eabi.lib : ull_div_t2.asm.obj (.text)
                  2000a93a    00000002     --HOLE-- [fill = 0]
                  2000a93c    00000094     driverlib.a : prcm.obj (.text:PRCMPeripheralClockGet)
                  2000a9d0    00000090     simplelink.a : netapp.obj (.text:_sl_HandleAsync_DnsGetHostByName)
                  2000aa60    00000090                  : netapp.obj (.text:_sl_HandleAsync_PingResponse)
                  2000aaf0    00000090                  : wlan.obj (.text:sl_WlanPolicySet)
                  2000ab80    0000008c                  : cc_pal.obj (.text:SetupDMAReceive)
                  2000ac0c    0000008c                  : cc_pal.obj (.text:SetupDMASend)
                  2000ac98    0000008c                  : driver.obj (.text:_SlDrvIsTimeoutExpired)
                  2000ad24    0000008c                  : device.obj (.text:_sl_HandleAsync_InitComplete)
                  2000adb0    0000008c                  : socket.obj (.text:sl_Socket)
                  2000ae3c    00000088     driverlib.a : pin.obj (.text:PinConfigSet)
                  2000aec4    00000086     rtsv7M4_T_le_eabi.lib : fd_cmp_t2.asm.obj (.text:__aeabi_cdcmple)
                  2000af4a    00000086                           : fd_cmp_t2.asm.obj (.text:__aeabi_cdrcmple)
                  2000afd0    00000084     simplelink.a : cc_pal.obj (.text:NwpPowerOnPreamble)
                  2000b054    00000084                  : wlan.obj (.text:sl_WlanRxFilterSet)
                  2000b0d8    00000082     driverlib.a : gpio.obj (.text:GPIOIntTypeSet)
                  2000b15a    00000002     --HOLE-- [fill = 0]
                  2000b15c    00000080     simplelink.a : socket.obj (.text:_sl_HandleAsync_Connect)
                  2000b1dc    00000080                  : cc_pal.obj (.text:spi_Read_CPU)
                  2000b25c    00000080                  : cc_pal.obj (.text:spi_Write_CPU)
                  2000b2dc    0000007a     rtsv7M4_T_le_eabi.lib : memset_t2.asm.obj (.text)
                  2000b356    00000002     --HOLE-- [fill = 0]
                  2000b358    00000078     simplelink.a : cc_pal.obj (.text:spi_Close)
                  2000b3d0    00000076     driverlib.a : uart.obj (.text:UARTConfigSetExpClk)
                  2000b446    00000002     --HOLE-- [fill = 0]
                  2000b448    00000074     simplelink.a : nonos.obj (.text:_SlNonOsMainLoopTask)
                  2000b4bc    00000070     rtsv7M4_T_le_eabi.lib : memory.c.obj (.text:split)
                  2000b52c    0000006e                           : _printfi.c.obj (.text:_mcpy)
                  2000b59a    00000002     --HOLE-- [fill = 0]
                  2000b59c    0000006c     simplelink.a : driver.obj (.text:_SlDrvCmdSend)
                  2000b608    0000006c                  : netapp.obj (.text:_sl_NetAppSendTokenValue)
                  2000b674    00000068     rtsv7M4_T_le_eabi.lib : copy_decompress_lzss.c.obj (.text:decompress:lzss:__TI_decompress_lzss)
                  2000b6dc    00000064     simplelink.a : nonos.obj (.text:_SlNonOsSpawn)
                  2000b740    00000064                  : socket.obj (.text:_sl_HandleAsync_Accept)
                  2000b7a4    00000064                  : netapp.obj (.text:sl_NetAppMDNSUnRegisterService)
                  2000b808    00000064     driverlib.a : udma.obj (.text:uDMAChannelAttributeDisable)
                  2000b86c    00000064                 : udma.obj (.text:uDMAChannelAttributeEnable)
                  2000b8d0    00000060     simplelink.a : socket.obj (.text:sl_Close)
                  2000b930    00000060                  : wlan.obj (.text:sl_WlanProfileDel)
                  2000b990    00000060                  : wlan.obj (.text:sl_WlanSetMode)
                  2000b9f0    0000005c     rtsv7M4_T_le_eabi.lib : s_frexp.c.obj (.text:frexp)
                  2000ba4c    00000058     driverlib.a : interrupt.obj (.text:IntPendClear)
                  2000baa4    00000058                 : prcm.obj (.text:PRCMPeripheralReset)
                  2000bafc    00000058     pinmux.obj (.text)
                  2000bb54    00000056     rtsv7M4_T_le_eabi.lib : _printfi.c.obj (.text:_pconv_f)
                  2000bbaa    00000002     --HOLE-- [fill = 0]
                  2000bbac    00000054     driverlib.a : interrupt.obj (.text:IntPrioritySet)
                  2000bc00    00000054     simplelink.a : driver.obj (.text:_SlDrvRxIrqHandler)
                  2000bc54    00000054     rtsv7M4_T_le_eabi.lib : _ltoa.c.obj (.text:__TI_ltoa)
                  2000bca8    00000054     simplelink.a : socket.obj (.text:_sl_HandleAsync_Select)
                  2000bcfc    00000052     rtsv7M4_T_le_eabi.lib : _printfi.c.obj (.text:_ecpy)
                  2000bd4e    00000002     --HOLE-- [fill = 0]
                  2000bd50    00000050     simplelink.a : device.obj (.text:_sl_HandleAsync_Stop)
                  2000bda0    0000004c     driverlib.a : spi.obj (.text:SPIIntEnable)
                  2000bdec    0000004c                 : spi.obj (.text:SPIIntNumberGet)
                  2000be38    0000004c     simplelink.a : driver.obj (.text:_SlDrvProtectAsyncRespSetting)
                  2000be84    0000004c                  : socket.obj (.text:_sl_BuildAddress)
                  2000bed0    0000004c     rtsv7M4_T_le_eabi.lib : atoi.c.obj (.text:atoi)
                  2000bf1c    0000004c     driverlib.a : udma.obj (.text:uDMAChannelAssign)
                  2000bf68    00000048                 : gpio.obj (.text:GPIOGetIntNumber)
                  2000bfb0    00000048                 : spi.obj (.text:SPIIntClear)
                  2000bff8    00000048     simplelink.a : driver.obj (.text:_SlDrvBasicCmd)
                  2000c040    00000048     rtsv7M4_T_le_eabi.lib : fd_toi_t2.asm.obj (.text)
                  2000c088    00000044     driverlib.a : spi.obj (.text:SPIDmaMaskGet)
                  2000c0cc    00000044                 : timer.obj (.text:TimerConfigure)
                  2000c110    00000044     simplelink.a : driver.obj (.text:_SlDrvHandleHttpServerEvents)
                  2000c154    00000044                  : driver.obj (.text:_SlDrvSyncObjWaitTimeout)
                  2000c198    00000044     rtsv7M4_T_le_eabi.lib : autoinit.c.obj (.text:__TI_auto_init_nobinit_nopinit:__TI_auto_init_nobinit_nopinit)
                  2000c1dc    00000044     simplelink.a : cc_pal.obj (.text:cc_SetupTransfer)
                  2000c220    00000042                  : socket.obj (.text:sl_Htonl)
                  2000c262    00000002     --HOLE-- [fill = 0]
                  2000c264    00000040     driverlib.a : pin.obj (.text:PinModeSet)
                  2000c2a4    00000040     simplelink.a : driver.obj (.text:_SlDrvHandleNetAppEvents)
                  2000c2e4    00000040                  : driver.obj (.text:_SlDrvHandleWlanEvents)
                  2000c324    00000040                  : socket.obj (.text:_sl_TruncatePayloadByProtocol)
                  2000c364    00000040     rtsv7M4_T_le_eabi.lib : sprintf.c.obj (.text:sprintf)
                  2000c3a4    00000040                           : vsnprintf.c.obj (.text:vsnprintf)
                  2000c3e4    0000003e     simplelink.a : cc_pal.obj (.text:NwpRegisterInterruptHandler)
                  2000c422    0000003e     rtsv7M4_T_le_eabi.lib : _printfi.c.obj (.text:_fcpy)
                  2000c460    0000003c     simplelink.a : netapp.obj (.text:CopyPingResultsToReport)
                  2000c49c    0000003c     driverlib.a : prcm.obj (.text:PRCMPeripheralClkEnable)
                  2000c4d8    0000003c     simplelink.a : cc_pal.obj (.text:simplelink_timerA2_start)
                  2000c514    0000003c                  : socket.obj (.text:sl_Htons)
                  2000c550    0000003c     driverlib.a : udma.obj (.text:uDMAChannelControlSet)
                  2000c58c    00000038     simplelink.a : cc_pal.obj (.text:NwpPowerOff)
                  2000c5c4    00000038                  : wlan.obj (.text:sl_WlanDisconnect)
                  2000c5fc    00000036     driverlib.a : gpio.obj (.text:GPIODirModeSet)
                  2000c632    00000002     --HOLE-- [fill = 0]
                  2000c634    00000034     simplelink.a : cc_pal.obj (.text:NwpPowerOn)
                  2000c668    00000034     driverlib.a : prcm.obj (.text:PRCMPeripheralStatusGet)
                  2000c69c    00000034                 : spi.obj (.text:SPIFIFOLevelSet)
                  2000c6d0    00000030                 : pin.obj (.text:PinTypeGPIO)
                  2000c700    00000030                 : uart.obj (.text:UARTDisable)
                  2000c730    00000030     rtsv7M4_T_le_eabi.lib : vsnprintf.c.obj (.text:_outs)
                  2000c760    0000002e                           : i_tofd_t2.asm.obj (.text)
                  2000c78e    00000002     --HOLE-- [fill = 0]
                  2000c790    0000002c     driverlib.a : prcm.obj (.text:PRCMSysResetCauseGet)
                  2000c7bc    0000002c     simplelink.a : driver.obj (.text:_SlDrvObjGlobalLockWaitForever)
                  2000c7e8    0000002c                  : driver.obj (.text:_SlDrvProtectionObjLockWaitForever)
                  2000c814    0000002a     driverlib.a : timer.obj (.text:TimerLoadSet)
                  2000c83e    0000002a                 : timer.obj (.text:TimerPrescaleSet)
                  2000c868    00000028                 : prcm.obj (.text:PRCMPeripheralClkDisable)
                  2000c890    00000028     simplelink.a : driver.obj (.text:_SlDrvGlobalObjUnLock)
                  2000c8b8    00000028                  : driver.obj (.text:_SlDrvProtectionObjUnLock)
                  2000c8e0    00000028                  : driver.obj (.text:_SlDrvSyncObjWaitForever)
                  2000c908    00000028     rtsv7M4_T_le_eabi.lib : memory.c.obj (.text:free_list_insert)
                  2000c930    00000028                           : memmov.c.obj (.text:memmove)
                  2000c958    00000026     simplelink.a : driver.obj (.text:_SlDrvObjLockWaitForever)
                  2000c97e    00000026     network_common.obj (.text)
                  2000c9a4    00000024     simplelink.a : cc_pal.obj (.text:DmaSpiSwIntHandler)
                  2000c9c8    00000024     driverlib.a : interrupt.obj (.text:IntUnregister)
                  2000c9ec    00000024                 : uart.obj (.text:UARTEnable)
                  2000ca10    00000024     rtsv7M4_T_le_eabi.lib : boot_cortex_m.c.obj (.text:_c_int00_noargs:_c_int00_noargs)
                  2000ca34    00000022     driverlib.a : spi.obj (.text:SPIReset)
                  2000ca56    00000022                 : spi.obj (.text:SPIWordCountSet)
                  2000ca78    00000020                 : gpio.obj (.text:GPIOPinWrite)
                  2000ca98    00000020                 : interrupt.obj (.text:IntRegister)
                  2000cab8    00000020     simplelink.a : cc_pal.obj (.text:NwpPrePowerOffTimout0)
                  2000cad8    00000020                  : cc_pal.obj (.text:TimerGetCurrentTimestamp)
                  2000caf8    00000020                  : driver.obj (.text:_SlDrvObjUnLock)
                  2000cb18    00000020                  : driver.obj (.text:_SlDrvSyncObjSignal)
                  2000cb38    0000001e     driverlib.a : gpio.obj (.text:GPIOIntRegister)
                  2000cb56    0000001e                 : timer.obj (.text:TimerEnable)
                  2000cb74    0000001e                 : uart.obj (.text:UARTCharPut)
                  2000cb92    0000001e     simplelink.a : cc_pal.obj (.text:cc_UDMAChannelSelect)
                  2000cbb0    0000001c     driverlib.a : timer.obj (.text:TimerValueGet)
                  2000cbcc    0000001c                 : uart.obj (.text:UARTCharGetNonBlocking)
                  2000cbe8    0000001c     simplelink.a : driver.obj (.text:_SlDrvStartMeasureTimeout)
                  2000cc04    0000001c     rtsv7M4_T_le_eabi.lib : copy_zero_init.c.obj (.text:decompress:ZI:__TI_zero_init_nomemset:__TI_zero_init_nomemset)
                  2000cc20    0000001c                           : memory.c.obj (.text:free_list_remove)
                  2000cc3c    0000001c                           : memccpy.c.obj (.text:memccpy)
                  2000cc58    0000001c     driverlib.a : udma.obj (.text:uDMAChannelEnable)
                  2000cc74    0000001a                 : gpio.obj (.text:GPIOIntEnable)
                  2000cc8e    0000001a                 : pin.obj (.text:PinTypeUART)
                  2000cca8    0000001a                 : spi.obj (.text:SPIDmaDisable)
                  2000ccc2    0000001a                 : spi.obj (.text:SPIDmaEnable)
                  2000ccdc    0000001a                 : spi.obj (.text:SPIFIFODisable)
                  2000ccf6    0000001a                 : spi.obj (.text:SPIFIFOEnable)
                  2000cd10    0000001a                 : spi.obj (.text:SPIIntUnregister)
                  2000cd2a    00000018                 : gpio.obj (.text:GPIOPinRead)
                  2000cd42    00000018                 : spi.obj (.text:SPICSDisable)
                  2000cd5a    00000018                 : spi.obj (.text:SPICSEnable)
                  2000cd72    00000018                 : spi.obj (.text:SPIDisable)
                  2000cd8a    00000018                 : spi.obj (.text:SPIEnable)
                  2000cda2    00000018                 : uart.obj (.text:UARTCharsAvail)
                  2000cdba    00000018     simplelink.a : nonos.obj (.text:_SlNonOsSemSet)
                  2000cdd2    00000018     rtsv7M4_T_le_eabi.lib : vsnprintf.c.obj (.text:_outc)
                  2000cdea    00000018                           : sprintf.c.obj (.text:_outs)
                  2000ce02    00000002     --HOLE-- [fill = 0]
                  2000ce04    00000018     simplelink.a : device.obj (.text:_sl_GetStartResponseConvert)
                  2000ce1c    00000016     driverlib.a : prcm.obj (.text:PRCMHIBRegRead)
                  2000ce32    00000016                 : prcm.obj (.text:PRCMHIBRegWrite)
                  2000ce48    00000016     simplelink.a : driver.obj (.text:_SlDrvMemZero)
                  2000ce5e    00000016     rtsv7M4_T_le_eabi.lib : strchr.c.obj (.text:strchr)
                  2000ce74    00000014     driverlib.a : cpu.obj (.text:CPUcpsie)
                  2000ce88    00000014                 : gpio.obj (.text:GPIOIntClear)
                  2000ce9c    00000014                 : interrupt.obj (.text:IntVTableBaseSet)
                  2000ceb0    00000014     rtsv7M4_T_le_eabi.lib : strcpy.c.obj (.text:strcpy)
                  2000cec4    00000014                           : strlen.c.obj (.text:strlen)
                  2000ced8    00000012                           : wcslen.c.obj (.text:wcslen)
                  2000ceea    00000010     simplelink.a : driver.obj (.text:_SlDrvDispatchHttpServerEvents)
                  2000cefa    0000000e                  : driver.obj (.text:_SlDrvResetCmdExt)
                  2000cf08    0000000e     rtsv7M4_T_le_eabi.lib : copy_decompress_none.c.obj (.text:decompress:none:__TI_decompress_none)
                  2000cf16    0000000e     startup_ccs.obj (.text)
                  2000cf24    0000000c     simplelink.a : cc_pal.obj (.text:NwpMaskInterrupt)
                  2000cf30    0000000c                  : cc_pal.obj (.text:NwpUnMaskInterrupt)
                  2000cf3c    0000000c     rtsv7M4_T_le_eabi.lib : s_copysign.c.obj (.text:copysign)
                  2000cf48    0000000a     driverlib.a : interrupt.obj (.text:IntMasterEnable)
                  2000cf52    0000000a     rtsv7M4_T_le_eabi.lib : sprintf.c.obj (.text:_outc)
                  2000cf5c    00000008                           : errno.c.obj (.text:__aeabi_errno_addr)
                  2000cf64    00000008                           : memory.c.obj (.text:malloc)
                  2000cf6c    00000006     driverlib.a : utils.obj (.text:UtilsDelay)
                  2000cf72    00000004     rtsv7M4_T_le_eabi.lib : pre_init.c.obj (.text:_system_pre_init)
                  2000cf76    00000004                           : exit.c.obj (.text:abort:abort)

.const     0    2000cf7c    00000614     
                  2000cf7c    00000101     rtsv7M4_T_le_eabi.lib : ctype.c.obj (.const:.string:_ctypes_)
                  2000d07d    00000003     --HOLE-- [fill = 0]
                  2000d080    00000100     driverlib.a : pin.obj (.const:g_ulPinToPadMap)
                  2000d180    000000d4                 : interrupt.obj (.const:g_pulRegs)
                  2000d254    000000a8                 : prcm.obj (.const:PRCM_PeriphRegsList)
                  2000d2fc    0000003c     simplelink.a : driver.obj (.const:OpcodeTranslateTable)
                  2000d338    00000038                  : driver.obj (.const:_SlActionLookupTable)
                  2000d370    0000002e     main.obj (.const:.string)
                  2000d39e    00000002     --HOLE-- [fill = 0]
                  2000d3a0    0000002c     main.obj (.const:$P$T1$2)
                  2000d3cc    00000024     driverlib.a : spi.obj (.const:g_ppulSPIIntMap)
                  2000d3f0    00000022     main.obj (.const:.string:$P$T0$1)
                  2000d412    00000002     --HOLE-- [fill = 0]
                  2000d414    00000020     simplelink.a : driver.obj (.const:RxMsgClassLUT)
                  2000d434    00000018     driverlib.a : interrupt.obj (.const:g_pulDisRegs)
                  2000d44c    00000018                 : interrupt.obj (.const:g_pulEnRegs)
                  2000d464    00000018                 : interrupt.obj (.const:g_pulUnpendRegs)
                  2000d47c    00000018                 : spi.obj (.const:g_ulSPIDmaMaskMap)
                  2000d494    00000015     main.obj (.const:.string:$P$T6$7)
                  2000d4a9    00000003     --HOLE-- [fill = 0]
                  2000d4ac    00000014     simplelink.a : driver.obj (.const:$P$T0$1)
                  2000d4c0    00000014                  : nonos.obj (.const:$P$T0$1)
                  2000d4d4    00000014     main.obj (.const:$P$T2$3)
                  2000d4e8    00000010     simplelink.a : socket.obj (.const:.string:_SlPayloadByProtocolLUT)
                  2000d4f8    0000000c     main.obj (.const:$P$T4$5)
                  2000d504    0000000c     main.obj (.const:.string:$P$T3$4)
                  2000d510    00000009     main.obj (.const:.string:$P$T5$6)
                  2000d519    00000008     simplelink.a : device.obj (.const:StartResponseLUT)
                  2000d521    00000003     --HOLE-- [fill = 0]
                  2000d524    00000008                  : driver.obj (.const:g_H2NCnysPattern)
                  2000d52c    00000008                  : driver.obj (.const:g_H2NSyncPattern)
                  2000d534    00000005     main.obj (.const:.string:$P$T7$8)
                  2000d539    00000001     --HOLE-- [fill = 0]
                  2000d53a    00000004     simplelink.a : wlan.obj (.const:$P$T0$1)
                  2000d53e    00000004                  : socket.obj (.const:$P$T2$3)
                  2000d542    00000004                  : device.obj (.const:_SlDeviceGetCmdCtrl)
                  2000d546    00000004                  : device.obj (.const:_SlDeviceSetCmdCtrl)
                  2000d54a    00000004                  : netapp.obj (.const:_SlGetHostByNameCtrl)
                  2000d54e    00000004                  : netapp.obj (.const:_SlNetAppSendTokenValueCmdCtrl)
                  2000d552    00000004                  : netcfg.obj (.const:_SlNetCfgSetCmdCtrl)
                  2000d556    00000004                  : wlan.obj (.const:_SlPolicySetCmdCtrl)
                  2000d55a    00000004                  : wlan.obj (.const:_SlProfileDelCmdCtrl)
                  2000d55e    00000004                  : socket.obj (.const:_SlRecvCmdCtrl)
                  2000d562    00000004                  : netapp.obj (.const:_SlRegisterServiceCtrl)
                  2000d566    00000004                  : wlan.obj (.const:_SlRxFilterSetCmdCtrl)
                  2000d56a    00000004                  : socket.obj (.const:_SlSendCmdCtrl)
                  2000d56e    00000004                  : socket.obj (.const:_SlSetSockOptCmdCtrl)
                  2000d572    00000004                  : socket.obj (.const:_SlSockCloseCmdCtrl)
                  2000d576    00000004                  : socket.obj (.const:_SlSockSocketCmdCtrl)
                  2000d57a    00000004                  : device.obj (.const:_SlStopCmdCtrl)
                  2000d57e    00000004                  : wlan.obj (.const:_SlWlanCfgSetCmdCtrl)
                  2000d582    00000004                  : wlan.obj (.const:_SlWlanSetModeCmdCtrl)
                  2000d586    00000002     --HOLE-- [fill = 0]
                  2000d588    00000004                  : driver.obj (.const:httpServer_callbacks)
                  2000d58c    00000004                  : driver.obj (.const:netApp_callbacks)

.cinit     0    2000d590    00000058     
                  2000d590    00000033     (.cinit..data.load) [load image, compression = lzss]
                  2000d5c3    00000001     --HOLE-- [fill = 0]
                  2000d5c4    0000000c     (__TI_handler_table)
                  2000d5d0    00000008     (.cinit..bss.load) [load image, compression = zero_init]
                  2000d5d8    00000010     (__TI_cinit_table)

.sysmem    0    20017000    00008000     UNINITIALIZED
                  20017000    00000010     rtsv7M4_T_le_eabi.lib : memory.c.obj (.sysmem)
                  20017010    00007ff0     --HOLE--

.bss       0    2001f000    0000021a     UNINITIALIZED
                  2001f000    00000168     simplelink.a : driver.obj (.bss:g_StatMem)
                  2001f168    00000050     (.common:g_ucDinDout)
                  2001f1b8    0000002c     (.common:g_time)
                  2001f1e4    00000024     (.common:g_ucConnectionSSID)
                  2001f208    00000008     (.common:g_ucConnectionBSSID)
                  2001f210    00000004     uart_if.obj (.bss)
                  2001f214    00000001     (.common:RxIrqCnt)
                  2001f215    00000001     (.common:g_bDeviceRestartIsRequired)
                  2001f216    00000001     (.common:g_cDummy)
                  2001f217    00000001     (.common:g_ucLED1Pin)
                  2001f218    00000001     (.common:g_ucLED2Pin)
                  2001f219    00000001     (.common:g_ucLED3Pin)

.data      0    2001f21c    000000a0     UNINITIALIZED
                  2001f21c    0000003c     simplelink.a : nonos.obj (.data:g__SlNonOsCB)
                  2001f258    00000014     gpio_if.obj (.data:ulReg)
                  2001f26c    00000010     main.obj (.data)
                  2001f27c    0000000d     simplelink.a : driver.obj (.data)
                  2001f289    00000003     --HOLE--
                  2001f28c    0000000c     gpio_if.obj (.data)
                  2001f298    00000009     simplelink.a : cc_pal.obj (.data)
                  2001f2a1    00000003     --HOLE--
                  2001f2a4    00000008     rtsv7M4_T_le_eabi.lib : _lock.c.obj (.data:$O1$$)
                  2001f2ac    00000008                           : memory.c.obj (.data:$O1$$)
                  2001f2b4    00000004                           : errno.c.obj (.data)
                  2001f2b8    00000004     simplelink.a : driver.obj (.data:wlan_callbacks)

.stack     0    2002f000    00001000     UNINITIALIZED
                  2002f000    00000004     rtsv7M4_T_le_eabi.lib : boot_cortex_m.c.obj (.stack)
                  2002f004    00000ffc     --HOLE--

__llvm_prf_cnts 
*          0    20017000    00000000     UNINITIALIZED

MODULE SUMMARY

       Module                       code    ro data   rw data
       ------                       ----    -------   -------
    ./
       main.obj                     4880    203       104    
       startup_ccs.obj              14      1024      0      
       gpio_if.obj                  920     0         35     
       uart_if.obj                  636     0         4      
       pinmux.obj                   88      0         0      
       network_common.obj           38      0         0      
    +--+----------------------------+-------+---------+---------+
       Total:                       6576    1227      143    
                                                             
    /Applications/TI/ccs/tools/compiler/ti-cgt-arm_20.2.7.LTS/lib/rtsv7M4_T_le_eabi.lib
       _printfi.c.obj               4835    0         0      
       memory.c.obj                 900     0         8      
       fd_add_t2.asm.obj            438     0         0      
       fd_div_t2.asm.obj            310     0         0      
       fd_cmp_t2.asm.obj            268     0         0      
       ctype.c.obj                  0       257       0      
       fd_mul_t2.asm.obj            252     0         0      
       s_scalbn.c.obj               208     0         0      
       memcpy_t2.asm.obj            156     0         0      
       ull_div_t2.asm.obj           150     0         0      
       vsnprintf.c.obj              136     0         0      
       memset_t2.asm.obj            122     0         0      
       copy_decompress_lzss.c.obj   104     0         0      
       sprintf.c.obj                98      0         0      
       s_frexp.c.obj                92      0         0      
       _ltoa.c.obj                  84      0         0      
       atoi.c.obj                   76      0         0      
       fd_toi_t2.asm.obj            72      0         0      
       autoinit.c.obj               68      0         0      
       i_tofd_t2.asm.obj            46      0         0      
       memmov.c.obj                 40      0         0      
       boot_cortex_m.c.obj          36      0         0      
       copy_zero_init.c.obj         28      0         0      
       memccpy.c.obj                28      0         0      
       strchr.c.obj                 22      0         0      
       strcpy.c.obj                 20      0         0      
       strlen.c.obj                 20      0         0      
       wcslen.c.obj                 18      0         0      
       copy_decompress_none.c.obj   14      0         0      
       errno.c.obj                  8       0         4      
       s_copysign.c.obj             12      0         0      
       _lock.c.obj                  2       0         8      
       exit.c.obj                   4       0         0      
       pre_init.c.obj               4       0         0      
       div0.asm.obj                 2       0         0      
    +--+----------------------------+-------+---------+---------+
       Total:                       8673    257       20     
                                                             
    /Applications/TI/lib/cc3200sdk_1.5.0/cc3200-sdk/driverlib/ccs/Release/driverlib.a
       prcm.obj                     852     168       0      
       interrupt.obj                608     284       0      
       spi.obj                      798     60        0      
       udma.obj                     604     0         0      
       pin.obj                      274     256       0      
       gpio.obj                     388     0         0      
       uart.obj                     284     0         0      
       timer.obj                    210     0         0      
       cpu.obj                      20      0         0      
       utils.obj                    6       0         0      
    +--+----------------------------+-------+---------+---------+
       Total:                       4044    768       0      
                                                             
    /Applications/TI/lib/cc3200sdk_1.5.0/cc3200-sdk/simplelink/ccs/NON_OS_debug/simplelink.a
       driver.obj                   7906    192       379    
       cc_pal.obj                   1960    0         90     
       socket.obj                   1830    40        0      
       netapp.obj                   1572    12        0      
       wlan.obj                     1316    24        0      
       device.obj                   1234    20        0      
       nonos.obj                    416     20        60     
       netcfg.obj                   152     4         0      
    +--+----------------------------+-------+---------+---------+
       Total:                       16386   312       529    
                                                             
       Heap:                        0       0         32768  
       Stack:                       0       0         4096   
       Linker Generated:            0       87        0      
    +--+----------------------------+-------+---------+---------+
       Grand Total:                 35679   2651      37556  


LINKER GENERATED COPY TABLES

__TI_cinit_table @ 2000d5d8 records: 2, size/record: 8, table size: 16
	.data: load addr=2000d590, load size=00000033 bytes, run addr=2001f21c, run size=000000a0 bytes, compression=lzss
	.bss: load addr=2000d5d0, load size=00000008 bytes, run addr=2001f000, run size=0000021a bytes, compression=zero_init


LINKER GENERATED HANDLER TABLE

__TI_handler_table @ 2000d5c4 records: 3, size/record: 4, table size: 12
	index: 0, handler: __TI_decompress_lzss
	index: 1, handler: __TI_decompress_none
	index: 2, handler: __TI_zero_init


GLOBAL SYMBOLS: SORTED ALPHABETICALLY BY Name 

address   name                                  
-------   ----                                  
2000cf77  C$$EXIT                               
2000ce75  CPUcpsie                              
20006d49  ClearTerm                             
2000c9a5  DmaSpiSwIntHandler                    
20006d53  Error                                 
2000c5fd  GPIODirModeSet                        
2000ce89  GPIOIntClear                          
2000cc75  GPIOIntEnable                         
2000cb39  GPIOIntRegister                       
2000b0d9  GPIOIntTypeSet                        
2000cd2b  GPIOPinRead                           
2000ca79  GPIOPinWrite                          
200069b1  GPIO_IF_ConfigureNIntEnable           
20006a3d  GPIO_IF_Get                           
2000696b  GPIO_IF_GetPortNPin                   
2000672d  GPIO_IF_LedConfigure                  
2000681f  GPIO_IF_LedOff                        
2000676b  GPIO_IF_LedOn                         
200068d3  GPIO_IF_LedStatus                     
2000693d  GPIO_IF_LedToggle                     
200069f9  GPIO_IF_Set                           
20006d8b  GetCmd                                
20006d09  InitTerm                              
2000a141  IntDisable                            
2000a1e9  IntEnable                             
2000cf49  IntMasterEnable                       
2000ba4d  IntPendClear                          
2000bbad  IntPrioritySet                        
2000ca99  IntRegister                           
2000c9c9  IntUnregister                         
2000ce9d  IntVTableBaseSet                      
20006d27  Message                               
2000cf25  NwpMaskInterrupt                      
2000c58d  NwpPowerOff                           
2000c635  NwpPowerOn                            
2000afd1  NwpPowerOnPreamble                    
2000cab9  NwpPrePowerOffTimout0                 
2000c3e5  NwpRegisterInterruptHandler           
2000cf31  NwpUnMaskInterrupt                    
2000d2fc  OpcodeTranslateTable                  
200081d9  PRCMCC3200MCUInit                     
2000ce1d  PRCMHIBRegRead                        
2000ce33  PRCMHIBRegWrite                       
2000c869  PRCMPeripheralClkDisable              
2000c49d  PRCMPeripheralClkEnable               
2000a93d  PRCMPeripheralClockGet                
2000baa5  PRCMPeripheralReset                   
2000c669  PRCMPeripheralStatusGet               
2000c791  PRCMSysResetCauseGet                  
2000ae3d  PinConfigSet                          
2000c265  PinModeSet                            
2000bafd  PinMuxConfig                          
2000c6d1  PinTypeGPIO                           
2000cc8f  PinTypeUART                           
20006ec9  Report                                
2000cf17  ResetISR                              
2001f214  RxIrqCnt                              
2000cd43  SPICSDisable                          
2000cd5b  SPICSEnable                           
2000a335  SPIConfigSetExpClk                    
2000cd73  SPIDisable                            
2000cca9  SPIDmaDisable                         
2000ccc3  SPIDmaEnable                          
2000cd8b  SPIEnable                             
2000ccdd  SPIFIFODisable                        
2000ccf7  SPIFIFOEnable                         
2000c69d  SPIFIFOLevelSet                       
2000bfb1  SPIIntClear                           
2000bda1  SPIIntEnable                          
2000cd11  SPIIntUnregister                      
2000ca35  SPIReset                              
2000ca57  SPIWordCountSet                       
200045d5  SimpleLinkGeneralEventHandler         
200045b1  SimpleLinkHttpServerCallback          
2000450f  SimpleLinkNetAppEventHandler          
200045f5  SimpleLinkSockEventHandler            
20004401  SimpleLinkWlanEventHandler            
2000c0cd  TimerConfigure                        
2000cb57  TimerEnable                           
2000cad9  TimerGetCurrentTimestamp              
2000c815  TimerLoadSet                          
2000c83f  TimerPrescaleSet                      
2000cbb1  TimerValueGet                         
20006e31  TrimSpace                             
2000cbcd  UARTCharGetNonBlocking                
2000cb75  UARTCharPut                           
2000cda3  UARTCharsAvail                        
2000b3d1  UARTConfigSetExpClk                   
2000c701  UARTDisable                           
2000c9ed  UARTEnable                            
2000cf6d  UtilsDelay                            
2000d338  _SlActionLookupTable                  
2000a291  _SlDriverHandleError                  
2000bff9  _SlDrvBasicCmd                        
20009f1d  _SlDrvCmdOp                           
2000b59d  _SlDrvCmdSend                         
20007435  _SlDrvDataReadOp                      
200084c1  _SlDrvDataWriteOp                     
2000a511  _SlDrvDeviceEventHandler              
2000ceeb  _SlDrvDispatchHttpServerEvents        
20008d89  _SlDrvDriverCBDeinit                  
20007b6d  _SlDrvDriverCBInit                    
2000c891  _SlDrvGlobalObjUnLock                 
2000c111  _SlDrvHandleHttpServerEvents          
2000c2a5  _SlDrvHandleNetAppEvents              
2000c2e5  _SlDrvHandleWlanEvents                
2000ac99  _SlDrvIsTimeoutExpired                
2000ce49  _SlDrvMemZero                         
20009781  _SlDrvMsgReadSpawnCtx                 
20008fd9  _SlDrvNetAppEventHandler              
2000c959  _SlDrvObjLockWaitForever              
2000caf9  _SlDrvObjUnLock                       
2000be39  _SlDrvProtectAsyncRespSetting         
2000c7e9  _SlDrvProtectionObjLockWaitForever    
2000c8b9  _SlDrvProtectionObjUnLock             
20007619  _SlDrvReleasePoolObj                  
2000cefb  _SlDrvResetCmdExt                     
2000bc01  _SlDrvRxIrqHandler                    
2000cbe9  _SlDrvStartMeasureTimeout             
2000cb19  _SlDrvSyncObjSignal                   
2000c8e1  _SlDrvSyncObjWaitForever              
2000c155  _SlDrvSyncObjWaitTimeout              
20007ebd  _SlDrvWaitForPoolObj                  
2000d54e  _SlNetAppSendTokenValueCmdCtrl        
2000b449  _SlNonOsMainLoopTask                  
2000a091  _SlNonOsSemGet                        
2000cdbb  _SlNonOsSemSet                        
2000b6dd  _SlNonOsSpawn                         
20030000  __STACK_END                           
00001000  __STACK_SIZE                          
00008000  __SYSMEM_SIZE                         
2000d5d8  __TI_CINIT_Base                       
2000d5e8  __TI_CINIT_Limit                      
2000d5c4  __TI_Handler_Table_Base               
2000d5d0  __TI_Handler_Table_Limit              
2000c199  __TI_auto_init_nobinit_nopinit        
2000b675  __TI_decompress_lzss                  
2000cf09  __TI_decompress_none                  
2000bc55  __TI_ltoa                             
ffffffff  __TI_pprof_out_hndl                   
20005711  __TI_printfi                          
ffffffff  __TI_prof_data_size                   
ffffffff  __TI_prof_data_start                  
2000d590  __TI_static_base__                    
2000cc05  __TI_zero_init_nomemset               
2000aec5  __aeabi_cdcmpeq                       
2000aec5  __aeabi_cdcmple                       
2000af4b  __aeabi_cdrcmple                      
2000c041  __aeabi_d2iz                          
200079bf  __aeabi_dadd                          
20008b1d  __aeabi_ddiv                          
200091dd  __aeabi_dmul                          
200079b5  __aeabi_dsub                          
2000cf5d  __aeabi_errno_addr                    
2000c761  __aeabi_i2d                           
20008c53  __aeabi_idiv0                         
20008c53  __aeabi_ldiv0                         
2000b2dd  __aeabi_memclr                        
2000b2dd  __aeabi_memclr4                       
2000b2dd  __aeabi_memclr8                       
2000a475  __aeabi_memcpy                        
2000a475  __aeabi_memcpy4                       
2000a475  __aeabi_memcpy8                       
2000b2df  __aeabi_memset                        
2000b2df  __aeabi_memset4                       
2000b2df  __aeabi_memset8                       
2000a8a5  __aeabi_uldivmod                      
ffffffff  __binit__                             
ffffffff  __c_args__                            
UNDEFED   __mpu_init                            
2002f000  __stack                               
20017000  __start___llvm_prf_cnts               
20017000  __stop___llvm_prf_cnts                
2000ca11  _c_int00_noargs                       
2000cf7c  _ctypes_                              
2001f2a4  _lock                                 
20007b6b  _nop                                  
2000b741  _sl_HandleAsync_Accept                
2000b15d  _sl_HandleAsync_Connect               
2000a9d1  _sl_HandleAsync_DnsGetHostByName      
20009cc1  _sl_HandleAsync_DnsGetHostByService   
2000ad25  _sl_HandleAsync_InitComplete          
2000aa61  _sl_HandleAsync_PingResponse          
2000bca9  _sl_HandleAsync_Select                
2000bd51  _sl_HandleAsync_Stop                  
2000b609  _sl_NetAppSendTokenValue              
20017000  _sys_memory                           
UNDEFED   _system_post_cinit                    
2000cf73  _system_pre_init                      
2001f2a8  _unlock                               
2000cf77  abort                                 
200090dd  aligned_alloc                         
2000bed1  atoi                                  
ffffffff  binit                                 
2000cf3d  copysign                              
2000cf3d  copysignl                             
2001f2b4  errno                                 
20009869  free                                  
2000b9f1  frexp                                 
2000b9f1  frexpl                                
2001f278  g_Host                                
2001f27c  g_SlDeviceStatus                      
2001f298  g_SpiFd                               
2001f21c  g__SlNonOsCB                          
2001f215  g_bDeviceRestartIsRequired            
2001f216  g_cDummy                              
2001f280  g_pCB                                 
2001f29c  g_pHostIntHdl                         
20004000  g_pfnVectors                          
2001f1b8  g_time                                
2001f208  g_ucConnectionBSSID                   
2001f1e4  g_ucConnectionSSID                    
2001f2a0  g_ucDMAEnabled                        
2001f168  g_ucDinDout                           
2001f217  g_ucLED1Pin                           
2001f218  g_ucLED2Pin                           
2001f219  g_ucLED3Pin                           
2001f28c  g_uiLED1Port                          
2001f290  g_uiLED2Port                          
2001f294  g_uiLED3Port                          
2001f274  g_ulGatewayIP                         
2001f270  g_ulPingPacketsRecv                   
2001f26c  g_ulStatus                            
20009bf1  ldexp                                 
20009bf1  ldexpl                                
200050ed  main                                  
2000cf65  malloc                                
200090dd  memalign                              
2000cc3d  memccpy                               
2000a475  memcpy                                
2000c931  memmove                               
2000b2e5  memset                                
2001f284  pPingCallBackFunc                     
20004d49  printErrConvenience                   
2000994d  realloc                               
20009bf1  scalbn                                
20009bf1  scalbnl                               
2000c4d9  simplelink_timerA2_start              
2000b8d1  sl_Close                              
2000804d  sl_Connect                            
20009d8d  sl_DevGet                             
2000a5ad  sl_DevSet                             
2000c221  sl_Htonl                              
2000c515  sl_Htons                              
2000889d  sl_NetAppDnsGetHostByName             
20009a31  sl_NetAppMDNSRegisterUnregisterService
2000b7a5  sl_NetAppMDNSUnRegisterService        
2000a645  sl_NetCfgSet                          
2000c97f  sl_Provisioning_HttpServerEventHdl    
2000c98d  sl_Provisioning_NetAppEventHdl        
2000c999  sl_Provisioning_WlanEventHdl          
2000a3d5  sl_Recv                               
20008c55  sl_Send                               
2000a6dd  sl_SetSockOpt                         
2000adb1  sl_Socket                             
200092d9  sl_Start                              
200093c9  sl_Stop                               
20006a89  sl_WlanConnect                        
2000c5c5  sl_WlanDisconnect                     
2000aaf1  sl_WlanPolicySet                      
2000b931  sl_WlanProfileDel                     
2000b055  sl_WlanRxFilterSet                    
2000a775  sl_WlanSet                            
2000b991  sl_WlanSetMode                        
2000b359  spi_Close                             
20008611  spi_Open                              
200094b9  spi_Read                              
2000a80d  spi_Write                             
2000c365  sprintf                               
2000ce5f  strchr                                
2000ceb1  strcpy                                
2000cec5  strlen                                
2000bf1d  uDMAChannelAssign                     
2000b809  uDMAChannelAttributeDisable           
2000b86d  uDMAChannelAttributeEnable            
2000c551  uDMAChannelControlSet                 
2000cc59  uDMAChannelEnable                     
200095a9  uDMAChannelTransferSet                
2000c3a5  vsnprintf                             
2000ced9  wcslen                                


GLOBAL SYMBOLS: SORTED BY Symbol Address 

address   name                                  
-------   ----                                  
00001000  __STACK_SIZE                          
00008000  __SYSMEM_SIZE                         
20004000  g_pfnVectors                          
20004401  SimpleLinkWlanEventHandler            
2000450f  SimpleLinkNetAppEventHandler          
200045b1  SimpleLinkHttpServerCallback          
200045d5  SimpleLinkGeneralEventHandler         
200045f5  SimpleLinkSockEventHandler            
20004d49  printErrConvenience                   
200050ed  main                                  
20005711  __TI_printfi                          
2000672d  GPIO_IF_LedConfigure                  
2000676b  GPIO_IF_LedOn                         
2000681f  GPIO_IF_LedOff                        
200068d3  GPIO_IF_LedStatus                     
2000693d  GPIO_IF_LedToggle                     
2000696b  GPIO_IF_GetPortNPin                   
200069b1  GPIO_IF_ConfigureNIntEnable           
200069f9  GPIO_IF_Set                           
20006a3d  GPIO_IF_Get                           
20006a89  sl_WlanConnect                        
20006d09  InitTerm                              
20006d27  Message                               
20006d49  ClearTerm                             
20006d53  Error                                 
20006d8b  GetCmd                                
20006e31  TrimSpace                             
20006ec9  Report                                
20007435  _SlDrvDataReadOp                      
20007619  _SlDrvReleasePoolObj                  
200079b5  __aeabi_dsub                          
200079bf  __aeabi_dadd                          
20007b6b  _nop                                  
20007b6d  _SlDrvDriverCBInit                    
20007ebd  _SlDrvWaitForPoolObj                  
2000804d  sl_Connect                            
200081d9  PRCMCC3200MCUInit                     
200084c1  _SlDrvDataWriteOp                     
20008611  spi_Open                              
2000889d  sl_NetAppDnsGetHostByName             
20008b1d  __aeabi_ddiv                          
20008c53  __aeabi_idiv0                         
20008c53  __aeabi_ldiv0                         
20008c55  sl_Send                               
20008d89  _SlDrvDriverCBDeinit                  
20008fd9  _SlDrvNetAppEventHandler              
200090dd  aligned_alloc                         
200090dd  memalign                              
200091dd  __aeabi_dmul                          
200092d9  sl_Start                              
200093c9  sl_Stop                               
200094b9  spi_Read                              
200095a9  uDMAChannelTransferSet                
20009781  _SlDrvMsgReadSpawnCtx                 
20009869  free                                  
2000994d  realloc                               
20009a31  sl_NetAppMDNSRegisterUnregisterService
20009bf1  ldexp                                 
20009bf1  ldexpl                                
20009bf1  scalbn                                
20009bf1  scalbnl                               
20009cc1  _sl_HandleAsync_DnsGetHostByService   
20009d8d  sl_DevGet                             
20009f1d  _SlDrvCmdOp                           
2000a091  _SlNonOsSemGet                        
2000a141  IntDisable                            
2000a1e9  IntEnable                             
2000a291  _SlDriverHandleError                  
2000a335  SPIConfigSetExpClk                    
2000a3d5  sl_Recv                               
2000a475  __aeabi_memcpy                        
2000a475  __aeabi_memcpy4                       
2000a475  __aeabi_memcpy8                       
2000a475  memcpy                                
2000a511  _SlDrvDeviceEventHandler              
2000a5ad  sl_DevSet                             
2000a645  sl_NetCfgSet                          
2000a6dd  sl_SetSockOpt                         
2000a775  sl_WlanSet                            
2000a80d  spi_Write                             
2000a8a5  __aeabi_uldivmod                      
2000a93d  PRCMPeripheralClockGet                
2000a9d1  _sl_HandleAsync_DnsGetHostByName      
2000aa61  _sl_HandleAsync_PingResponse          
2000aaf1  sl_WlanPolicySet                      
2000ac99  _SlDrvIsTimeoutExpired                
2000ad25  _sl_HandleAsync_InitComplete          
2000adb1  sl_Socket                             
2000ae3d  PinConfigSet                          
2000aec5  __aeabi_cdcmpeq                       
2000aec5  __aeabi_cdcmple                       
2000af4b  __aeabi_cdrcmple                      
2000afd1  NwpPowerOnPreamble                    
2000b055  sl_WlanRxFilterSet                    
2000b0d9  GPIOIntTypeSet                        
2000b15d  _sl_HandleAsync_Connect               
2000b2dd  __aeabi_memclr                        
2000b2dd  __aeabi_memclr4                       
2000b2dd  __aeabi_memclr8                       
2000b2df  __aeabi_memset                        
2000b2df  __aeabi_memset4                       
2000b2df  __aeabi_memset8                       
2000b2e5  memset                                
2000b359  spi_Close                             
2000b3d1  UARTConfigSetExpClk                   
2000b449  _SlNonOsMainLoopTask                  
2000b59d  _SlDrvCmdSend                         
2000b609  _sl_NetAppSendTokenValue              
2000b675  __TI_decompress_lzss                  
2000b6dd  _SlNonOsSpawn                         
2000b741  _sl_HandleAsync_Accept                
2000b7a5  sl_NetAppMDNSUnRegisterService        
2000b809  uDMAChannelAttributeDisable           
2000b86d  uDMAChannelAttributeEnable            
2000b8d1  sl_Close                              
2000b931  sl_WlanProfileDel                     
2000b991  sl_WlanSetMode                        
2000b9f1  frexp                                 
2000b9f1  frexpl                                
2000ba4d  IntPendClear                          
2000baa5  PRCMPeripheralReset                   
2000bafd  PinMuxConfig                          
2000bbad  IntPrioritySet                        
2000bc01  _SlDrvRxIrqHandler                    
2000bc55  __TI_ltoa                             
2000bca9  _sl_HandleAsync_Select                
2000bd51  _sl_HandleAsync_Stop                  
2000bda1  SPIIntEnable                          
2000be39  _SlDrvProtectAsyncRespSetting         
2000bed1  atoi                                  
2000bf1d  uDMAChannelAssign                     
2000bfb1  SPIIntClear                           
2000bff9  _SlDrvBasicCmd                        
2000c041  __aeabi_d2iz                          
2000c0cd  TimerConfigure                        
2000c111  _SlDrvHandleHttpServerEvents          
2000c155  _SlDrvSyncObjWaitTimeout              
2000c199  __TI_auto_init_nobinit_nopinit        
2000c221  sl_Htonl                              
2000c265  PinModeSet                            
2000c2a5  _SlDrvHandleNetAppEvents              
2000c2e5  _SlDrvHandleWlanEvents                
2000c365  sprintf                               
2000c3a5  vsnprintf                             
2000c3e5  NwpRegisterInterruptHandler           
2000c49d  PRCMPeripheralClkEnable               
2000c4d9  simplelink_timerA2_start              
2000c515  sl_Htons                              
2000c551  uDMAChannelControlSet                 
2000c58d  NwpPowerOff                           
2000c5c5  sl_WlanDisconnect                     
2000c5fd  GPIODirModeSet                        
2000c635  NwpPowerOn                            
2000c669  PRCMPeripheralStatusGet               
2000c69d  SPIFIFOLevelSet                       
2000c6d1  PinTypeGPIO                           
2000c701  UARTDisable                           
2000c761  __aeabi_i2d                           
2000c791  PRCMSysResetCauseGet                  
2000c7e9  _SlDrvProtectionObjLockWaitForever    
2000c815  TimerLoadSet                          
2000c83f  TimerPrescaleSet                      
2000c869  PRCMPeripheralClkDisable              
2000c891  _SlDrvGlobalObjUnLock                 
2000c8b9  _SlDrvProtectionObjUnLock             
2000c8e1  _SlDrvSyncObjWaitForever              
2000c931  memmove                               
2000c959  _SlDrvObjLockWaitForever              
2000c97f  sl_Provisioning_HttpServerEventHdl    
2000c98d  sl_Provisioning_NetAppEventHdl        
2000c999  sl_Provisioning_WlanEventHdl          
2000c9a5  DmaSpiSwIntHandler                    
2000c9c9  IntUnregister                         
2000c9ed  UARTEnable                            
2000ca11  _c_int00_noargs                       
2000ca35  SPIReset                              
2000ca57  SPIWordCountSet                       
2000ca79  GPIOPinWrite                          
2000ca99  IntRegister                           
2000cab9  NwpPrePowerOffTimout0                 
2000cad9  TimerGetCurrentTimestamp              
2000caf9  _SlDrvObjUnLock                       
2000cb19  _SlDrvSyncObjSignal                   
2000cb39  GPIOIntRegister                       
2000cb57  TimerEnable                           
2000cb75  UARTCharPut                           
2000cbb1  TimerValueGet                         
2000cbcd  UARTCharGetNonBlocking                
2000cbe9  _SlDrvStartMeasureTimeout             
2000cc05  __TI_zero_init_nomemset               
2000cc3d  memccpy                               
2000cc59  uDMAChannelEnable                     
2000cc75  GPIOIntEnable                         
2000cc8f  PinTypeUART                           
2000cca9  SPIDmaDisable                         
2000ccc3  SPIDmaEnable                          
2000ccdd  SPIFIFODisable                        
2000ccf7  SPIFIFOEnable                         
2000cd11  SPIIntUnregister                      
2000cd2b  GPIOPinRead                           
2000cd43  SPICSDisable                          
2000cd5b  SPICSEnable                           
2000cd73  SPIDisable                            
2000cd8b  SPIEnable                             
2000cda3  UARTCharsAvail                        
2000cdbb  _SlNonOsSemSet                        
2000ce1d  PRCMHIBRegRead                        
2000ce33  PRCMHIBRegWrite                       
2000ce49  _SlDrvMemZero                         
2000ce5f  strchr                                
2000ce75  CPUcpsie                              
2000ce89  GPIOIntClear                          
2000ce9d  IntVTableBaseSet                      
2000ceb1  strcpy                                
2000cec5  strlen                                
2000ced9  wcslen                                
2000ceeb  _SlDrvDispatchHttpServerEvents        
2000cefb  _SlDrvResetCmdExt                     
2000cf09  __TI_decompress_none                  
2000cf17  ResetISR                              
2000cf25  NwpMaskInterrupt                      
2000cf31  NwpUnMaskInterrupt                    
2000cf3d  copysign                              
2000cf3d  copysignl                             
2000cf49  IntMasterEnable                       
2000cf5d  __aeabi_errno_addr                    
2000cf65  malloc                                
2000cf6d  UtilsDelay                            
2000cf73  _system_pre_init                      
2000cf77  C$$EXIT                               
2000cf77  abort                                 
2000cf7c  _ctypes_                              
2000d2fc  OpcodeTranslateTable                  
2000d338  _SlActionLookupTable                  
2000d54e  _SlNetAppSendTokenValueCmdCtrl        
2000d590  __TI_static_base__                    
2000d5c4  __TI_Handler_Table_Base               
2000d5d0  __TI_Handler_Table_Limit              
2000d5d8  __TI_CINIT_Base                       
2000d5e8  __TI_CINIT_Limit                      
20017000  __start___llvm_prf_cnts               
20017000  __stop___llvm_prf_cnts                
20017000  _sys_memory                           
2001f168  g_ucDinDout                           
2001f1b8  g_time                                
2001f1e4  g_ucConnectionSSID                    
2001f208  g_ucConnectionBSSID                   
2001f214  RxIrqCnt                              
2001f215  g_bDeviceRestartIsRequired            
2001f216  g_cDummy                              
2001f217  g_ucLED1Pin                           
2001f218  g_ucLED2Pin                           
2001f219  g_ucLED3Pin                           
2001f21c  g__SlNonOsCB                          
2001f26c  g_ulStatus                            
2001f270  g_ulPingPacketsRecv                   
2001f274  g_ulGatewayIP                         
2001f278  g_Host                                
2001f27c  g_SlDeviceStatus                      
2001f280  g_pCB                                 
2001f284  pPingCallBackFunc                     
2001f28c  g_uiLED1Port                          
2001f290  g_uiLED2Port                          
2001f294  g_uiLED3Port                          
2001f298  g_SpiFd                               
2001f29c  g_pHostIntHdl                         
2001f2a0  g_ucDMAEnabled                        
2001f2a4  _lock                                 
2001f2a8  _unlock                               
2001f2b4  errno                                 
2002f000  __stack                               
20030000  __STACK_END                           
ffffffff  __TI_pprof_out_hndl                   
ffffffff  __TI_prof_data_size                   
ffffffff  __TI_prof_data_start                  
ffffffff  __binit__                             
ffffffff  __c_args__                            
ffffffff  binit                                 
UNDEFED   __mpu_init                            
UNDEFED   _system_post_cinit                    

[280 symbols]
