******************************************************************************
                  TI ARM Linker Unix v20.2.7                   
******************************************************************************
>> Linked Thu Feb 22 10:31:51 2024

OUTPUT FILE NAME:   <ssl.out>
ENTRY POINT SYMBOL: "_c_int00_noargs"  address: 2000ca01


MEMORY CONFIGURATION

         name            origin    length      used     unused   attr    fill
----------------------  --------  ---------  --------  --------  ----  --------
  SRAM_CODE             20004000   00013000  000095d6  00009a2a  RW X
  SRAM_DATA             20017000   00019000  000092ba  0000fd46  RW X


SEGMENT ALLOCATION MAP

run origin  load origin   length   init length attrs members
----------  ----------- ---------- ----------- ----- -------
20004000    20004000    000095d8   000095d8    r-x
  20004000    20004000    00000400   00000400    r-- .intvecs
  20004400    20004400    00008b6a   00008b6a    r-x .text
  2000cf6c    2000cf6c    00000614   00000614    r-- .const
  2000d580    2000d580    00000058   00000058    r-- .cinit
20017000    20017000    000082bc   00000000    rw-
  20017000    20017000    00008000   00000000    rw- .sysmem
  2001f000    2001f000    0000021a   00000000    rw- .bss
  2001f21c    2001f21c    000000a0   00000000    rw- .data
2002f000    2002f000    00001000   00000000    rw-
  2002f000    2002f000    00001000   00000000    rw- .stack


SECTION ALLOCATION MAP

 output                                  attributes/
section   page    origin      length       input sections
--------  ----  ----------  ----------   ----------------
.intvecs   0    20004000    00000400     
                  20004000    00000400     startup_ccs.obj (.intvecs)

.init_array 
*          0    20004000    00000000     UNINITIALIZED

.text      0    20004400    00008b6a     
                  20004400    00001300     main.obj (.text)
                  20005700    00000a4e     rtsv7M4_T_le_eabi.lib : _printfi.c.obj (.text:__TI_printfi)
                  2000614e    00000002     driverlib.a : interrupt.obj (.text:IntDefaultHandler)
                  20006150    00000590     simplelink.a : driver.obj (.text:_SlDrvMsgRead)
                  200066e0    00000398     gpio_if.obj (.text)
                  20006a78    00000280     simplelink.a : wlan.obj (.text:sl_WlanConnect)
                  20006cf8    0000027c     uart_if.obj (.text)
                  20006f74    00000268     rtsv7M4_T_le_eabi.lib : _printfi.c.obj (.text:_pconv_a)
                  200071dc    00000248     simplelink.a : driver.obj (.text:_SlDrvRxHdrRead)
                  20007424    000001e4                  : driver.obj (.text:_SlDrvDataReadOp)
                  20007608    000001d0                  : driver.obj (.text:_SlDrvReleasePoolObj)
                  200077d8    000001cc     rtsv7M4_T_le_eabi.lib : _printfi.c.obj (.text:_pconv_g)
                  200079a4    000001b6                           : fd_add_t2.asm.obj (.text)
                  20007b5a    00000002                           : _lock.c.obj (.text:_nop)
                  20007b5c    000001b4     simplelink.a : driver.obj (.text:_SlDrvDriverCBInit)
                  20007d10    0000019c                  : driver.obj (.text:_SlDrvMsgWrite)
                  20007eac    00000190                  : driver.obj (.text:_SlDrvWaitForPoolObj)
                  2000803c    0000018c                  : socket.obj (.text:sl_Connect)
                  200081c8    00000178     driverlib.a : prcm.obj (.text:PRCMCC3200MCUInit)
                  20008340    00000170     simplelink.a : driver.obj (.text:_SlFindAndSetActiveObj)
                  200084b0    00000150                  : driver.obj (.text:_SlDrvDataWriteOp)
                  20008600    00000148                  : cc_pal.obj (.text:spi_Open)
                  20008748    00000144                  : driver.obj (.text:_SlDrvMsgReadCmdCtx)
                  2000888c    00000144                  : netapp.obj (.text:sl_NetAppDnsGetHostByName)
                  200089d0    0000013c     rtsv7M4_T_le_eabi.lib : _printfi.c.obj (.text:_pconv_e)
                  20008b0c    00000136                           : fd_div_t2.asm.obj (.text)
                  20008c42    00000002                           : div0.asm.obj (.text)
                  20008c44    00000134     simplelink.a : socket.obj (.text:sl_Send)
                  20008d78    00000130                  : driver.obj (.text:_SlDrvDriverCBDeinit)
                  20008ea8    00000120     rtsv7M4_T_le_eabi.lib : _printfi.c.obj (.text:fcvt)
                  20008fc8    00000104     simplelink.a : netapp.obj (.text:_SlDrvNetAppEventHandler)
                  200090cc    00000100     rtsv7M4_T_le_eabi.lib : memory.c.obj (.text:aligned_alloc)
                  200091cc    000000fc                           : fd_mul_t2.asm.obj (.text)
                  200092c8    000000f0     simplelink.a : device.obj (.text:sl_Start)
                  200093b8    000000f0                  : device.obj (.text:sl_Stop)
                  200094a8    000000f0                  : cc_pal.obj (.text:spi_Read)
                  20009598    000000f0     driverlib.a : udma.obj (.text:uDMAChannelTransferSet)
                  20009688    000000e8     simplelink.a : driver.obj (.text:_SlAsyncEventGenericHandler)
                  20009770    000000e8                  : driver.obj (.text:_SlDrvMsgReadSpawnCtx)
                  20009858    000000e4     rtsv7M4_T_le_eabi.lib : memory.c.obj (.text:free)
                  2000993c    000000e4                           : memory.c.obj (.text:realloc)
                  20009a20    000000e4     simplelink.a : netapp.obj (.text:sl_NetAppMDNSRegisterUnregisterService)
                  20009b04    000000dc                  : driver.obj (.text:_SlDrvClassifyRxMsg)
                  20009be0    000000d0     rtsv7M4_T_le_eabi.lib : s_scalbn.c.obj (.text:scalbn)
                  20009cb0    000000cc     simplelink.a : netapp.obj (.text:_sl_HandleAsync_DnsGetHostByService)
                  20009d7c    000000cc                  : device.obj (.text:sl_DevGet)
                  20009e48    000000c4                  : driver.obj (.text:_SlRemoveFromList)
                  20009f0c    000000c0                  : driver.obj (.text:_SlDrvCmdOp)
                  20009fcc    000000b1     rtsv7M4_T_le_eabi.lib : _printfi.c.obj (.text:_ltostr)
                  2000a07d    00000003     --HOLE-- [fill = 0]
                  2000a080    000000b0     simplelink.a : nonos.obj (.text:_SlNonOsSemGet)
                  2000a130    000000a8     driverlib.a : interrupt.obj (.text:IntDisable)
                  2000a1d8    000000a8                 : interrupt.obj (.text:IntEnable)
                  2000a280    000000a4     simplelink.a : driver.obj (.text:_SlDriverHandleError)
                  2000a324    000000a0     driverlib.a : spi.obj (.text:SPIConfigSetExpClk)
                  2000a3c4    000000a0     simplelink.a : socket.obj (.text:sl_Recv)
                  2000a464    0000009c     rtsv7M4_T_le_eabi.lib : memcpy_t2.asm.obj (.text)
                  2000a500    0000009a     simplelink.a : device.obj (.text:_SlDrvDeviceEventHandler)
                  2000a59a    00000002     --HOLE-- [fill = 0]
                  2000a59c    00000098                  : device.obj (.text:sl_DevSet)
                  2000a634    00000098                  : netcfg.obj (.text:sl_NetCfgSet)
                  2000a6cc    00000098                  : socket.obj (.text:sl_SetSockOpt)
                  2000a764    00000098                  : wlan.obj (.text:sl_WlanSet)
                  2000a7fc    00000098                  : cc_pal.obj (.text:spi_Write)
                  2000a894    00000096     rtsv7M4_T_le_eabi.lib : ull_div_t2.asm.obj (.text)
                  2000a92a    00000002     --HOLE-- [fill = 0]
                  2000a92c    00000094     driverlib.a : prcm.obj (.text:PRCMPeripheralClockGet)
                  2000a9c0    00000090     simplelink.a : netapp.obj (.text:_sl_HandleAsync_DnsGetHostByName)
                  2000aa50    00000090                  : netapp.obj (.text:_sl_HandleAsync_PingResponse)
                  2000aae0    00000090                  : wlan.obj (.text:sl_WlanPolicySet)
                  2000ab70    0000008c                  : cc_pal.obj (.text:SetupDMAReceive)
                  2000abfc    0000008c                  : cc_pal.obj (.text:SetupDMASend)
                  2000ac88    0000008c                  : driver.obj (.text:_SlDrvIsTimeoutExpired)
                  2000ad14    0000008c                  : device.obj (.text:_sl_HandleAsync_InitComplete)
                  2000ada0    0000008c                  : socket.obj (.text:sl_Socket)
                  2000ae2c    00000088     driverlib.a : pin.obj (.text:PinConfigSet)
                  2000aeb4    00000086     rtsv7M4_T_le_eabi.lib : fd_cmp_t2.asm.obj (.text:__aeabi_cdcmple)
                  2000af3a    00000086                           : fd_cmp_t2.asm.obj (.text:__aeabi_cdrcmple)
                  2000afc0    00000084     simplelink.a : cc_pal.obj (.text:NwpPowerOnPreamble)
                  2000b044    00000084                  : wlan.obj (.text:sl_WlanRxFilterSet)
                  2000b0c8    00000082     driverlib.a : gpio.obj (.text:GPIOIntTypeSet)
                  2000b14a    00000002     --HOLE-- [fill = 0]
                  2000b14c    00000080     simplelink.a : socket.obj (.text:_sl_HandleAsync_Connect)
                  2000b1cc    00000080                  : cc_pal.obj (.text:spi_Read_CPU)
                  2000b24c    00000080                  : cc_pal.obj (.text:spi_Write_CPU)
                  2000b2cc    0000007a     rtsv7M4_T_le_eabi.lib : memset_t2.asm.obj (.text)
                  2000b346    00000002     --HOLE-- [fill = 0]
                  2000b348    00000078     simplelink.a : cc_pal.obj (.text:spi_Close)
                  2000b3c0    00000076     driverlib.a : uart.obj (.text:UARTConfigSetExpClk)
                  2000b436    00000002     --HOLE-- [fill = 0]
                  2000b438    00000074     simplelink.a : nonos.obj (.text:_SlNonOsMainLoopTask)
                  2000b4ac    00000070     rtsv7M4_T_le_eabi.lib : memory.c.obj (.text:split)
                  2000b51c    0000006e                           : _printfi.c.obj (.text:_mcpy)
                  2000b58a    00000002     --HOLE-- [fill = 0]
                  2000b58c    0000006c     simplelink.a : driver.obj (.text:_SlDrvCmdSend)
                  2000b5f8    0000006c                  : netapp.obj (.text:_sl_NetAppSendTokenValue)
                  2000b664    00000068     rtsv7M4_T_le_eabi.lib : copy_decompress_lzss.c.obj (.text:decompress:lzss:__TI_decompress_lzss)
                  2000b6cc    00000064     simplelink.a : nonos.obj (.text:_SlNonOsSpawn)
                  2000b730    00000064                  : socket.obj (.text:_sl_HandleAsync_Accept)
                  2000b794    00000064                  : netapp.obj (.text:sl_NetAppMDNSUnRegisterService)
                  2000b7f8    00000064     driverlib.a : udma.obj (.text:uDMAChannelAttributeDisable)
                  2000b85c    00000064                 : udma.obj (.text:uDMAChannelAttributeEnable)
                  2000b8c0    00000060     simplelink.a : socket.obj (.text:sl_Close)
                  2000b920    00000060                  : wlan.obj (.text:sl_WlanProfileDel)
                  2000b980    00000060                  : wlan.obj (.text:sl_WlanSetMode)
                  2000b9e0    0000005c     rtsv7M4_T_le_eabi.lib : s_frexp.c.obj (.text:frexp)
                  2000ba3c    00000058     driverlib.a : interrupt.obj (.text:IntPendClear)
                  2000ba94    00000058                 : prcm.obj (.text:PRCMPeripheralReset)
                  2000baec    00000058     pinmux.obj (.text)
                  2000bb44    00000056     rtsv7M4_T_le_eabi.lib : _printfi.c.obj (.text:_pconv_f)
                  2000bb9a    00000002     --HOLE-- [fill = 0]
                  2000bb9c    00000054     driverlib.a : interrupt.obj (.text:IntPrioritySet)
                  2000bbf0    00000054     simplelink.a : driver.obj (.text:_SlDrvRxIrqHandler)
                  2000bc44    00000054     rtsv7M4_T_le_eabi.lib : _ltoa.c.obj (.text:__TI_ltoa)
                  2000bc98    00000054     simplelink.a : socket.obj (.text:_sl_HandleAsync_Select)
                  2000bcec    00000052     rtsv7M4_T_le_eabi.lib : _printfi.c.obj (.text:_ecpy)
                  2000bd3e    00000002     --HOLE-- [fill = 0]
                  2000bd40    00000050     simplelink.a : device.obj (.text:_sl_HandleAsync_Stop)
                  2000bd90    0000004c     driverlib.a : spi.obj (.text:SPIIntEnable)
                  2000bddc    0000004c                 : spi.obj (.text:SPIIntNumberGet)
                  2000be28    0000004c     simplelink.a : driver.obj (.text:_SlDrvProtectAsyncRespSetting)
                  2000be74    0000004c                  : socket.obj (.text:_sl_BuildAddress)
                  2000bec0    0000004c     rtsv7M4_T_le_eabi.lib : atoi.c.obj (.text:atoi)
                  2000bf0c    0000004c     driverlib.a : udma.obj (.text:uDMAChannelAssign)
                  2000bf58    00000048                 : gpio.obj (.text:GPIOGetIntNumber)
                  2000bfa0    00000048                 : spi.obj (.text:SPIIntClear)
                  2000bfe8    00000048     simplelink.a : driver.obj (.text:_SlDrvBasicCmd)
                  2000c030    00000048     rtsv7M4_T_le_eabi.lib : fd_toi_t2.asm.obj (.text)
                  2000c078    00000044     driverlib.a : spi.obj (.text:SPIDmaMaskGet)
                  2000c0bc    00000044                 : timer.obj (.text:TimerConfigure)
                  2000c100    00000044     simplelink.a : driver.obj (.text:_SlDrvHandleHttpServerEvents)
                  2000c144    00000044                  : driver.obj (.text:_SlDrvSyncObjWaitTimeout)
                  2000c188    00000044     rtsv7M4_T_le_eabi.lib : autoinit.c.obj (.text:__TI_auto_init_nobinit_nopinit:__TI_auto_init_nobinit_nopinit)
                  2000c1cc    00000044     simplelink.a : cc_pal.obj (.text:cc_SetupTransfer)
                  2000c210    00000042                  : socket.obj (.text:sl_Htonl)
                  2000c252    00000002     --HOLE-- [fill = 0]
                  2000c254    00000040     driverlib.a : pin.obj (.text:PinModeSet)
                  2000c294    00000040     simplelink.a : driver.obj (.text:_SlDrvHandleNetAppEvents)
                  2000c2d4    00000040                  : driver.obj (.text:_SlDrvHandleWlanEvents)
                  2000c314    00000040                  : socket.obj (.text:_sl_TruncatePayloadByProtocol)
                  2000c354    00000040     rtsv7M4_T_le_eabi.lib : sprintf.c.obj (.text:sprintf)
                  2000c394    00000040                           : vsnprintf.c.obj (.text:vsnprintf)
                  2000c3d4    0000003e     simplelink.a : cc_pal.obj (.text:NwpRegisterInterruptHandler)
                  2000c412    0000003e     rtsv7M4_T_le_eabi.lib : _printfi.c.obj (.text:_fcpy)
                  2000c450    0000003c     simplelink.a : netapp.obj (.text:CopyPingResultsToReport)
                  2000c48c    0000003c     driverlib.a : prcm.obj (.text:PRCMPeripheralClkEnable)
                  2000c4c8    0000003c     simplelink.a : cc_pal.obj (.text:simplelink_timerA2_start)
                  2000c504    0000003c                  : socket.obj (.text:sl_Htons)
                  2000c540    0000003c     driverlib.a : udma.obj (.text:uDMAChannelControlSet)
                  2000c57c    00000038     simplelink.a : cc_pal.obj (.text:NwpPowerOff)
                  2000c5b4    00000038                  : wlan.obj (.text:sl_WlanDisconnect)
                  2000c5ec    00000036     driverlib.a : gpio.obj (.text:GPIODirModeSet)
                  2000c622    00000002     --HOLE-- [fill = 0]
                  2000c624    00000034     simplelink.a : cc_pal.obj (.text:NwpPowerOn)
                  2000c658    00000034     driverlib.a : prcm.obj (.text:PRCMPeripheralStatusGet)
                  2000c68c    00000034                 : spi.obj (.text:SPIFIFOLevelSet)
                  2000c6c0    00000030                 : pin.obj (.text:PinTypeGPIO)
                  2000c6f0    00000030                 : uart.obj (.text:UARTDisable)
                  2000c720    00000030     rtsv7M4_T_le_eabi.lib : vsnprintf.c.obj (.text:_outs)
                  2000c750    0000002e                           : i_tofd_t2.asm.obj (.text)
                  2000c77e    00000002     --HOLE-- [fill = 0]
                  2000c780    0000002c     driverlib.a : prcm.obj (.text:PRCMSysResetCauseGet)
                  2000c7ac    0000002c     simplelink.a : driver.obj (.text:_SlDrvObjGlobalLockWaitForever)
                  2000c7d8    0000002c                  : driver.obj (.text:_SlDrvProtectionObjLockWaitForever)
                  2000c804    0000002a     driverlib.a : timer.obj (.text:TimerLoadSet)
                  2000c82e    0000002a                 : timer.obj (.text:TimerPrescaleSet)
                  2000c858    00000028                 : prcm.obj (.text:PRCMPeripheralClkDisable)
                  2000c880    00000028     simplelink.a : driver.obj (.text:_SlDrvGlobalObjUnLock)
                  2000c8a8    00000028                  : driver.obj (.text:_SlDrvProtectionObjUnLock)
                  2000c8d0    00000028                  : driver.obj (.text:_SlDrvSyncObjWaitForever)
                  2000c8f8    00000028     rtsv7M4_T_le_eabi.lib : memory.c.obj (.text:free_list_insert)
                  2000c920    00000028                           : memmov.c.obj (.text:memmove)
                  2000c948    00000026     simplelink.a : driver.obj (.text:_SlDrvObjLockWaitForever)
                  2000c96e    00000026     network_common.obj (.text)
                  2000c994    00000024     simplelink.a : cc_pal.obj (.text:DmaSpiSwIntHandler)
                  2000c9b8    00000024     driverlib.a : interrupt.obj (.text:IntUnregister)
                  2000c9dc    00000024                 : uart.obj (.text:UARTEnable)
                  2000ca00    00000024     rtsv7M4_T_le_eabi.lib : boot_cortex_m.c.obj (.text:_c_int00_noargs:_c_int00_noargs)
                  2000ca24    00000022     driverlib.a : spi.obj (.text:SPIReset)
                  2000ca46    00000022                 : spi.obj (.text:SPIWordCountSet)
                  2000ca68    00000020                 : gpio.obj (.text:GPIOPinWrite)
                  2000ca88    00000020                 : interrupt.obj (.text:IntRegister)
                  2000caa8    00000020     simplelink.a : cc_pal.obj (.text:NwpPrePowerOffTimout0)
                  2000cac8    00000020                  : cc_pal.obj (.text:TimerGetCurrentTimestamp)
                  2000cae8    00000020                  : driver.obj (.text:_SlDrvObjUnLock)
                  2000cb08    00000020                  : driver.obj (.text:_SlDrvSyncObjSignal)
                  2000cb28    0000001e     driverlib.a : gpio.obj (.text:GPIOIntRegister)
                  2000cb46    0000001e                 : timer.obj (.text:TimerEnable)
                  2000cb64    0000001e                 : uart.obj (.text:UARTCharPut)
                  2000cb82    0000001e     simplelink.a : cc_pal.obj (.text:cc_UDMAChannelSelect)
                  2000cba0    0000001c     driverlib.a : timer.obj (.text:TimerValueGet)
                  2000cbbc    0000001c                 : uart.obj (.text:UARTCharGetNonBlocking)
                  2000cbd8    0000001c     simplelink.a : driver.obj (.text:_SlDrvStartMeasureTimeout)
                  2000cbf4    0000001c     rtsv7M4_T_le_eabi.lib : copy_zero_init.c.obj (.text:decompress:ZI:__TI_zero_init_nomemset:__TI_zero_init_nomemset)
                  2000cc10    0000001c                           : memory.c.obj (.text:free_list_remove)
                  2000cc2c    0000001c                           : memccpy.c.obj (.text:memccpy)
                  2000cc48    0000001c     driverlib.a : udma.obj (.text:uDMAChannelEnable)
                  2000cc64    0000001a                 : gpio.obj (.text:GPIOIntEnable)
                  2000cc7e    0000001a                 : pin.obj (.text:PinTypeUART)
                  2000cc98    0000001a                 : spi.obj (.text:SPIDmaDisable)
                  2000ccb2    0000001a                 : spi.obj (.text:SPIDmaEnable)
                  2000cccc    0000001a                 : spi.obj (.text:SPIFIFODisable)
                  2000cce6    0000001a                 : spi.obj (.text:SPIFIFOEnable)
                  2000cd00    0000001a                 : spi.obj (.text:SPIIntUnregister)
                  2000cd1a    00000018                 : gpio.obj (.text:GPIOPinRead)
                  2000cd32    00000018                 : spi.obj (.text:SPICSDisable)
                  2000cd4a    00000018                 : spi.obj (.text:SPICSEnable)
                  2000cd62    00000018                 : spi.obj (.text:SPIDisable)
                  2000cd7a    00000018                 : spi.obj (.text:SPIEnable)
                  2000cd92    00000018                 : uart.obj (.text:UARTCharsAvail)
                  2000cdaa    00000018     simplelink.a : nonos.obj (.text:_SlNonOsSemSet)
                  2000cdc2    00000018     rtsv7M4_T_le_eabi.lib : vsnprintf.c.obj (.text:_outc)
                  2000cdda    00000018                           : sprintf.c.obj (.text:_outs)
                  2000cdf2    00000002     --HOLE-- [fill = 0]
                  2000cdf4    00000018     simplelink.a : device.obj (.text:_sl_GetStartResponseConvert)
                  2000ce0c    00000016     driverlib.a : prcm.obj (.text:PRCMHIBRegRead)
                  2000ce22    00000016                 : prcm.obj (.text:PRCMHIBRegWrite)
                  2000ce38    00000016     simplelink.a : driver.obj (.text:_SlDrvMemZero)
                  2000ce4e    00000016     rtsv7M4_T_le_eabi.lib : strchr.c.obj (.text:strchr)
                  2000ce64    00000014     driverlib.a : cpu.obj (.text:CPUcpsie)
                  2000ce78    00000014                 : gpio.obj (.text:GPIOIntClear)
                  2000ce8c    00000014                 : interrupt.obj (.text:IntVTableBaseSet)
                  2000cea0    00000014     rtsv7M4_T_le_eabi.lib : strcpy.c.obj (.text:strcpy)
                  2000ceb4    00000014                           : strlen.c.obj (.text:strlen)
                  2000cec8    00000012                           : wcslen.c.obj (.text:wcslen)
                  2000ceda    00000010     simplelink.a : driver.obj (.text:_SlDrvDispatchHttpServerEvents)
                  2000ceea    0000000e                  : driver.obj (.text:_SlDrvResetCmdExt)
                  2000cef8    0000000e     rtsv7M4_T_le_eabi.lib : copy_decompress_none.c.obj (.text:decompress:none:__TI_decompress_none)
                  2000cf06    0000000e     startup_ccs.obj (.text)
                  2000cf14    0000000c     simplelink.a : cc_pal.obj (.text:NwpMaskInterrupt)
                  2000cf20    0000000c                  : cc_pal.obj (.text:NwpUnMaskInterrupt)
                  2000cf2c    0000000c     rtsv7M4_T_le_eabi.lib : s_copysign.c.obj (.text:copysign)
                  2000cf38    0000000a     driverlib.a : interrupt.obj (.text:IntMasterEnable)
                  2000cf42    0000000a     rtsv7M4_T_le_eabi.lib : sprintf.c.obj (.text:_outc)
                  2000cf4c    00000008                           : errno.c.obj (.text:__aeabi_errno_addr)
                  2000cf54    00000008                           : memory.c.obj (.text:malloc)
                  2000cf5c    00000006     driverlib.a : utils.obj (.text:UtilsDelay)
                  2000cf62    00000004     rtsv7M4_T_le_eabi.lib : pre_init.c.obj (.text:_system_pre_init)
                  2000cf66    00000004                           : exit.c.obj (.text:abort:abort)

.const     0    2000cf6c    00000614     
                  2000cf6c    00000101     rtsv7M4_T_le_eabi.lib : ctype.c.obj (.const:.string:_ctypes_)
                  2000d06d    00000003     --HOLE-- [fill = 0]
                  2000d070    00000100     driverlib.a : pin.obj (.const:g_ulPinToPadMap)
                  2000d170    000000d4                 : interrupt.obj (.const:g_pulRegs)
                  2000d244    000000a8                 : prcm.obj (.const:PRCM_PeriphRegsList)
                  2000d2ec    0000003c     simplelink.a : driver.obj (.const:OpcodeTranslateTable)
                  2000d328    00000038                  : driver.obj (.const:_SlActionLookupTable)
                  2000d360    00000030     main.obj (.const:.string)
                  2000d390    0000002c     main.obj (.const:$P$T1$2)
                  2000d3bc    00000024     driverlib.a : spi.obj (.const:g_ppulSPIIntMap)
                  2000d3e0    00000022     main.obj (.const:.string:$P$T0$1)
                  2000d402    00000002     --HOLE-- [fill = 0]
                  2000d404    00000020     simplelink.a : driver.obj (.const:RxMsgClassLUT)
                  2000d424    00000018     driverlib.a : interrupt.obj (.const:g_pulDisRegs)
                  2000d43c    00000018                 : interrupt.obj (.const:g_pulEnRegs)
                  2000d454    00000018                 : interrupt.obj (.const:g_pulUnpendRegs)
                  2000d46c    00000018                 : spi.obj (.const:g_ulSPIDmaMaskMap)
                  2000d484    00000015     main.obj (.const:.string:$P$T6$7)
                  2000d499    00000003     --HOLE-- [fill = 0]
                  2000d49c    00000014     simplelink.a : driver.obj (.const:$P$T0$1)
                  2000d4b0    00000014                  : nonos.obj (.const:$P$T0$1)
                  2000d4c4    00000014     main.obj (.const:$P$T2$3)
                  2000d4d8    00000010     simplelink.a : socket.obj (.const:.string:_SlPayloadByProtocolLUT)
                  2000d4e8    0000000c     main.obj (.const:$P$T4$5)
                  2000d4f4    0000000c     main.obj (.const:.string:$P$T3$4)
                  2000d500    00000009     main.obj (.const:.string:$P$T5$6)
                  2000d509    00000008     simplelink.a : device.obj (.const:StartResponseLUT)
                  2000d511    00000003     --HOLE-- [fill = 0]
                  2000d514    00000008                  : driver.obj (.const:g_H2NCnysPattern)
                  2000d51c    00000008                  : driver.obj (.const:g_H2NSyncPattern)
                  2000d524    00000005     main.obj (.const:.string:$P$T7$8)
                  2000d529    00000001     --HOLE-- [fill = 0]
                  2000d52a    00000004     simplelink.a : wlan.obj (.const:$P$T0$1)
                  2000d52e    00000004                  : socket.obj (.const:$P$T2$3)
                  2000d532    00000004                  : device.obj (.const:_SlDeviceGetCmdCtrl)
                  2000d536    00000004                  : device.obj (.const:_SlDeviceSetCmdCtrl)
                  2000d53a    00000004                  : netapp.obj (.const:_SlGetHostByNameCtrl)
                  2000d53e    00000004                  : netapp.obj (.const:_SlNetAppSendTokenValueCmdCtrl)
                  2000d542    00000004                  : netcfg.obj (.const:_SlNetCfgSetCmdCtrl)
                  2000d546    00000004                  : wlan.obj (.const:_SlPolicySetCmdCtrl)
                  2000d54a    00000004                  : wlan.obj (.const:_SlProfileDelCmdCtrl)
                  2000d54e    00000004                  : socket.obj (.const:_SlRecvCmdCtrl)
                  2000d552    00000004                  : netapp.obj (.const:_SlRegisterServiceCtrl)
                  2000d556    00000004                  : wlan.obj (.const:_SlRxFilterSetCmdCtrl)
                  2000d55a    00000004                  : socket.obj (.const:_SlSendCmdCtrl)
                  2000d55e    00000004                  : socket.obj (.const:_SlSetSockOptCmdCtrl)
                  2000d562    00000004                  : socket.obj (.const:_SlSockCloseCmdCtrl)
                  2000d566    00000004                  : socket.obj (.const:_SlSockSocketCmdCtrl)
                  2000d56a    00000004                  : device.obj (.const:_SlStopCmdCtrl)
                  2000d56e    00000004                  : wlan.obj (.const:_SlWlanCfgSetCmdCtrl)
                  2000d572    00000004                  : wlan.obj (.const:_SlWlanSetModeCmdCtrl)
                  2000d576    00000002     --HOLE-- [fill = 0]
                  2000d578    00000004                  : driver.obj (.const:httpServer_callbacks)
                  2000d57c    00000004                  : driver.obj (.const:netApp_callbacks)

.cinit     0    2000d580    00000058     
                  2000d580    00000033     (.cinit..data.load) [load image, compression = lzss]
                  2000d5b3    00000001     --HOLE-- [fill = 0]
                  2000d5b4    0000000c     (__TI_handler_table)
                  2000d5c0    00000008     (.cinit..bss.load) [load image, compression = zero_init]
                  2000d5c8    00000010     (__TI_cinit_table)

.sysmem    0    20017000    00008000     UNINITIALIZED
                  20017000    00000010     rtsv7M4_T_le_eabi.lib : memory.c.obj (.sysmem)
                  20017010    00007ff0     --HOLE--

.bss       0    2001f000    0000021a     UNINITIALIZED
                  2001f000    00000168     simplelink.a : driver.obj (.bss:g_StatMem)
                  2001f168    00000050     (.common:g_ucDinDout)
                  2001f1b8    0000002c     (.common:g_time)
                  2001f1e4    00000024     (.common:g_ucConnectionSSID)
                  2001f208    00000008     (.common:g_ucConnectionBSSID)
                  2001f210    00000004     uart_if.obj (.bss)
                  2001f214    00000001     (.common:RxIrqCnt)
                  2001f215    00000001     (.common:g_bDeviceRestartIsRequired)
                  2001f216    00000001     (.common:g_cDummy)
                  2001f217    00000001     (.common:g_ucLED1Pin)
                  2001f218    00000001     (.common:g_ucLED2Pin)
                  2001f219    00000001     (.common:g_ucLED3Pin)

.data      0    2001f21c    000000a0     UNINITIALIZED
                  2001f21c    0000003c     simplelink.a : nonos.obj (.data:g__SlNonOsCB)
                  2001f258    00000014     gpio_if.obj (.data:ulReg)
                  2001f26c    00000010     main.obj (.data)
                  2001f27c    0000000d     simplelink.a : driver.obj (.data)
                  2001f289    00000003     --HOLE--
                  2001f28c    0000000c     gpio_if.obj (.data)
                  2001f298    00000009     simplelink.a : cc_pal.obj (.data)
                  2001f2a1    00000003     --HOLE--
                  2001f2a4    00000008     rtsv7M4_T_le_eabi.lib : _lock.c.obj (.data:$O1$$)
                  2001f2ac    00000008                           : memory.c.obj (.data:$O1$$)
                  2001f2b4    00000004                           : errno.c.obj (.data)
                  2001f2b8    00000004     simplelink.a : driver.obj (.data:wlan_callbacks)

.stack     0    2002f000    00001000     UNINITIALIZED
                  2002f000    00000004     rtsv7M4_T_le_eabi.lib : boot_cortex_m.c.obj (.stack)
                  2002f004    00000ffc     --HOLE--

__llvm_prf_cnts 
*          0    20017000    00000000     UNINITIALIZED

MODULE SUMMARY

       Module                       code    ro data   rw data
       ------                       ----    -------   -------
    ./
       main.obj                     4864    205       104    
       startup_ccs.obj              14      1024      0      
       gpio_if.obj                  920     0         35     
       uart_if.obj                  636     0         4      
       pinmux.obj                   88      0         0      
       network_common.obj           38      0         0      
    +--+----------------------------+-------+---------+---------+
       Total:                       6560    1229      143    
                                                             
    /Applications/TI/ccs/tools/compiler/ti-cgt-arm_20.2.7.LTS/lib/rtsv7M4_T_le_eabi.lib
       _printfi.c.obj               4835    0         0      
       memory.c.obj                 900     0         8      
       fd_add_t2.asm.obj            438     0         0      
       fd_div_t2.asm.obj            310     0         0      
       fd_cmp_t2.asm.obj            268     0         0      
       ctype.c.obj                  0       257       0      
       fd_mul_t2.asm.obj            252     0         0      
       s_scalbn.c.obj               208     0         0      
       memcpy_t2.asm.obj            156     0         0      
       ull_div_t2.asm.obj           150     0         0      
       vsnprintf.c.obj              136     0         0      
       memset_t2.asm.obj            122     0         0      
       copy_decompress_lzss.c.obj   104     0         0      
       sprintf.c.obj                98      0         0      
       s_frexp.c.obj                92      0         0      
       _ltoa.c.obj                  84      0         0      
       atoi.c.obj                   76      0         0      
       fd_toi_t2.asm.obj            72      0         0      
       autoinit.c.obj               68      0         0      
       i_tofd_t2.asm.obj            46      0         0      
       memmov.c.obj                 40      0         0      
       boot_cortex_m.c.obj          36      0         0      
       copy_zero_init.c.obj         28      0         0      
       memccpy.c.obj                28      0         0      
       strchr.c.obj                 22      0         0      
       strcpy.c.obj                 20      0         0      
       strlen.c.obj                 20      0         0      
       wcslen.c.obj                 18      0         0      
       copy_decompress_none.c.obj   14      0         0      
       errno.c.obj                  8       0         4      
       s_copysign.c.obj             12      0         0      
       _lock.c.obj                  2       0         8      
       exit.c.obj                   4       0         0      
       pre_init.c.obj               4       0         0      
       div0.asm.obj                 2       0         0      
    +--+----------------------------+-------+---------+---------+
       Total:                       8673    257       20     
                                                             
    /Applications/TI/lib/cc3200sdk_1.5.0/cc3200-sdk/driverlib/ccs/Release/driverlib.a
       prcm.obj                     852     168       0      
       interrupt.obj                608     284       0      
       spi.obj                      798     60        0      
       udma.obj                     604     0         0      
       pin.obj                      274     256       0      
       gpio.obj                     388     0         0      
       uart.obj                     284     0         0      
       timer.obj                    210     0         0      
       cpu.obj                      20      0         0      
       utils.obj                    6       0         0      
    +--+----------------------------+-------+---------+---------+
       Total:                       4044    768       0      
                                                             
    /Applications/TI/lib/cc3200sdk_1.5.0/cc3200-sdk/simplelink/ccs/NON_OS_debug/simplelink.a
       driver.obj                   7906    192       379    
       cc_pal.obj                   1960    0         90     
       socket.obj                   1830    40        0      
       netapp.obj                   1572    12        0      
       wlan.obj                     1316    24        0      
       device.obj                   1234    20        0      
       nonos.obj                    416     20        60     
       netcfg.obj                   152     4         0      
    +--+----------------------------+-------+---------+---------+
       Total:                       16386   312       529    
                                                             
       Heap:                        0       0         32768  
       Stack:                       0       0         4096   
       Linker Generated:            0       87        0      
    +--+----------------------------+-------+---------+---------+
       Grand Total:                 35663   2653      37556  


LINKER GENERATED COPY TABLES

__TI_cinit_table @ 2000d5c8 records: 2, size/record: 8, table size: 16
	.data: load addr=2000d580, load size=00000033 bytes, run addr=2001f21c, run size=000000a0 bytes, compression=lzss
	.bss: load addr=2000d5c0, load size=00000008 bytes, run addr=2001f000, run size=0000021a bytes, compression=zero_init


LINKER GENERATED HANDLER TABLE

__TI_handler_table @ 2000d5b4 records: 3, size/record: 4, table size: 12
	index: 0, handler: __TI_decompress_lzss
	index: 1, handler: __TI_decompress_none
	index: 2, handler: __TI_zero_init


GLOBAL SYMBOLS: SORTED ALPHABETICALLY BY Name 

address   name                                  
-------   ----                                  
2000cf67  C$$EXIT                               
2000ce65  CPUcpsie                              
20006d39  ClearTerm                             
2000c995  DmaSpiSwIntHandler                    
20006d43  Error                                 
2000c5ed  GPIODirModeSet                        
2000ce79  GPIOIntClear                          
2000cc65  GPIOIntEnable                         
2000cb29  GPIOIntRegister                       
2000b0c9  GPIOIntTypeSet                        
2000cd1b  GPIOPinRead                           
2000ca69  GPIOPinWrite                          
200069a1  GPIO_IF_ConfigureNIntEnable           
20006a2d  GPIO_IF_Get                           
2000695b  GPIO_IF_GetPortNPin                   
2000671d  GPIO_IF_LedConfigure                  
2000680f  GPIO_IF_LedOff                        
2000675b  GPIO_IF_LedOn                         
200068c3  GPIO_IF_LedStatus                     
2000692d  GPIO_IF_LedToggle                     
200069e9  GPIO_IF_Set                           
20006d7b  GetCmd                                
20006cf9  InitTerm                              
2000a131  IntDisable                            
2000a1d9  IntEnable                             
2000cf39  IntMasterEnable                       
2000ba3d  IntPendClear                          
2000bb9d  IntPrioritySet                        
2000ca89  IntRegister                           
2000c9b9  IntUnregister                         
2000ce8d  IntVTableBaseSet                      
20006d17  Message                               
2000cf15  NwpMaskInterrupt                      
2000c57d  NwpPowerOff                           
2000c625  NwpPowerOn                            
2000afc1  NwpPowerOnPreamble                    
2000caa9  NwpPrePowerOffTimout0                 
2000c3d5  NwpRegisterInterruptHandler           
2000cf21  NwpUnMaskInterrupt                    
2000d2ec  OpcodeTranslateTable                  
200081c9  PRCMCC3200MCUInit                     
2000ce0d  PRCMHIBRegRead                        
2000ce23  PRCMHIBRegWrite                       
2000c859  PRCMPeripheralClkDisable              
2000c48d  PRCMPeripheralClkEnable               
2000a92d  PRCMPeripheralClockGet                
2000ba95  PRCMPeripheralReset                   
2000c659  PRCMPeripheralStatusGet               
2000c781  PRCMSysResetCauseGet                  
2000ae2d  PinConfigSet                          
2000c255  PinModeSet                            
2000baed  PinMuxConfig                          
2000c6c1  PinTypeGPIO                           
2000cc7f  PinTypeUART                           
20006eb9  Report                                
2000cf07  ResetISR                              
2001f214  RxIrqCnt                              
2000cd33  SPICSDisable                          
2000cd4b  SPICSEnable                           
2000a325  SPIConfigSetExpClk                    
2000cd63  SPIDisable                            
2000cc99  SPIDmaDisable                         
2000ccb3  SPIDmaEnable                          
2000cd7b  SPIEnable                             
2000cccd  SPIFIFODisable                        
2000cce7  SPIFIFOEnable                         
2000c68d  SPIFIFOLevelSet                       
2000bfa1  SPIIntClear                           
2000bd91  SPIIntEnable                          
2000cd01  SPIIntUnregister                      
2000ca25  SPIReset                              
2000ca47  SPIWordCountSet                       
200045d5  SimpleLinkGeneralEventHandler         
200045b1  SimpleLinkHttpServerCallback          
2000450f  SimpleLinkNetAppEventHandler          
200045f5  SimpleLinkSockEventHandler            
20004401  SimpleLinkWlanEventHandler            
2000c0bd  TimerConfigure                        
2000cb47  TimerEnable                           
2000cac9  TimerGetCurrentTimestamp              
2000c805  TimerLoadSet                          
2000c82f  TimerPrescaleSet                      
2000cba1  TimerValueGet                         
20006e21  TrimSpace                             
2000cbbd  UARTCharGetNonBlocking                
2000cb65  UARTCharPut                           
2000cd93  UARTCharsAvail                        
2000b3c1  UARTConfigSetExpClk                   
2000c6f1  UARTDisable                           
2000c9dd  UARTEnable                            
2000cf5d  UtilsDelay                            
2000d328  _SlActionLookupTable                  
2000a281  _SlDriverHandleError                  
2000bfe9  _SlDrvBasicCmd                        
20009f0d  _SlDrvCmdOp                           
2000b58d  _SlDrvCmdSend                         
20007425  _SlDrvDataReadOp                      
200084b1  _SlDrvDataWriteOp                     
2000a501  _SlDrvDeviceEventHandler              
2000cedb  _SlDrvDispatchHttpServerEvents        
20008d79  _SlDrvDriverCBDeinit                  
20007b5d  _SlDrvDriverCBInit                    
2000c881  _SlDrvGlobalObjUnLock                 
2000c101  _SlDrvHandleHttpServerEvents          
2000c295  _SlDrvHandleNetAppEvents              
2000c2d5  _SlDrvHandleWlanEvents                
2000ac89  _SlDrvIsTimeoutExpired                
2000ce39  _SlDrvMemZero                         
20009771  _SlDrvMsgReadSpawnCtx                 
20008fc9  _SlDrvNetAppEventHandler              
2000c949  _SlDrvObjLockWaitForever              
2000cae9  _SlDrvObjUnLock                       
2000be29  _SlDrvProtectAsyncRespSetting         
2000c7d9  _SlDrvProtectionObjLockWaitForever    
2000c8a9  _SlDrvProtectionObjUnLock             
20007609  _SlDrvReleasePoolObj                  
2000ceeb  _SlDrvResetCmdExt                     
2000bbf1  _SlDrvRxIrqHandler                    
2000cbd9  _SlDrvStartMeasureTimeout             
2000cb09  _SlDrvSyncObjSignal                   
2000c8d1  _SlDrvSyncObjWaitForever              
2000c145  _SlDrvSyncObjWaitTimeout              
20007ead  _SlDrvWaitForPoolObj                  
2000d53e  _SlNetAppSendTokenValueCmdCtrl        
2000b439  _SlNonOsMainLoopTask                  
2000a081  _SlNonOsSemGet                        
2000cdab  _SlNonOsSemSet                        
2000b6cd  _SlNonOsSpawn                         
20030000  __STACK_END                           
00001000  __STACK_SIZE                          
00008000  __SYSMEM_SIZE                         
2000d5c8  __TI_CINIT_Base                       
2000d5d8  __TI_CINIT_Limit                      
2000d5b4  __TI_Handler_Table_Base               
2000d5c0  __TI_Handler_Table_Limit              
2000c189  __TI_auto_init_nobinit_nopinit        
2000b665  __TI_decompress_lzss                  
2000cef9  __TI_decompress_none                  
2000bc45  __TI_ltoa                             
ffffffff  __TI_pprof_out_hndl                   
20005701  __TI_printfi                          
ffffffff  __TI_prof_data_size                   
ffffffff  __TI_prof_data_start                  
2000d580  __TI_static_base__                    
2000cbf5  __TI_zero_init_nomemset               
2000aeb5  __aeabi_cdcmpeq                       
2000aeb5  __aeabi_cdcmple                       
2000af3b  __aeabi_cdrcmple                      
2000c031  __aeabi_d2iz                          
200079af  __aeabi_dadd                          
20008b0d  __aeabi_ddiv                          
200091cd  __aeabi_dmul                          
200079a5  __aeabi_dsub                          
2000cf4d  __aeabi_errno_addr                    
2000c751  __aeabi_i2d                           
20008c43  __aeabi_idiv0                         
20008c43  __aeabi_ldiv0                         
2000b2cd  __aeabi_memclr                        
2000b2cd  __aeabi_memclr4                       
2000b2cd  __aeabi_memclr8                       
2000a465  __aeabi_memcpy                        
2000a465  __aeabi_memcpy4                       
2000a465  __aeabi_memcpy8                       
2000b2cf  __aeabi_memset                        
2000b2cf  __aeabi_memset4                       
2000b2cf  __aeabi_memset8                       
2000a895  __aeabi_uldivmod                      
ffffffff  __binit__                             
ffffffff  __c_args__                            
UNDEFED   __mpu_init                            
2002f000  __stack                               
20017000  __start___llvm_prf_cnts               
20017000  __stop___llvm_prf_cnts                
2000ca01  _c_int00_noargs                       
2000cf6c  _ctypes_                              
2001f2a4  _lock                                 
20007b5b  _nop                                  
2000b731  _sl_HandleAsync_Accept                
2000b14d  _sl_HandleAsync_Connect               
2000a9c1  _sl_HandleAsync_DnsGetHostByName      
20009cb1  _sl_HandleAsync_DnsGetHostByService   
2000ad15  _sl_HandleAsync_InitComplete          
2000aa51  _sl_HandleAsync_PingResponse          
2000bc99  _sl_HandleAsync_Select                
2000bd41  _sl_HandleAsync_Stop                  
2000b5f9  _sl_NetAppSendTokenValue              
20017000  _sys_memory                           
UNDEFED   _system_post_cinit                    
2000cf63  _system_pre_init                      
2001f2a8  _unlock                               
2000cf67  abort                                 
200090cd  aligned_alloc                         
2000bec1  atoi                                  
ffffffff  binit                                 
2000cf2d  copysign                              
2000cf2d  copysignl                             
2001f2b4  errno                                 
20009859  free                                  
2000b9e1  frexp                                 
2000b9e1  frexpl                                
2001f278  g_Host                                
2001f27c  g_SlDeviceStatus                      
2001f298  g_SpiFd                               
2001f21c  g__SlNonOsCB                          
2001f215  g_bDeviceRestartIsRequired            
2001f216  g_cDummy                              
2001f280  g_pCB                                 
2001f29c  g_pHostIntHdl                         
20004000  g_pfnVectors                          
2001f1b8  g_time                                
2001f208  g_ucConnectionBSSID                   
2001f1e4  g_ucConnectionSSID                    
2001f2a0  g_ucDMAEnabled                        
2001f168  g_ucDinDout                           
2001f217  g_ucLED1Pin                           
2001f218  g_ucLED2Pin                           
2001f219  g_ucLED3Pin                           
2001f28c  g_uiLED1Port                          
2001f290  g_uiLED2Port                          
2001f294  g_uiLED3Port                          
2001f274  g_ulGatewayIP                         
2001f270  g_ulPingPacketsRecv                   
2001f26c  g_ulStatus                            
20009be1  ldexp                                 
20009be1  ldexpl                                
200050ed  main                                  
2000cf55  malloc                                
200090cd  memalign                              
2000cc2d  memccpy                               
2000a465  memcpy                                
2000c921  memmove                               
2000b2d5  memset                                
2001f284  pPingCallBackFunc                     
20004d49  printErrConvenience                   
2000993d  realloc                               
20009be1  scalbn                                
20009be1  scalbnl                               
2000c4c9  simplelink_timerA2_start              
2000b8c1  sl_Close                              
2000803d  sl_Connect                            
20009d7d  sl_DevGet                             
2000a59d  sl_DevSet                             
2000c211  sl_Htonl                              
2000c505  sl_Htons                              
2000888d  sl_NetAppDnsGetHostByName             
20009a21  sl_NetAppMDNSRegisterUnregisterService
2000b795  sl_NetAppMDNSUnRegisterService        
2000a635  sl_NetCfgSet                          
2000c96f  sl_Provisioning_HttpServerEventHdl    
2000c97d  sl_Provisioning_NetAppEventHdl        
2000c989  sl_Provisioning_WlanEventHdl          
2000a3c5  sl_Recv                               
20008c45  sl_Send                               
2000a6cd  sl_SetSockOpt                         
2000ada1  sl_Socket                             
200092c9  sl_Start                              
200093b9  sl_Stop                               
20006a79  sl_WlanConnect                        
2000c5b5  sl_WlanDisconnect                     
2000aae1  sl_WlanPolicySet                      
2000b921  sl_WlanProfileDel                     
2000b045  sl_WlanRxFilterSet                    
2000a765  sl_WlanSet                            
2000b981  sl_WlanSetMode                        
2000b349  spi_Close                             
20008601  spi_Open                              
200094a9  spi_Read                              
2000a7fd  spi_Write                             
2000c355  sprintf                               
2000ce4f  strchr                                
2000cea1  strcpy                                
2000ceb5  strlen                                
2000bf0d  uDMAChannelAssign                     
2000b7f9  uDMAChannelAttributeDisable           
2000b85d  uDMAChannelAttributeEnable            
2000c541  uDMAChannelControlSet                 
2000cc49  uDMAChannelEnable                     
20009599  uDMAChannelTransferSet                
2000c395  vsnprintf                             
2000cec9  wcslen                                


GLOBAL SYMBOLS: SORTED BY Symbol Address 

address   name                                  
-------   ----                                  
00001000  __STACK_SIZE                          
00008000  __SYSMEM_SIZE                         
20004000  g_pfnVectors                          
20004401  SimpleLinkWlanEventHandler            
2000450f  SimpleLinkNetAppEventHandler          
200045b1  SimpleLinkHttpServerCallback          
200045d5  SimpleLinkGeneralEventHandler         
200045f5  SimpleLinkSockEventHandler            
20004d49  printErrConvenience                   
200050ed  main                                  
20005701  __TI_printfi                          
2000671d  GPIO_IF_LedConfigure                  
2000675b  GPIO_IF_LedOn                         
2000680f  GPIO_IF_LedOff                        
200068c3  GPIO_IF_LedStatus                     
2000692d  GPIO_IF_LedToggle                     
2000695b  GPIO_IF_GetPortNPin                   
200069a1  GPIO_IF_ConfigureNIntEnable           
200069e9  GPIO_IF_Set                           
20006a2d  GPIO_IF_Get                           
20006a79  sl_WlanConnect                        
20006cf9  InitTerm                              
20006d17  Message                               
20006d39  ClearTerm                             
20006d43  Error                                 
20006d7b  GetCmd                                
20006e21  TrimSpace                             
20006eb9  Report                                
20007425  _SlDrvDataReadOp                      
20007609  _SlDrvReleasePoolObj                  
200079a5  __aeabi_dsub                          
200079af  __aeabi_dadd                          
20007b5b  _nop                                  
20007b5d  _SlDrvDriverCBInit                    
20007ead  _SlDrvWaitForPoolObj                  
2000803d  sl_Connect                            
200081c9  PRCMCC3200MCUInit                     
200084b1  _SlDrvDataWriteOp                     
20008601  spi_Open                              
2000888d  sl_NetAppDnsGetHostByName             
20008b0d  __aeabi_ddiv                          
20008c43  __aeabi_idiv0                         
20008c43  __aeabi_ldiv0                         
20008c45  sl_Send                               
20008d79  _SlDrvDriverCBDeinit                  
20008fc9  _SlDrvNetAppEventHandler              
200090cd  aligned_alloc                         
200090cd  memalign                              
200091cd  __aeabi_dmul                          
200092c9  sl_Start                              
200093b9  sl_Stop                               
200094a9  spi_Read                              
20009599  uDMAChannelTransferSet                
20009771  _SlDrvMsgReadSpawnCtx                 
20009859  free                                  
2000993d  realloc                               
20009a21  sl_NetAppMDNSRegisterUnregisterService
20009be1  ldexp                                 
20009be1  ldexpl                                
20009be1  scalbn                                
20009be1  scalbnl                               
20009cb1  _sl_HandleAsync_DnsGetHostByService   
20009d7d  sl_DevGet                             
20009f0d  _SlDrvCmdOp                           
2000a081  _SlNonOsSemGet                        
2000a131  IntDisable                            
2000a1d9  IntEnable                             
2000a281  _SlDriverHandleError                  
2000a325  SPIConfigSetExpClk                    
2000a3c5  sl_Recv                               
2000a465  __aeabi_memcpy                        
2000a465  __aeabi_memcpy4                       
2000a465  __aeabi_memcpy8                       
2000a465  memcpy                                
2000a501  _SlDrvDeviceEventHandler              
2000a59d  sl_DevSet                             
2000a635  sl_NetCfgSet                          
2000a6cd  sl_SetSockOpt                         
2000a765  sl_WlanSet                            
2000a7fd  spi_Write                             
2000a895  __aeabi_uldivmod                      
2000a92d  PRCMPeripheralClockGet                
2000a9c1  _sl_HandleAsync_DnsGetHostByName      
2000aa51  _sl_HandleAsync_PingResponse          
2000aae1  sl_WlanPolicySet                      
2000ac89  _SlDrvIsTimeoutExpired                
2000ad15  _sl_HandleAsync_InitComplete          
2000ada1  sl_Socket                             
2000ae2d  PinConfigSet                          
2000aeb5  __aeabi_cdcmpeq                       
2000aeb5  __aeabi_cdcmple                       
2000af3b  __aeabi_cdrcmple                      
2000afc1  NwpPowerOnPreamble                    
2000b045  sl_WlanRxFilterSet                    
2000b0c9  GPIOIntTypeSet                        
2000b14d  _sl_HandleAsync_Connect               
2000b2cd  __aeabi_memclr                        
2000b2cd  __aeabi_memclr4                       
2000b2cd  __aeabi_memclr8                       
2000b2cf  __aeabi_memset                        
2000b2cf  __aeabi_memset4                       
2000b2cf  __aeabi_memset8                       
2000b2d5  memset                                
2000b349  spi_Close                             
2000b3c1  UARTConfigSetExpClk                   
2000b439  _SlNonOsMainLoopTask                  
2000b58d  _SlDrvCmdSend                         
2000b5f9  _sl_NetAppSendTokenValue              
2000b665  __TI_decompress_lzss                  
2000b6cd  _SlNonOsSpawn                         
2000b731  _sl_HandleAsync_Accept                
2000b795  sl_NetAppMDNSUnRegisterService        
2000b7f9  uDMAChannelAttributeDisable           
2000b85d  uDMAChannelAttributeEnable            
2000b8c1  sl_Close                              
2000b921  sl_WlanProfileDel                     
2000b981  sl_WlanSetMode                        
2000b9e1  frexp                                 
2000b9e1  frexpl                                
2000ba3d  IntPendClear                          
2000ba95  PRCMPeripheralReset                   
2000baed  PinMuxConfig                          
2000bb9d  IntPrioritySet                        
2000bbf1  _SlDrvRxIrqHandler                    
2000bc45  __TI_ltoa                             
2000bc99  _sl_HandleAsync_Select                
2000bd41  _sl_HandleAsync_Stop                  
2000bd91  SPIIntEnable                          
2000be29  _SlDrvProtectAsyncRespSetting         
2000bec1  atoi                                  
2000bf0d  uDMAChannelAssign                     
2000bfa1  SPIIntClear                           
2000bfe9  _SlDrvBasicCmd                        
2000c031  __aeabi_d2iz                          
2000c0bd  TimerConfigure                        
2000c101  _SlDrvHandleHttpServerEvents          
2000c145  _SlDrvSyncObjWaitTimeout              
2000c189  __TI_auto_init_nobinit_nopinit        
2000c211  sl_Htonl                              
2000c255  PinModeSet                            
2000c295  _SlDrvHandleNetAppEvents              
2000c2d5  _SlDrvHandleWlanEvents                
2000c355  sprintf                               
2000c395  vsnprintf                             
2000c3d5  NwpRegisterInterruptHandler           
2000c48d  PRCMPeripheralClkEnable               
2000c4c9  simplelink_timerA2_start              
2000c505  sl_Htons                              
2000c541  uDMAChannelControlSet                 
2000c57d  NwpPowerOff                           
2000c5b5  sl_WlanDisconnect                     
2000c5ed  GPIODirModeSet                        
2000c625  NwpPowerOn                            
2000c659  PRCMPeripheralStatusGet               
2000c68d  SPIFIFOLevelSet                       
2000c6c1  PinTypeGPIO                           
2000c6f1  UARTDisable                           
2000c751  __aeabi_i2d                           
2000c781  PRCMSysResetCauseGet                  
2000c7d9  _SlDrvProtectionObjLockWaitForever    
2000c805  TimerLoadSet                          
2000c82f  TimerPrescaleSet                      
2000c859  PRCMPeripheralClkDisable              
2000c881  _SlDrvGlobalObjUnLock                 
2000c8a9  _SlDrvProtectionObjUnLock             
2000c8d1  _SlDrvSyncObjWaitForever              
2000c921  memmove                               
2000c949  _SlDrvObjLockWaitForever              
2000c96f  sl_Provisioning_HttpServerEventHdl    
2000c97d  sl_Provisioning_NetAppEventHdl        
2000c989  sl_Provisioning_WlanEventHdl          
2000c995  DmaSpiSwIntHandler                    
2000c9b9  IntUnregister                         
2000c9dd  UARTEnable                            
2000ca01  _c_int00_noargs                       
2000ca25  SPIReset                              
2000ca47  SPIWordCountSet                       
2000ca69  GPIOPinWrite                          
2000ca89  IntRegister                           
2000caa9  NwpPrePowerOffTimout0                 
2000cac9  TimerGetCurrentTimestamp              
2000cae9  _SlDrvObjUnLock                       
2000cb09  _SlDrvSyncObjSignal                   
2000cb29  GPIOIntRegister                       
2000cb47  TimerEnable                           
2000cb65  UARTCharPut                           
2000cba1  TimerValueGet                         
2000cbbd  UARTCharGetNonBlocking                
2000cbd9  _SlDrvStartMeasureTimeout             
2000cbf5  __TI_zero_init_nomemset               
2000cc2d  memccpy                               
2000cc49  uDMAChannelEnable                     
2000cc65  GPIOIntEnable                         
2000cc7f  PinTypeUART                           
2000cc99  SPIDmaDisable                         
2000ccb3  SPIDmaEnable                          
2000cccd  SPIFIFODisable                        
2000cce7  SPIFIFOEnable                         
2000cd01  SPIIntUnregister                      
2000cd1b  GPIOPinRead                           
2000cd33  SPICSDisable                          
2000cd4b  SPICSEnable                           
2000cd63  SPIDisable                            
2000cd7b  SPIEnable                             
2000cd93  UARTCharsAvail                        
2000cdab  _SlNonOsSemSet                        
2000ce0d  PRCMHIBRegRead                        
2000ce23  PRCMHIBRegWrite                       
2000ce39  _SlDrvMemZero                         
2000ce4f  strchr                                
2000ce65  CPUcpsie                              
2000ce79  GPIOIntClear                          
2000ce8d  IntVTableBaseSet                      
2000cea1  strcpy                                
2000ceb5  strlen                                
2000cec9  wcslen                                
2000cedb  _SlDrvDispatchHttpServerEvents        
2000ceeb  _SlDrvResetCmdExt                     
2000cef9  __TI_decompress_none                  
2000cf07  ResetISR                              
2000cf15  NwpMaskInterrupt                      
2000cf21  NwpUnMaskInterrupt                    
2000cf2d  copysign                              
2000cf2d  copysignl                             
2000cf39  IntMasterEnable                       
2000cf4d  __aeabi_errno_addr                    
2000cf55  malloc                                
2000cf5d  UtilsDelay                            
2000cf63  _system_pre_init                      
2000cf67  C$$EXIT                               
2000cf67  abort                                 
2000cf6c  _ctypes_                              
2000d2ec  OpcodeTranslateTable                  
2000d328  _SlActionLookupTable                  
2000d53e  _SlNetAppSendTokenValueCmdCtrl        
2000d580  __TI_static_base__                    
2000d5b4  __TI_Handler_Table_Base               
2000d5c0  __TI_Handler_Table_Limit              
2000d5c8  __TI_CINIT_Base                       
2000d5d8  __TI_CINIT_Limit                      
20017000  __start___llvm_prf_cnts               
20017000  __stop___llvm_prf_cnts                
20017000  _sys_memory                           
2001f168  g_ucDinDout                           
2001f1b8  g_time                                
2001f1e4  g_ucConnectionSSID                    
2001f208  g_ucConnectionBSSID                   
2001f214  RxIrqCnt                              
2001f215  g_bDeviceRestartIsRequired            
2001f216  g_cDummy                              
2001f217  g_ucLED1Pin                           
2001f218  g_ucLED2Pin                           
2001f219  g_ucLED3Pin                           
2001f21c  g__SlNonOsCB                          
2001f26c  g_ulStatus                            
2001f270  g_ulPingPacketsRecv                   
2001f274  g_ulGatewayIP                         
2001f278  g_Host                                
2001f27c  g_SlDeviceStatus                      
2001f280  g_pCB                                 
2001f284  pPingCallBackFunc                     
2001f28c  g_uiLED1Port                          
2001f290  g_uiLED2Port                          
2001f294  g_uiLED3Port                          
2001f298  g_SpiFd                               
2001f29c  g_pHostIntHdl                         
2001f2a0  g_ucDMAEnabled                        
2001f2a4  _lock                                 
2001f2a8  _unlock                               
2001f2b4  errno                                 
2002f000  __stack                               
20030000  __STACK_END                           
ffffffff  __TI_pprof_out_hndl                   
ffffffff  __TI_prof_data_size                   
ffffffff  __TI_prof_data_start                  
ffffffff  __binit__                             
ffffffff  __c_args__                            
ffffffff  binit                                 
UNDEFED   __mpu_init                            
UNDEFED   _system_post_cinit                    

[280 symbols]
